01-17 01:09:27.233  7257 11107 D HiDecision: AwarenessEventService: cannot find trace id, generate dummy reporter!
01-17 01:09:27.228 31254 31254 W ssioncontroller: type=1400 audit(0.0:6412): avc: denied { read } for name="u:object_r:hwagp_window_blur_effect_prop:s0" dev="tmpfs" ino=390 scontext=u:r:permissioncontroller_app:s0:c43,c256,c512,c768 tcontext=u:object_r:hwagp_window_blur_effect_prop:s0 tclass=file permissive=0 app=com.android.permissioncontroller
01-17 01:09:27.233  4623  4940 I AssController: getAssistantList func:WS_Video
01-17 01:09:27.233  4222  4255 D HwAppAssistantUtils: WS_Video: []
01-17 01:09:27.233  8045  8098 D HiTouch_PressGestureDetector: onAttached, package=com.soulmate, windowType=1, mIsHiTouchRestricted=false
01-17 01:09:27.233  7257 11107 I HiDecision: FrequencyControlUtil: Current lmt config version is 100005038
01-17 01:09:27.234  7257 11107 D HiDecision: RecommendServices: category,dataId : RecentAppChange,[subscribeRegister]
01-17 01:09:27.234  7257 11107 D HiDecision: QueryIntentServices: category,dataId : RecentAppChange,[subscribeRegister]
01-17 01:09:27.234  7257 11107 D HiDecision: RecommendSystem: category,dataId : RecentAppChange,[subscribeRegister]
01-17 01:09:27.234  7257 11107 D HiDecision: RecEngine: category,dataId : RecentAppChange,[subscribeRegister]
01-17 01:09:27.234  7257 11107 D HiDecision: PpsRerank: category,dataId : RecentAppChange,[subscribeRegister]
01-17 01:09:27.234  7257 11107 I HiDecision: FrequencyControlUtil: Current lmt config version is 100005038
01-17 01:09:27.234  1881 22969 D HwNetworkManagementService: code == CODE_SET_CHR_REPORT_APP_LIST
01-17 01:09:27.234   909   909 I OemNetd : setChrAppUid(10, 10043)
01-17 01:09:27.234  7257  7778 I HiDecision: DfEventConsumer: Handle business event: RecentAppChange
01-17 01:09:27.235  4565  4905 D ScenarioService: front pkg : com.android.permissioncontroller launcher: false
01-17 01:09:27.235  4565  4905 D ScenarioService: new above launcher front pkgs: [com.soulmate, com.android.permissioncontroller]
01-17 01:09:27.235  4565  4905 I AppsUsage: scnOff: false FgAPP: com.android.permissioncontroller BgAPP: com.soulmate
01-17 01:09:27.235  1881 22969 I HwNetworkManagementService: chr appuid set succeeded
01-17 01:09:27.236  4565  4905 I ScenarioService: app focus change from: com.soulmate to:com.android.permissioncontroller
01-17 01:09:27.236  4623  6727 I Collector: HandleRawWifiInfo: flag:0, netId:0!
01-17 01:09:27.236  4623  6727 I Collector: HandleRawWifiInfo: flag:0, netId:0!
01-17 01:09:27.236  4623  6727 I Collector: HandleRawWifiInfo: flag:0, netId:0!
01-17 01:09:27.236   993   993 D AudioPolicyService: getUidState(10173) cacheIter->second.first, return cacheIter->second.second(6)
01-17 01:09:27.236  4565  5327 I PG_ash  : 1881 binder call 7257
01-17 01:09:27.236  4565  5327 I PG_ash  : com.huawei.recsys BinderCallState: true, nextBinderCallTriggeringTime:12903139
01-17 01:09:27.236  4565  5327 I PG_ash  : front pkg : com.android.permissioncontroller
01-17 01:09:27.236  4565  5327 I PG_ash  : Visible app changed pkg : com.android.permissioncontroller, visible: true
01-17 01:09:27.237  4565  5327 I PG_ash  : pkg com.huawei.hiai calling: com.huawei.recsys, pid: 7257 ,type: bindservice
01-17 01:09:27.237  1881  2203 D ActivityManager: setPrivilegeType serviceRecord: ServiceRecord{cf653ed u0 com.huawei.recsys/com.huawei.atom.awareness.service.AwarenessEventService}, interfaceDescriptor: , shouldSetPrivType: false
01-17 01:09:27.237  4565  5597 I PGServer: report state:10000 event type:2 pid:0 uid:0 pkg:com.soulmate to pid: 4623
01-17 01:09:27.237  1881  2203 W Looper  : Slow dispatch took 10ms TaskFwk:TaskSchedulerWORKER h=android.os.task.SysTaskHandler$1 c=com.android.server.am.ActiveServices$6@f39d37a m=0
01-17 01:09:27.238  4565  5597 I PGServer: report state:10000 event type:2 pid:0 uid:0 pkg:com.soulmate to pid: 1881
01-17 01:09:27.238  4565  5597 I PGServer: report state:10000 event type:2 pid:0 uid:0 pkg:com.soulmate to pid: 4565
01-17 01:09:27.238  4565  5597 I SceneReceiver: state type: 10000 eventType:2 pid:0 uid:0 pkg:com.soulmate
01-17 01:09:27.238  1881  2200 I HmCameraWhiteListUtils: getDownloadCfgFile dir:/data/cota/para/thirdappfilter/third_app_filter.xml
01-17 01:09:27.238  4565  5597 D ApsPgPlug: APK: onStateChanged stateType: 10000, pkg:com.soulmate
01-17 01:09:27.238  4565  5597 I PGServer: report state:10000 event type:1 pid:0 uid:0 pkg:com.android.permissioncontroller to pid: 4623
01-17 01:09:27.238  4565  5597 I PGServer: report state:10000 event type:1 pid:0 uid:0 pkg:com.android.permissioncontroller to pid: 1881
01-17 01:09:27.238  4565  5597 I PGServer: report state:10000 event type:1 pid:0 uid:0 pkg:com.android.permissioncontroller to pid: 4565
01-17 01:09:27.238  4565  5597 I SceneReceiver: state type: 10000 eventType:1 pid:0 uid:0 pkg:com.android.permissioncontroller
01-17 01:09:27.238  4565  5597 D ApsPgPlug: APK: onStateChanged stateType: 10000, pkg:com.android.permissioncontroller
01-17 01:09:27.238  4623  4894 I NetPredictEngine: ObserveState processMessage 11
01-17 01:09:27.239  4623  4894 I NetPredictEngine: Parent processMessage 11
01-17 01:09:27.239  4623  4894 I NetPredictEngine: Parent: active app change, old packageName: com.huawei.android.launcher, new packageName: com.soulmate
01-17 01:09:27.239  1881 22969 V ActivityManager: Bringing down ServiceRecord{cf653ed u0 com.huawei.recsys/com.huawei.atom.awareness.service.AwarenessEventService} android.content.Intent$FilterComparison@424a9592
01-17 01:09:27.239  1881 22969 V ActivityManager: java.lang.RuntimeException
01-17 01:09:27.239  1881 22969 V ActivityManager: 	at com.android.server.am.ActiveServices.bringDownServiceLocked(ActiveServices.java:4740)
01-17 01:09:27.239  1881 22969 V ActivityManager: 	at com.android.server.am.ActiveServices.bringDownServiceIfNeededLocked(ActiveServices.java:4625)
01-17 01:09:27.239  1881 22969 V ActivityManager: 	at com.android.server.am.ActiveServices.removeConnectionLocked(ActiveServices.java:5019)
01-17 01:09:27.239  1881 22969 V ActivityManager: 	at com.android.server.am.ActiveServices.unbindServiceLocked(ActiveServices.java:3384)
01-17 01:09:27.239  1881 22969 V ActivityManager: 	at com.android.server.am.ActivityManagerService.unbindService(ActivityManagerService.java:13768)
01-17 01:09:27.239  1881 22969 V ActivityManager: 	at android.app.IActivityManager$Stub.onTransact(IActivityManager.java:2784)
01-17 01:09:27.239  1881 22969 V ActivityManager: 	at com.android.server.am.ActivityManagerService.onTransact(ActivityManagerService.java:2933)
01-17 01:09:27.239  1881 22969 V ActivityManager: 	at com.android.server.am.HwActivityManagerService.onTransact(HwActivityManagerService.java:410)
01-17 01:09:27.239  1881 22969 V ActivityManager: 	at android.os.Binder.execTransactInternal(Binder.java:1197)
01-17 01:09:27.239  1881 22969 V ActivityManager: 	at android.os.Binder.execTransact(Binder.java:1156)
01-17 01:09:27.239  1005  1324 I Layer   : com.soulmate/com.soulmate.ui.test.ASRTestActivity#1609: created
01-17 01:09:27.240   993   993 D AudioFlinger: setParameters(): io 0, keyvalue debug log is close, calling pid 4565 calling uid 1000
01-17 01:09:27.240   966  1002 I audio_dts_parser: [get_config_value:44]: get value success
01-17 01:09:27.240   966  1002 I audio_dts_parser: [get_config_value:44]: get value success
01-17 01:09:27.241  4565  4619 I PGServer: checkPkgType. calling pkg: android
01-17 01:09:27.241  1005  1326 D surfaceflinger: DoWinFrameOptStatusRecog begin to recog Layer result=2
01-17 01:09:27.241  4623  4894 I NsaPowerConsumptionMonitor: isAreaSaSwitchOn, nrOptionMode = 3, nrOptionAutoMode = 0
01-17 01:09:27.241  1881 23015 I DE J DES: [effect] Pg pkg:com.android.permissioncontroller
01-17 01:09:27.241  4623  4894 I UidCloseNrStateMachine: enter uidStateChanged, ForeGrountApp=com.soulmate, mIsCallOn=false, mIsUsbPlugged=true, openLowPowerSwitch=true, lteQoeSlowState=false, powerPerformanceMode=2, isOpenAreaSaSwitch=false, isSpeedSensitivityApp=false
01-17 01:09:27.241 31254 31254 E HwVrServiceManagerImpl: client service is not alive.
01-17 01:09:27.241  4623  4894 I OllieMsgCenter: publishEvt=2130771969
01-17 01:09:27.241  4623  4894 I OllieMsgCenter: publishEvt=2130771985
01-17 01:09:27.241  4623  4894 D DollieActivityManagerAdapter: [Paused] pid:8045 uid:10276 ComponentInfo{com.soulmate/com.soulmate.ui.test.ASRTestActivity} uidState:2
01-17 01:09:27.241  1881 23015 D HwConnectivityManagerImpl: startappqoednscollection action =0timer =1000
01-17 01:09:27.242  4623  4894 I SpeedTestNotifier: Speed test app is back Activity
01-17 01:09:27.242 31254 31254 I HwPermissionManager: create HwPermissionManager
01-17 01:09:27.242 20358  8014 I HiAdKit.DC.PersistentMessageCenter:  notifyMessage com.huawei.hwid_app_switch_from_to_intent
01-17 01:09:27.243  4623  4894 I SmartDualCardConfig: getAppType,pkgName=com.soulmate,appType=-1
01-17 01:09:27.243  4623  4894 E SmartDualCardConfig: isAppInBlackList false,items==null
01-17 01:09:27.243  1881  4957 I Restriction_RestrictionDispatcher: registerRestrictionAppListener: RESTRICTED_APP callingUid: 10043
01-17 01:09:27.243  1881  4944 I WindowManager: Checking 1 opening apps (frozen=false timeout=false)...
01-17 01:09:27.243  1881  4944 I WindowManager: Check opening app=ActivityRecord{5be4bd4 u0 com.android.permissioncontroller/.permission.ui.GrantPermissionsActivity t17}: allDrawn=false startingDisplayed=false startingMoved=false isRelaunching()=false mStartingWindow=null isOneStepWindowChanging=falseisOpenCombinationSplitScreen=false shouldWaitCombine=false
01-17 01:09:27.243  4222  4255 I HwAppAssistantUtils: com.android.permissioncontroller, isInGameSpace: false, isSupportBuoy: false
01-17 01:09:27.243  4222  4255 I CapsuleManager: onAppSwitch package=com.android.permissioncontroller, current=com.soulmate
01-17 01:09:27.243  4623  4894 I BoosterProps: isCloudPropEnable, propName is:hw_sc.tx_power_ctrl, propValue is:false, default value is:false
01-17 01:09:27.244  4623  4894 I PowerMsgAdapter: addUidChanged uid: 10276
01-17 01:09:27.244  4623  4894 D RfollieService: handleForeGroundAppChange not ForeGround APP compName com.soulmate
01-17 01:09:27.244  4623  4894 D ForegroundDataOpt: is APK changed:true uid:10276 mBgLimitLevel:0
01-17 01:09:27.244 20358  8006 I HiAdKit.DC.CommonSystemUtil:  isDeviceProvisioned: true
01-17 01:09:27.244  4623  4894 E Booster_MatterAppRecommend: [isMatterActivity]invalid mMatterActivitiesConfig
01-17 01:09:27.244  4623  4894 I OllieFeatureManager: DollieChr EVENT_OLLIE_ACTIVITY_CHANGED
01-17 01:09:27.244  4623  4894 I OllieMsgCenter: publishEvt=2134966274
01-17 01:09:27.244  4623  4894 I OllieMsgCenter: publishEvt=2135097350
01-17 01:09:27.244  4623  4894 I ForegroundDataOpt: mCurUid changed to 10276
01-17 01:09:27.244  4623  4894 I HcPreDnsQueryCtrl: EVENT_APPINFO_ACTION_UID_STATE_CHANGED
01-17 01:09:27.244  4623  4894 I HcPreDnsQueryCtrl: mForeAppPackageName update=com.soulmate
01-17 01:09:27.244  4623  4894 I AppStallManager: OllieInternalEvtConsts.EVENT_APPINFO_ACTION_UID_STATE_CHANGED
01-17 01:09:27.244 20358  8006 I HiAdKit.DC.ACREntry:  oobe: false
01-17 01:09:27.245  8045  8045 D BufferQueueCore: BufferQueueCore: mDebugHwFlow=0, mIsBufferQueueLogVSupport=0.
01-17 01:09:27.245 20358  7939 I HiAdKit.DC.AppDataCollectionProvider:  execute cmd: 5
01-17 01:09:27.245 20358  7939 I HiAdKit.DC.AppDataCollectionManager:  report third
01-17 01:09:27.245  1881  2189 D CompatibilityChangeReporter: Compat change id reported: 158002302; UID 10276; state: ENABLED
01-17 01:09:27.245   993   993 D AudioPolicyService: getUidState(10173) cacheIter->second.first, return cacheIter->second.second(3)
01-17 01:09:27.246  1881  2074 W [SECURITY]: [HPS][DEFAULT][HwPermissionService]: getOneTimePermissionControlInfo() called by callingPackageName=[com.android.permissioncontroller], this method has been deprecated
01-17 01:09:27.246  1005  1324 W ServiceManager: Permission failure: android.permission.ACCESS_SURFACE_FLINGER from uid=10276 pid=8045
01-17 01:09:27.247  1005  1324 D PermissionCache: checking android.permission.ACCESS_SURFACE_FLINGER for uid=10276 => denied (1730 us)
01-17 01:09:27.247 20358  7939 W fwkit_kims: [fwkit KIMSServiceController.java:61] Can't find the specific package.
01-17 01:09:27.247  4727  8105 I HiAdKit.PpsCoreService.Cmd:  isCmdAllowAccess rom: true permitRegion: 1
01-17 01:09:27.247  4727  8105 I HiAdKit.PpsCoreService.Cmd:  call method: reportConsent
01-17 01:09:27.247  4727  8105 I HiAdKit.PpsCoreService.Cmd:  callerPkg: com.huawei.hwid
01-17 01:09:27.247  1005  1324 W ServiceManager: Permission failure: android.permission.ROTATE_SURFACE_FLINGER from uid=10276 pid=8045
01-17 01:09:27.247  1005  1324 D PermissionCache: checking android.permission.ROTATE_SURFACE_FLINGER for uid=10276 => denied (311 us)
01-17 01:09:27.247 20358  7939 I HiAdKit.DC.AppDataCollectionManager:  aop is true
01-17 01:09:27.248  4623  4894 D DsduChr : uid=10276, isTrafficFree=false, isUsingFreeTraffic=false
01-17 01:09:27.249  4623  4894 I BoosterProps: isCloudPropEnable, propName is:hw_sc.sa_4r_2r_handover, propValue is:true, default value is:false
01-17 01:09:27.249  4623  4894 I Power2r4rHandover: 4rTo2rCondition, usbStatus = true, foreGrountApp = com.soulmate, 4rTo2rCtrlRule = 1, is4rTo2rCheck = false, batteryMode = 1, mIs4r2rHandover = false
01-17 01:09:27.251  7257  7778 W HiDecision: DecisionflowEngineExecutionListenerImpl: requestTemplateId is empty
01-17 01:09:27.252  7257  7778 I HiDecision: DecisionflowEngine: activate active instance num:1, new instance num:2
01-17 01:09:27.253 31254 31254 I PermissionControllerSdk: AppPermissionConfigDAO:cacheAppPermissionControl size : 1
01-17 01:09:27.253 31254 31254 I PermissionControllerSdk: PermissionReasonImpl:com.soulmate  getDisplayReason():0
01-17 01:09:27.253  7257  7778 D HiDecision: SwitchManager: auto_test switch on? result is: false
01-17 01:09:27.253  7257  7777 I HiDecision: DecisionflowInstance: (enter_jumpToSettingsScene_instanceId34434d, 1003) execute
01-17 01:09:27.254  7257  7779 I HiDecision: DecisionflowInstance: (intentAnalysis_intentRec319618, 300005) start
01-17 01:09:27.254  7257  7777 D HiDecision: DecisionflowInstance: (enter_jumpToSettingsScene_instanceId34434d, 1003) is waiting for next event.
01-17 01:09:27.254  8045  8075 I com.soulmate: package[com.soulmate] pid[8045] game[0]
01-17 01:09:27.254  7257  7777 I HiDecision: DecisionflowInstance: (enter_jumpToSettingsScene_instanceId34434d, 1003) consumed an useless event RecentAppChange
01-17 01:09:27.254  4222  4222 I HwScreenRecorderTimer: updateCapsuleState isTransientShown=false isStatusBarWindowShown=true hasScreenRecorderTimer=false isPanelExpand=false
01-17 01:09:27.254  4222  4222 D HwCapsuleCacheList: produceData []
01-17 01:09:27.254  7257  8101 I HiDecision: DecisionflowInstance: (com.huawei.intentAnalysis.triggerEventNotify454877, 300003) start
01-17 01:09:27.254  4222  4222 I HwCapsuleDataConsumer: onDataProduce isAnimatorRunning=false
01-17 01:09:27.254  1881  4957 W [SECURITY]: [HPS][DEFAULT][HwPermissionService]: getOneTimePermissionControlInfo() called by callingPackageName=[com.android.permissioncontroller], this method has been deprecated
01-17 01:09:27.255  7257  7779 I HiDecision: RecEngineEventNotify: solveEvent eventId is 1001
01-17 01:09:27.256  1881  2200 I HmCameraWhiteListUtils: other function may be added to the xml later, parse it here
01-17 01:09:27.256  7257  7779 D RecEngine: [EngineApi.cpp:SolveEvent:46]: SolveEvent...
01-17 01:09:27.256  7257  7779 D RecEngine: [IntentPredict.cpp:SolveEvent:94]: IntentPredict SolveEvent
01-17 01:09:27.256  7257  7779 D RecEngine: [IntentEngine.cpp:SolveEvent:51]: IntentEngine SolveEvent...
01-17 01:09:27.256  7257  7779 D RecEngine: [IntentEngine.cpp:PreProcess:70]: IntentEngine preProcess...
01-17 01:09:27.257  7257  8101 I HiDecision: triggerEventNotify: queryCategory::RecentAppChange
01-17 01:09:27.257 31254 31254 E hwPS_RestrictionAdapter: getMaliciousAppInfo: package is not in the restriction list. packageName:com.soulmate with flags: 1
01-17 01:09:27.257  4222  4222 D HwColumnSystem: normal mode, mWidthPixel: 1080
01-17 01:09:27.258  8045  8075 I OpenGLRenderer: CacheManager width 1080, height 2400
01-17 01:09:27.258  1005  1324 E HWComposer: getSupportedContentTypes: getSupportedContentTypes failed for display 0: Unsupported (8)
01-17 01:09:27.258  4222  4222 I NotifSectionsManager: updateFirstAndLastViewsForAllSections, changed:false
01-17 01:09:27.258  7257  8101 W HiDecision: TriggerEventNotifyUtil: timeDelay is not greater than 0, should notify!
01-17 01:09:27.259  8045  8075 E OpenGLRenderer: Unable to match the desired swap behavior.
01-17 01:09:27.259  7257  8101 W HiDecision: TriggerEventNotifyUtil: getRebindDelayTime is not greater than 0
01-17 01:09:27.259  7257  8101 D HiDecision: TriggerEventNotifyUtil: packageName : dsRecEngine
01-17 01:09:27.259  7257  8101 D RecEngine: [EngineApi.cpp:SortIntentsForInner:35]: SortIntentsForInner...
01-17 01:09:27.259  7257  8101 D RecEngine: [EngineApi.cpp:SortIntentsForInner:39]: Invalid busId: dsRecEngine
01-17 01:09:27.259  7257  8101 I HiDecision: QueryIntentServicesModule: result = 
01-17 01:09:27.260  7257  7271 W m.huawei.recsy: Reducing the number of considered missed Gc histogram windows from 200 to 100
01-17 01:09:27.260  4222  4222 D StackScrollAlgorithm: liveRowList is empty
01-17 01:09:27.260  7257  8101 D HiDecision: JsonUtils: parse JsonArray fail
01-17 01:09:27.260  7257  8101 D RecEngine: [EngineApi.cpp:IsRankModelReady:63]: IsRankModelReady...
01-17 01:09:27.260  7257  8101 I RecEngine: [computing_framework.cpp:IsRankModelReady:102]: IsRankModelReady is called
01-17 01:09:27.260  7257  8101 I RecEngine: [estimator_manager.cpp:GetEstimator:240]: GetEstimator::get estimator rankModel from cache
01-17 01:09:27.260  7257  8101 I RecEngine: [estimator_manager.cpp:IsReady:232]: IsReady::model is not active and trainingTimes not more minSize
01-17 01:09:27.260  7257  8101 I RecEngine: [ModelDetail.cpp:IsRankModelReady:112]: IsRankModelReady:rank model is not ready to inference
01-17 01:09:27.260  1420  1440 D AwareLog: iawared: set /proc/8045/task/8121/static_vip vip
01-17 01:09:27.260  7257  8101 D HiDecision: TriggerEventNotifyAction: event notify payload = {"scenes":[],"modelReady":0,"intents":[],"packageName":"dsRecEngine","timestamp":1768583367260}
01-17 01:09:27.260  7257  8101 W HiDecision: TriggerEventNotifyAction: packageName is com.huawei.recsys and reject notify
01-17 01:09:27.260  4222  4222 D HwCapsuleCacheList: consumeData []
01-17 01:09:27.261  4222  4222 I HwStatusBarCapsuleHelper: onCapsuleDataUpdate isOverlay=true, mIsCapsuleLauncherAnimationStart=false
01-17 01:09:27.261  4222  4222 I HwStatusBarCapsuleView: hide capsule
01-17 01:09:27.261  7257  8101 D HiDecision: DecisionflowInstance: (com.huawei.intentAnalysis.triggerEventNotify454877, 300003) finishes.
01-17 01:09:27.261  4222  4222 I HwStatusBarCapsuleHelper: onCapsuleDataUpdate isOverlay=false, mIsCapsuleLauncherAnimationStart=false
01-17 01:09:27.261   487   487 I hwservicemanager: getTransport: Cannot find entry android.hardware.graphics.mapper@4.0::IMapper/default in either framework or device VINTF manifest.
01-17 01:09:27.261  4222  4222 I HwStatusBarCapsuleView: hide capsule
01-17 01:09:27.261  8045  8121 I Gralloc4: mapper 4.x is not supported
01-17 01:09:27.261  4222  4222 D HwCapsuleCacheList: consumeData null
01-17 01:09:27.261   487   487 I hwservicemanager: getTransport: Cannot find entry android.hardware.graphics.mapper@3.0::IMapper/default in either framework or device VINTF manifest.
01-17 01:09:27.261  8045  8121 W Gralloc3: mapper 3.x is not supported
01-17 01:09:27.262  7257  7779 D RecEngine: [ModelRecall.cpp:SolveEvent:74]: ModelRecall solveEvent event id is 1001...
01-17 01:09:27.262  7257  7779 D RecEngine: [ModelRecall.cpp:Inference:109]: ModelRecall inference...
01-17 01:09:27.262  7257  7779 I RecEngine: [computing_framework.cpp:IsRankModelReady:102]: IsRankModelReady is called
01-17 01:09:27.262  7257  7779 I RecEngine: [estimator_manager.cpp:GetEstimator:240]: GetEstimator::get estimator rankModel from cache
01-17 01:09:27.262  7257  7779 I RecEngine: [estimator_manager.cpp:IsReady:232]: IsReady::model is not active and trainingTimes not more minSize
01-17 01:09:27.262  7257  7779 I RecEngine: [ModelDetail.cpp:Predict:32]: rank model is not ready to inference
01-17 01:09:27.262  7257  7779 I RecEngine: [ModelRecall.cpp:IntentInference:126]: ModelRecall IntentInference...
01-17 01:09:27.262  7257  7779 I RecEngine: [ModelRecall.cpp:ServiceInference:167]: ModelRecall ServiceInference...
01-17 01:09:27.262  7257  7779 D RecEngine: [SceneRecall.cpp:SolveEvent:90]: SceneRecall solveEvent event id is 1001...
01-17 01:09:27.263  7257  7779 I HiDecision: RecEngineNativeApi: current entering scenes size is 0
01-17 01:09:27.263  7257  7779 I RecEngine: [SceneRecall.cpp:Inference:53]: SceneRecall inference intent size: 0
01-17 01:09:27.263   487   487 I hwservicemanager: getTransport: Cannot find entry android.hardware.graphics.allocator@4.0::IAllocator/default in either framework or device VINTF manifest.
01-17 01:09:27.263  8045  8121 W Gralloc4: allocator 4.x is not supported
01-17 01:09:27.263  7257  7779 D RecEngine: [IntentEngine.cpp:PostProcess:147]: IntentEngine postProcess...
01-17 01:09:27.263   487   487 I hwservicemanager: getTransport: Cannot find entry android.hardware.graphics.allocator@3.0::IAllocator/default in either framework or device VINTF manifest.
01-17 01:09:27.263  8045  8121 W Gralloc3: allocator 3.x is not supported
01-17 01:09:27.265 31254 31254 I RmeSchedManager: init Rme, version is: v1.0
01-17 01:09:27.265 31254 31254 I RmeSchedManager: init Rme, version is: v1.0
01-17 01:09:27.265 31254 31254 D RtgSchedIpcFile: setCommandByIoctl failed ret:-1, cmdid:10, errno:13
01-17 01:09:27.264 31254 31254 W ssioncontroller: type=1400 audit(0.0:6413): avc: denied { ioctl } for path="/proc/31254/rtg" dev="proc" ino=1106434 ioctlcmd=0xab0a scontext=u:r:permissioncontroller_app:s0:c43,c256,c512,c768 tcontext=u:r:permissioncontroller_app:s0:c43,c256,c512,c768 tclass=file permissive=0 app=com.android.permissioncontroller
01-17 01:09:27.269  7257  7779 D RecEngine: [IntentPredict.cpp:GetIntentList:53]: IntentPredict getIntentList...
01-17 01:09:27.269  7257  7779 D RecEngine: [IntentPredict.cpp:GetIntentListForInner:63]: IntentPredict GetIntentListForInner...
01-17 01:09:27.269  7257  7779 D RecEngine: [IntentEngine.cpp:MultiRecall:40]: IntentEngine multiRecall...
01-17 01:09:27.269  7257  7779 I RecEngine: [ModelRecall.cpp:Predict:64]: ModelRecall predict...
01-17 01:09:27.270  7257  7779 I RecEngine: [SceneRecall.cpp:Predict:35]: SceneRecall predict...
01-17 01:09:27.271 31254 31254 D CompatibilityChangeReporter: Compat change id reported: 171228096; UID 10043; state: ENABLED
01-17 01:09:27.271 31254 31254 W libc    : Access denied finding property "uifirst_listview_optimization_enable"
01-17 01:09:27.271 31254 31254 I SmartSlideOverScroller: start init SmartSlideOverScroller and get the overscroller config
01-17 01:09:27.271 31254 31254 I SmartSlideOverScrollerConfig: get the overscroller config
01-17 01:09:27.268 31254 31254 W ssioncontroller: type=1400 audit(0.0:6414): avc: denied { read } for name="u:object_r:uifirst_listview_prop:s0" dev="tmpfs" ino=545 scontext=u:r:permissioncontroller_app:s0:c43,c256,c512,c768 tcontext=u:object_r:uifirst_listview_prop:s0 tclass=file permissive=0 app=com.android.permissioncontroller
01-17 01:09:27.272 31254 31254 W libc    : Access denied finding property "emui_graphic_features_switch"
01-17 01:09:27.268 31254 31254 W ssioncontroller: type=1400 audit(0.0:6415): avc: denied { read } for name="u:object_r:hwagp_graphic_features_switch:s0" dev="tmpfs" ino=383 scontext=u:r:permissioncontroller_app:s0:c43,c256,c512,c768 tcontext=u:object_r:hwagp_graphic_features_switch:s0 tclass=file permissive=0 app=com.android.permissioncontroller
01-17 01:09:27.272 31254 31254 W libc    : Access denied finding property "persist.agp.sp_slide_model_parms"
01-17 01:09:27.268 31254 31254 W ssioncontroller: type=1400 audit(0.0:6416): avc: denied { read } for name="u:object_r:high_freq_slide_model_prop:s0" dev="tmpfs" ino=360 scontext=u:r:permissioncontroller_app:s0:c43,c256,c512,c768 tcontext=u:object_r:high_freq_slide_model_prop:s0 tclass=file permissive=0 app=com.android.permissioncontroller
01-17 01:09:27.272 31254 31254 W libc    : Access denied finding property "persist.agp.slide_model_parms"
01-17 01:09:27.268 31254 31254 W ssioncontroller: type=1400 audit(0.0:6417): avc: denied { read } for name="u:object_r:high_freq_slide_model_prop:s0" dev="tmpfs" ino=360 scontext=u:r:permissioncontroller_app:s0:c43,c256,c512,c768 tcontext=u:object_r:high_freq_slide_model_prop:s0 tclass=file permissive=0 app=com.android.permissioncontroller
01-17 01:09:27.272  7257  7779 D RecEngine: [IntentPredict.cpp:GetIntentListForInner:89]: IntentPredict already getIntentList: []
01-17 01:09:27.272  7257  7779 D RecEngine: [IntentPredict.cpp:ReportCa:110]: reportCa....
01-17 01:09:27.272  7257  7779 D RecEngine: [IntentPredict.cpp:ReportCa:112]: intent list is empty, reject to report ca
01-17 01:09:27.272  7257  7779 I RecEngine: [SearchAdapter.cpp:SolveEvent:49]: SearchAdapter SolveEvent
01-17 01:09:27.272  7257  7779 D RecEngine: [SearchAdapter.cpp:Refresh:89]: SearchAdapter start to refresh
01-17 01:09:27.272  7257  7779 D RecEngine: [SearchAdapter.cpp:GetSortedModelServices:113]: start to sortedModelServiceByIntentScore
01-17 01:09:27.272  7257  7779 D RecEngine: [IntentPredict.cpp:GetIntentList:53]: IntentPredict getIntentList...
01-17 01:09:27.272  7257  7779 D RecEngine: [IntentPredict.cpp:GetIntentListForInner:63]: IntentPredict GetIntentListForInner...
01-17 01:09:27.272  7257  7779 D RecEngine: [IntentEngine.cpp:MultiRecall:40]: IntentEngine multiRecall...
01-17 01:09:27.272  7257  7779 I RecEngine: [ModelRecall.cpp:Predict:64]: ModelRecall predict...
01-17 01:09:27.272  7257  7779 I RecEngine: [SceneRecall.cpp:Predict:35]: SceneRecall predict...
01-17 01:09:27.272  7257  7779 D RecEngine: [IntentPredict.cpp:GetIntentListForInner:89]: IntentPredict already getIntentList: []
01-17 01:09:27.272  7257  7779 I RecEngine: [ModelRecall.cpp:PredictService:199]: ModelRecall PredictService...
01-17 01:09:27.272  7257  7779 D HiDecision: RecEngineNativeApi: in queryGlobalSearchRoutineApps java method
01-17 01:09:27.272  7257  7779 I HiDecision: AppUsageHabitualTimeCache: Query start, serviceType: OHOS_APP
01-17 01:09:27.272 31254 31254 W libc    : Access denied finding property "persist.sys.standard_freq_slide_enable"
01-17 01:09:27.268 31254 31254 W ssioncontroller: type=1400 audit(0.0:6418): avc: denied { read } for name="u:object_r:standard_freq_slide_model_prop:s0" dev="tmpfs" ino=509 scontext=u:r:permissioncontroller_app:s0:c43,c256,c512,c768 tcontext=u:object_r:standard_freq_slide_model_prop:s0 tclass=file permissive=0 app=com.android.permissioncontroller
01-17 01:09:27.273  7257  7779 W HiDecision: AppUsageHabitualTimeCache: Query failed: has not found matched info!
01-17 01:09:27.273  7257  7779 I HiDecision: AppUsageHabitualWeekDayCache: Query start, serviceType: OHOS_APP
01-17 01:09:27.274 31254 31254 D HwAdaptiveFrameManager: transmitPackageInfo sHardVelocity=40=626
01-17 01:09:27.274  7257  7779 W HiDecision: AppUsageHabitualWeekDayCache: Query failed: has not found matched info!
01-17 01:09:27.274  7257  7779 I HiDecision: AppUsageCountCache: Query start, service type: OHOS_APP
01-17 01:09:27.274  7257  7779 W HiDecision: AppUsageCountCache: Query failed: has not found matched info!
01-17 01:09:27.274  7257  7779 I HiDecision: GlobalSearchConfigCache: start to query globalSearchConfig.
01-17 01:09:27.275  7257  7779 D HiDecision: ModelRankConfigParam: globalSearchMaxNum recentlyMaxNum: 5
01-17 01:09:27.275  7257  7779 I HiDecision: GlobalSearchConfigCache: start to query globalSearchConfig.
01-17 01:09:27.275  7257  7779 D HiDecision: ModelRankConfigParam: globalSearchMaxNum recentlyMaxNum: 5
01-17 01:09:27.275  7257  7779 I RecEngine: [EngineNative.cpp:QueryGlobalSearchRoutineAppsJavaFunc:196]: QueryGlobalSearchRoutineAppsJavaFunc end
01-17 01:09:27.275  7257  7779 I RecEngine: [SearchAdapter.cpp:ParseResponse:409]: ParseResponse get appList is:  
01-17 01:09:27.275  7257  7779 D HiDecision: RecEngineNativeApi: in queryRecentlyUsedApps java method
01-17 01:09:27.275  7257  7779 I HiDecision: GlobalSearchConfigCache: start to query globalSearchConfig.
01-17 01:09:27.275  7257  7779 D HiDecision: ModelRankConfigParam: getRecentlyUsedMaxNum recentlyMaxNum: 0
01-17 01:09:27.275  7257  7779 I HiDecision: GlobalSearchConfigCache: start to query globalSearchConfig.
01-17 01:09:27.276  7257  7779 D HiDecision: ModelRankConfigParam: getRecentlyUsedMaxNum recentlyMaxNum: 0
01-17 01:09:27.276  7257  7779 W HiDecision: RecentlyUsedCollector: max num is 0!
01-17 01:09:27.276  7257  7779 I RecEngine: [EngineNative.cpp:QueryRecentlyUsedAppsJavaFunc:182]: QueryRecentlyUsedAppsJavaFunc end
01-17 01:09:27.276  7257  7779 I RecEngine: [SearchAdapter.cpp:ParseResponse:409]: ParseResponse get appList is:  
01-17 01:09:27.276  7257  7779 D RecEngine: [SearchAdapter.cpp:PrintServices:465]: sortServiceByRoutine function printServiceList: []
01-17 01:09:27.276  7257  7779 D RecEngine: [SearchAdapter.cpp:PrintServices:465]: MergeAndFilterServices final services function printServiceList: []
01-17 01:09:27.288  7257  7779 I RecEngine: [HiSuggestionAdapter.cpp:SolveEvent:134]: HiSuggestionAdapter SolveEvent
01-17 01:09:27.288  7257  7779 D RecEngine: [HiSuggestionAdapter.cpp:Refresh:154]: HiSuggestionAdapter start to refresh
01-17 01:09:27.288  7257  7779 I RecEngine: [computing_framework.cpp:IsRankModelReady:102]: IsRankModelReady is called
01-17 01:09:27.288  7257  7779 I RecEngine: [estimator_manager.cpp:GetEstimator:240]: GetEstimator::get estimator rankModel from cache
01-17 01:09:27.288  7257  7779 I RecEngine: [estimator_manager.cpp:IsReady:232]: IsReady::model is not active and trainingTimes not more minSize
01-17 01:09:27.288  7257  7779 I RecEngine: [ModelDetail.cpp:IsRankModelReady:112]: IsRankModelReady:rank model is not ready to inference
01-17 01:09:27.292  7257  7779 D RecEngine: [IntelligentAdapter.cpp:SolveEvent:48]: IntelligentAdapter SolveEvent
01-17 01:09:27.292  7257  7779 D HiDecision: DecisionflowInstance: (intentAnalysis_intentRec319618, 300005) finishes.
01-17 01:09:27.292 31254 31254 I DecorView[]: pkgName:com.android.permissioncontroller old windowMode:0 new windoMode:1, isFixedSize:false, isStackNeedCaptionView:true
01-17 01:09:27.295 31254 31254 I ActivityThread: add activity client record, r= ActivityRecord{bea49ab token=android.os.BinderProxy@8dd3632 {com.android.permissioncontroller/com.android.permissioncontroller.permission.ui.GrantPermissionsActivity}} token= android.os.BinderProxy@8dd3632
01-17 01:09:27.292 31254 31254 W ssioncontroller: type=1400 audit(0.0:6419): avc: denied { write } for name="hilogdw" dev="tmpfs" ino=1525 scontext=u:r:permissioncontroller_app:s0:c43,c256,c512,c768 tcontext=u:object_r:hilogdw_socket:s0 tclass=sock_file permissive=0 app=com.android.permissioncontroller
01-17 01:09:27.297 31254 31254 I HwPartMagicWindowFactory: add HwPartMagicWindowFactory to memory.
01-17 01:09:27.297  8045  8045 I HwViewRootImpl: removeInvalidNode jank list is null
01-17 01:09:27.298  8045  8045 I HwViewRootImpl: remove sceneId 1 topId: 0
01-17 01:09:27.298  8045  8045 I HwViewRootImpl: Add sceneId 10 topId: 0
01-17 01:09:27.299 31254 31254 I InputMethodManager: forContextInternal diaplayId:0,instance=android.view.inputmethod.InputMethodManager@7fde0dd
01-17 01:09:27.302  1881  2189 I WindowManager: Checking 1 opening apps (frozen=false timeout=false)...
01-17 01:09:27.303  1881  2189 I WindowManager: Check opening app=ActivityRecord{5be4bd4 u0 com.android.permissioncontroller/.permission.ui.GrantPermissionsActivity t17}: allDrawn=false startingDisplayed=false startingMoved=false isRelaunching()=false mStartingWindow=null isOneStepWindowChanging=falseisOpenCombinationSplitScreen=false shouldWaitCombine=false
01-17 01:09:27.303  1458  1712 W ScreemCommon: ProcessEntry, not beta version or commercial log off
01-17 01:09:27.304  1005  1005 I BufferStateLayer: setBuffer: com.soulmate/com.soulmate.ui.test.ASRTestActivity#1609: first buffer comes.
01-17 01:09:27.308  8045  8079 I WM-WorkerWrapper: Worker result SUCCESS for Work [ id=48a3b3a2-1728-4fc2-87b2-555ad31b13d7, tags={ com.soulmate.worker.HeartbeatWorker, heartbeat_work } ]
01-17 01:09:27.309  1881  2189 I WindowManager: Checking 1 opening apps (frozen=false timeout=false)...
01-17 01:09:27.309  1881  2189 I WindowManager: Check opening app=ActivityRecord{5be4bd4 u0 com.android.permissioncontroller/.permission.ui.GrantPermissionsActivity t17}: allDrawn=false startingDisplayed=false startingMoved=false isRelaunching()=false mStartingWindow=null isOneStepWindowChanging=falseisOpenCombinationSplitScreen=false shouldWaitCombine=false
01-17 01:09:27.310  1881 22969 V ActivityTaskManager: Activity idle: ActivityRecord{f5a5bd9 u0 com.soulmate/.ui.test.ASRTestActivity t17}
01-17 01:09:27.310  1881 22969 D ActivityTaskManager: Ready to stop: ActivityRecord{4865b48 u0 com.huawei.android.launcher/.unihome.UniHomeLauncher t7} animating=false finishing=false isInHistory=true
01-17 01:09:27.310  1881  2385 W AwareLog: AwareMem_FastRepairActionManager: send execute sucess, scene : 4
01-17 01:09:27.311  4826 10264 I LifecycleTransaction: lifecycleStateRequest StopActivityItem{showWindow=false,configChanges=0}
01-17 01:09:27.311  1881  4306 V ActivityManager: Bringing down ServiceRecord{ca32df8 u0 com.soulmate/androidx.work.impl.background.systemjob.SystemJobService} android.content.Intent$FilterComparison@11b34a56
01-17 01:09:27.311  1881  4306 V ActivityManager: java.lang.RuntimeException
01-17 01:09:27.311  1881  4306 V ActivityManager: 	at com.android.server.am.ActiveServices.bringDownServiceLocked(ActiveServices.java:4740)
01-17 01:09:27.311  1881  4306 V ActivityManager: 	at com.android.server.am.ActiveServices.bringDownServiceIfNeededLocked(ActiveServices.java:4625)
01-17 01:09:27.311  1881  4306 V ActivityManager: 	at com.android.server.am.ActiveServices.removeConnectionLocked(ActiveServices.java:5019)
01-17 01:09:27.311  1881  4306 V ActivityManager: 	at com.android.server.am.ActiveServices.unbindServiceLocked(ActiveServices.java:3384)
01-17 01:09:27.311  1881  4306 V ActivityManager: 	at com.android.server.am.ActivityManagerService.unbindService(ActivityManagerService.java:13768)
01-17 01:09:27.311  1881  4306 V ActivityManager: 	at android.app.ContextImpl.unbindService(ContextImpl.java:2168)
01-17 01:09:27.311  1881  4306 V ActivityManager: 	at com.android.server.job.JobServiceContext.closeAndCleanupJobLocked(JobServiceContext.java:1091)
01-17 01:09:27.311  1881  4306 V ActivityManager: 	at com.android.server.job.JobServiceContext.handleFinishedLocked(JobServiceContext.java:878)
01-17 01:09:27.311  1881  4306 V ActivityManager: 	at com.android.server.job.JobServiceContext.doCallbackLocked(JobServiceContext.java:752)
01-17 01:09:27.311  1881  4306 V ActivityManager: 	at com.android.server.job.JobServiceContext.doJobFinished(JobServiceContext.java:495)
01-17 01:09:27.311  1881  4306 V ActivityManager: 	at com.android.server.job.JobServiceContext$JobCallback.jobFinished(JobServiceContext.java:209)
01-17 01:09:27.311  1881  4306 V ActivityManager: 	at android.app.job.IJobCallback$Stub.onTransact(IJobCallback.java:201)
01-17 01:09:27.311  1881  4306 V ActivityManager: 	at android.os.Binder.execTransactInternal(Binder.java:1192)
01-17 01:09:27.311  1881  4306 V ActivityManager: 	at android.os.Binder.execTransact(Binder.java:1156)
01-17 01:09:27.311  4826  4826 I ViewRootImpl[UniHomeLauncher]: ViewUI_traversal delay destroy mBlastBufferQueue
01-17 01:09:27.312  4826  4826 I ViewRootImpl[UniHomeLauncher]: ViewUI_traversal has MSG_DELAY_DESTROY_BLAST_BUFFER and clean it
01-17 01:09:27.312  1005  1324 I EventThread: addSoftwareVsyncConnection: mCurrentRefreshRate is 0
01-17 01:09:27.313  4826  4826 I libsoftbus: SetTrafficClass appName=com.huawei.android.launcher prio=1
01-17 01:09:27.313  4826  4826 I ApplicationHelper: onActivityStopped: switch to background com.huawei.android.launcher ret=0
01-17 01:09:27.313 31254 31254 D MouseWheelSynthesizer: mMoveStepInDp: 64, mMoveStepInPixel: 192, mUpTimeDelayed: 100
01-17 01:09:27.313   993   993 D AudioPolicyService: getUidState(10235) cacheIter->second.first, return cacheIter->second.second(3)
01-17 01:09:27.314  1881  2189 I ImeFocusController: ViewUI imeDisplayId:0 contextDisplayId:0
01-17 01:09:27.314   993   993 D AudioPolicyService: getUidState(10073) cacheIter->second.first, return cacheIter->second.second(2)
01-17 01:09:27.314 31254 31254 D ViewRootImpl: ViewUI ViewRootImpl mIsInProductivePCDisplay: false
01-17 01:09:27.314  1881  2188 I ActivityManager: Killing 5358:com.huawei.android.ds/5513 (adj 965): emptyEx #9
01-17 01:09:27.315  4623  4894 D DollieActivityManagerAdapter: [UidStateChanged]  uid:10073 uidState:5
01-17 01:09:27.315  4623  4894 E DollieAdapterService: notifyActivityState pkg:com.huawei.android.launcher/com.huawei.android.launcher.unihome.UniHomeLauncher state:5 fg:false mUid:10073
01-17 01:09:27.315  4623  4894 E HwPacketFilterBypass: sendRequestToKernel SOCKET_CLOSE_DETECT_UID_DEL [10073]
01-17 01:09:27.315  4623  4894 I NetworkQoeChr: updateTopAppInfo: com.huawei.android.launcher, appState2, uid10073
01-17 01:09:27.315  4623  4894 I NetPredictEngine: ObserveState processMessage 11
01-17 01:09:27.315  4623  4894 I NetPredictEngine: Parent processMessage 11
01-17 01:09:27.315  4623  4894 I NetPredictEngine: Parent: active app change, old packageName: com.soulmate, new packageName: com.huawei.android.launcher
01-17 01:09:27.315  4623  4894 I OllieMsgCenter: publishEvt=2130771969
01-17 01:09:27.316  4826  4826 D HwLauncher: StateManager moveToRestState, but user is doing something
01-17 01:09:27.316  4623  4894 I SmartDualCardConfig: getAppType,pkgName=com.huawei.android.launcher,appType=28
01-17 01:09:27.316  4623  4894 E SmartDualCardConfig: isAppInBlackList false,items==null
01-17 01:09:27.317  4623  4894 E ScgQuickAddManager: uidInfo.isForeGroundUid() is false
01-17 01:09:27.317  4623  4894 I OllieMsgCenter: publishEvt=2134966274
01-17 01:09:27.317  4623  4894 I HcPreDnsQueryCtrl: EVENT_APPINFO_ACTION_UID_STATE_CHANGED
01-17 01:09:27.317  4623  4894 I AppStallManager: OllieInternalEvtConsts.EVENT_APPINFO_ACTION_UID_STATE_CHANGED
01-17 01:09:27.317  1881  2189 I WindowManager: Checking 1 opening apps (frozen=false timeout=false)...
01-17 01:09:27.317  4826  4826 D HwLauncher: Launcher Icon:21 Widget:1 Folder:3 Icon in folder:36 in drawer:0 abilityForms:0
01-17 01:09:27.317  1881  2189 I WindowManager: Check opening app=ActivityRecord{5be4bd4 u0 com.android.permissioncontroller/.permission.ui.GrantPermissionsActivity t17}: allDrawn=false startingDisplayed=false startingMoved=false isRelaunching()=false mStartingWindow=null isOneStepWindowChanging=falseisOpenCombinationSplitScreen=false shouldWaitCombine=false
01-17 01:09:27.318  1881  2074 D NotificationListeners: Removing active service ComponentInfo{com.huawei.android.launcher/com.huawei.android.launcher.notification.NotificationListener}
01-17 01:09:27.318   993   993 D AudioPolicyService: getUidState(10066) cacheIter->second.first, return cacheIter->second.second(3)
01-17 01:09:27.318  1881 22969 I Restriction_RestrictionDispatcher: unregisterRestrictionAppListener: callingUid: 10073
01-17 01:09:27.318 31254 31254 I DecorView[]: pkgName:com.android.permissioncontroller old windowMode:1 new windoMode:1, isFixedSize:false, isStackNeedCaptionView:true
01-17 01:09:27.318   993  4083 D AudioPolicyService: getUidState(10032) cacheIter->second.first, return cacheIter->second.second(3)
01-17 01:09:27.319   993  4083 D AudioPolicyService: getUidState(10029) cacheIter->second.first, return cacheIter->second.second(15)
01-17 01:09:27.321  1005  1324 I Layer   : 96e0f2a com.android.permissioncontroller/com.android.permissioncontroller.permission.ui.GrantPermissionsActivity#1610: created
01-17 01:09:27.321  4565  5327 I ash_trans: com.huawei.hidisk { running duration=814332 Uptime=814332 } transition to: end, reason: not_running
01-17 01:09:27.321  4565  5327 I PG_ash  : delete app record pkg: com.huawei.hidisk
01-17 01:09:27.321  4565  5327 I AppManager: removeProcessDependency pid:5358
01-17 01:09:27.322  1881  2074 I WindowManager: addWindow: Window{96e0f2a u0 com.android.permissioncontroller/com.android.permissioncontroller.permission.ui.GrantPermissionsActivity} currentDisplayId:0 requestDisplayId:0 token:Token{5ef113c ActivityRecord{5be4bd4 u0 com.android.permissioncontroller/.permission.ui.GrantPermissionsActivity t17}} appearance:8 fl_fullscreen=false vsysui_fullscreen=false
01-17 01:09:27.322  1881  2189 I WindowManager: removeIfPossible: Window{573764e u0 Splash Screen com.soulmate} callers=com.android.server.wm.WindowState.removeIfPossible:3343 com.android.server.wm.WindowManagerService.removeWindow:2819 com.android.server.wm.Session.remove:228 android.view.ViewRootImpl.dispatchDetachedFromWindow:6694 android.view.ViewRootImpl.doDie:10435 
01-17 01:09:27.322  1881  2189 W InputManager-JNI: Input channel object '573764e Splash Screen com.soulmate (client)' was disposed without first being removed with the input manager!
01-17 01:09:27.323 31254 31254 I InsetsController: ViewUI_insets updateState new source: InsetsSource: {mType=ITYPE_STATUS_BAR, mFrame=[0,0][1080,135], mVisible=true}
01-17 01:09:27.323 31254 31254 I InsetsController: ViewUI_insets updateState new source: InsetsSource: {mType=ITYPE_NAVIGATION_BAR, mFrame=[0,0][0,0], mVisible=false}
01-17 01:09:27.323 31254 31254 D InputEventReceiver: dispatchInputInterval 1000000
01-17 01:09:27.323  1005  1324 I Layer   : Surface(name=573764e Splash Screen com.soulmate)/@0x735f3f6 - animation-leash of window_animation#1611: created
01-17 01:09:27.324  1881  2189 I WindowManager: Not removing Window{573764e u0 Splash Screen com.soulmate EXITING} due to exit animation 
01-17 01:09:27.325 31254 31254 I HwSoraManager: SORA is disabled for com.android.permissioncontroller.permission.ui.GrantPermissionsActivity
01-17 01:09:27.326 31254 31254 D ZrHung.AppEyeTransparentWindow: TransparentWindow mHungConfigStatus = 0,mHungConfigEnable = 1
01-17 01:09:27.326 31254 31254 I TopResumedActivityChangeItem: execute start, ActivityClientRecord = ActivityRecord{bea49ab token=android.os.BinderProxy@8dd3632 {com.android.permissioncontroller/com.android.permissioncontroller.permission.ui.GrantPermissionsActivity}}
01-17 01:09:27.329 31254 31345 E JavaBinder: !!! FAILED BINDER TRANSACTION !!!  (parcel size = 140)
01-17 01:09:27.329 31254 31345 E HwViewGroupImpl: get whilte block white list failed:android.os.DeadObjectException: Transaction failed on small parcel; remote process probably died, but this could also be caused by running out of binder buffe
01-17 01:09:27.330 31254  8135 D HiTouch_PressGestureDetector: onAttached, package=com.android.permissioncontroller, windowType=1, mIsHiTouchRestricted=false
01-17 01:09:27.331  1881  2189 I WindowManager: Checking 1 opening apps (frozen=false timeout=false)...
01-17 01:09:27.331  1881  2189 I WindowManager: Check opening app=ActivityRecord{5be4bd4 u0 com.android.permissioncontroller/.permission.ui.GrantPermissionsActivity t17}: allDrawn=false startingDisplayed=false startingMoved=false isRelaunching()=false mStartingWindow=null isOneStepWindowChanging=falseisOpenCombinationSplitScreen=false shouldWaitCombine=false
01-17 01:09:27.331  1881  2189 I InsetsSourceConsumer: ViewUI_insets mSourceControl is null notifyControlRevoked type: 0
01-17 01:09:27.331 31254 31254 W libc    : Access denied finding property "ro.config.hw_curved_side_disp"
01-17 01:09:27.331  1881  4306 W ActivityTaskManager: do not allow hiding recent tasks, task id: 17 , package = com.soulmate
01-17 01:09:27.332  1005  1324 I Layer   : com.android.permissioncontroller/com.android.permissioncontroller.permission.ui.GrantPermissionsActivity#1612: created
01-17 01:09:27.332  4826  5356 D HwLauncher: LocalTaskList loadTasksInBackground:3 numTasks:3 currentUserId:0
01-17 01:09:27.332  1005  1326 D surfaceflinger: DoWinFrameOptStatusRecog begin to recog Layer result=2
01-17 01:09:27.336  4779  8515 I HwNaturalBase: [OdmfCtrlThread]: Database monitor for dsCollectEncrypt is enabled, threshold: 100Mb, action: 0.
01-17 01:09:27.336  4779  8515 I HwNaturalBase: [OdmfCtrlThread]: dsCollectEncrypt's size is 0M.
01-17 01:09:27.337  1881 23015 I WindowManager: Checking 1 opening apps (frozen=false timeout=false)...
01-17 01:09:27.337  1881 23015 I WindowManager: Check opening app=ActivityRecord{5be4bd4 u0 com.android.permissioncontroller/.permission.ui.GrantPermissionsActivity t17}: allDrawn=false startingDisplayed=false startingMoved=false isRelaunching()=false mStartingWindow=null isOneStepWindowChanging=falseisOpenCombinationSplitScreen=false shouldWaitCombine=false
01-17 01:09:27.337  1881 23015 I WindowManager: reportResized : win = Window{96e0f2a u0 com.android.permissioncontroller/com.android.permissioncontroller.permission.ui.GrantPermissionsActivity} drawState = DRAW_PENDING
01-17 01:09:27.337  1881 23015 I WindowManager: Changing focus from null to Window{96e0f2a u0 com.android.permissioncontroller/com.android.permissioncontroller.permission.ui.GrantPermissionsActivity} displayId=0
01-17 01:09:27.337  1881 23015 D HwActivityTaskManagerServiceEx: getVisibleTasks() beginning running, callingPid = 1881 , callingUid = 1000
01-17 01:09:27.338  1881 23015 D HwActivityTaskManagerServiceEx: getVisibleTasks add visible task to list, topActivity : ActivityRecord{5be4bd4 u0 com.android.permissioncontroller/.permission.ui.GrantPermissionsActivity t17}
01-17 01:09:27.338   982   998 D uniperf server: EnterActionProc DoParse failed, cmdId=13253
01-17 01:09:27.338   982   998 D uniperf hal: do UniPerfEvent failed, cmdId=13253, ret=2
01-17 01:09:27.338  1881 23015 I NavigationCallOut: focusChanged, focus=Window{96e0f2a u0 com.android.permissioncontroller/com.android.permissioncontroller.permission.ui.GrantPermissionsActivity}, mIsFocusWinInBlackList=false
01-17 01:09:27.338  1881  2396 I GestureNavManager: FocusWindowBottom Options = 0x2000000, isDisabled = false
01-17 01:09:27.338  1005  1324 I Layer   : Surface(name=93c510 StatusBar)/@0x101d00a - animation-leash of insets_animation#1613: created
01-17 01:09:27.339  1881 23015 I HwDisplayContentEx: currentFocus windowstate not null
01-17 01:09:27.339  1881  2186 I StatusBarDisable: setFlags what=0 which=1 pkg=Window{96e0f2a u0 com.android.permissioncontroller/com.android.permissioncontroller.permission.ui.GrantPermissionsActivity}
01-17 01:09:27.339  1881 23015 D ZrHung.AppEyeFocusWindow: FocusWindowErrorScene cancelCheckFreezeScreen
01-17 01:09:27.339  1881 23015 I HwDisplayContentEx: trans currentFocus windowstate not null
01-17 01:09:27.339  1881 23015 D ZrHung.AppEyeTransparentWindow: TransparentWindow mHungConfigStatus = 0,mHungConfigEnable = 1
01-17 01:09:27.340  1881 22969 I ActivityTaskManager: notifyAppStopped: ActivityRecord{4865b48 u0 com.huawei.android.launcher/.unihome.UniHomeLauncher t7}
01-17 01:09:27.340 31254 31254 D BufferQueueCore: BufferQueueCore: mDebugHwFlow=0, mIsBufferQueueLogVSupport=0.
01-17 01:09:27.340  1881  2207 I libprocessgroup: Successfully killed process cgroup uid 5513 pid 5358 in 25ms
01-17 01:09:27.340  1881 23015 I ActivityManager: appDiedLocked: pid=5358, app=ProcessRecord{9db4d5d 5358:com.huawei.android.ds/5513}, fromBinderDied=true, reason=null
01-17 01:09:27.340   910   910 I Zygote  : Process 5358 exited due to signal 9 (Killed)
01-17 01:09:27.340  1881  4078 W HwAudioServiceEx: SoundEffectState bundle get reserved is invalid
01-17 01:09:27.340  1881 23015 D ActivityManager: cleanUpApplicationRecord app: 5358:com.huawei.android.ds/5513, bad: false, restarting: false, allowRestart: true
01-17 01:09:27.341  1005  1878 W ServiceManager: Permission failure: android.permission.ACCESS_SURFACE_FLINGER from uid=10043 pid=31254
01-17 01:09:27.341  1881  4078 I HwAudioServiceEx: sendAppKilledIntentForKit, isKitPackageOnPause = false, isKitPackageKill = false, isKitPackageOnResume = false
01-17 01:09:27.341  1005  1878 D PermissionCache: checking android.permission.ACCESS_SURFACE_FLINGER for uid=10043 => denied (323 us)
01-17 01:09:27.341  1005  1878 W ServiceManager: Permission failure: android.permission.ROTATE_SURFACE_FLINGER from uid=10043 pid=31254
01-17 01:09:27.341  1005  1878 D PermissionCache: checking android.permission.ROTATE_SURFACE_FLINGER for uid=10043 => denied (119 us)
01-17 01:09:27.341  1881  2200 I HwPowerManagerService: appdie release wakelock, pid = 5358, uid = 5513
01-17 01:09:27.341 31254 31254 I InsetsController: ViewUI_insets updateState new source: InsetsSource: {mType=ITYPE_STATUS_BAR, mFrame=[0,0][1080,135], mVisible=true}
01-17 01:09:27.341 31254 31254 I InsetsController: ViewUI_insets updateState new source: InsetsSource: {mType=ITYPE_NAVIGATION_BAR, mFrame=[0,0][0,0], mVisible=false}
01-17 01:09:27.341  1881  2189 D CompatibilityChangeReporter: Compat change id reported: 158002302; UID 10043; state: ENABLED
01-17 01:09:27.341 31254 31254 D InsetsSourceConsumer: ViewUI_insets setControl -> ITYPE_STATUS_BAR on com.android.permissioncontroller/com.android.permissioncontroller.permission.ui.GrantPermissionsActivity
01-17 01:09:27.341  4779  8515 I HwNaturalBase: [OdmfCtrlThread]: DataManager-0: DbEngine for dsCollectEncrypt is reopened.
