01-17 01:09:28.084  8153  8187 I NetworkKit_c: AsyncTask #1 -->NetworkKit_GRS_GrsClient-Init_0||com.huawei.hms.framework.network.grs.e.c|a|3|ContextHolder.getAppContext() from GRS is:null
01-17 01:09:28.084  8153  8197 I NetworkKit_RequestCallableV2: NetworkKit_GRS_RequestController-Task_2 -->NetworkKit_GRS_RequestController-Task_3|RequestCallableV2.java|com.huawei.networkit.grs.requestremote.RequestCallableV2|call|66|Post call execute
01-17 01:09:28.084  8153  8187 W NetworkKit_c: AsyncTask #1 -->NetworkKit_GRS_GrsClient-Init_0||com.huawei.hms.framework.network.grs.h.c|a|107|local config file is not exist.filename is {grs_route_config_files_list.txt}
01-17 01:09:28.084  8153  8187 W NetworkKit_IOUtil: AsyncTask #1 -->NetworkKit_GRS_GrsClient-Init_0|IoUtils.java|com.huawei.hms.framework.common.IoUtils|closeSecure|7|closeable is null
01-17 01:09:28.084  8153  8187 I NetworkKit_LocalManagerProxy: AsyncTask #1 -->NetworkKit_GRS_GrsClient-Init_0||com.huawei.hms.framework.network.grs.f.b|a|5|Io.getConfigContent timeCost:0
01-17 01:09:28.084  8153  8187 I NetworkKit_LocalManagerProxy: AsyncTask #1 -->NetworkKit_GRS_GrsClient-Init_0||com.huawei.hms.framework.network.grs.f.b|a|5|initLocalManager configFileListContent:
01-17 01:09:28.084  8153  8176 I HMSSDK_HMSPackageManager: Enter getHMSPackageNameForMultiService
01-17 01:09:28.085  8153  8187 I NetworkKit_LocalManagerProxy: AsyncTask #1 -->NetworkKit_GRS_GrsClient-Init_0||com.huawei.hms.framework.network.grs.f.b|a|5|Get config files list by AssetsManager
01-17 01:09:28.086  8153  8187 I NetworkKit_LocalManagerProxy: AsyncTask #1 -->NetworkKit_GRS_GrsClient-Init_0||com.huawei.hms.framework.network.grs.f.b|a|5|list timeCost:1
01-17 01:09:28.086  8153  8197 W NetworkKit_IOUtil: NetworkKit_GRS_RequestController-Task_2 -->NetworkKit_GRS_RequestController-Task_3|IoUtils.java|com.huawei.networkit.grs.common.IoUtils|closeSecure|95|closeable is null
01-17 01:09:28.086  8153  8187 I NetworkKit_LocalManagerProxy: AsyncTask #1 -->NetworkKit_GRS_GrsClient-Init_0||com.huawei.hms.framework.network.grs.f.b|a|5|appConfigName is: null
01-17 01:09:28.087  8153  8187 I NetworkKit_LocalManagerProxy: AsyncTask #1 -->NetworkKit_GRS_GrsClient-Init_0||com.huawei.hms.framework.network.grs.f.b|a|5|contains APP_20_CONFIG_FILE_NAME: false
01-17 01:09:28.087  8153  8187 I NetworkKit_AbstractLocalManager: AsyncTask #1 -->NetworkKit_GRS_GrsClient-Init_0||com.huawei.hms.framework.network.grs.f.a|a|8|load SDK_CONFIG_FILE: dialects.xml, skipped.
01-17 01:09:28.087  8153  8194 W NetworkKit_GrsRequest: NetworkKit_GRS_RequestController-Task_1 -->NetworkKit_GRS_RequestController-Task_2|GrsRequest.java|com.huawei.networkit.grs.requestremote.GrsRequest|requestServer|244|the computation threw an ExecutionException
01-17 01:09:28.087  8153  8194 W NetworkKit_GrsRequest: java.util.concurrent.ExecutionException: j*v*.*a*g*A*s*r*i*n*r*o*:*j*v*.*o*F*l*N*t*o*n*E*c*p*i*n* *u*w*i*g*s*s*.*k*
01-17 01:09:28.087  8153  8194 W NetworkKit_GrsRequest: 	at java.util.concurrent.FutureTask.report(FutureTask.java:123)
01-17 01:09:28.087  8153  8194 W NetworkKit_GrsRequest: 	at java.util.concurrent.FutureTask.get(FutureTask.java:207)
01-17 01:09:28.087  8153  8194 W NetworkKit_GrsRequest: 	at com.huawei.networkit.grs.requestremote.GrsRequest.requestServer(GrsRequest.java:232)
01-17 01:09:28.087  8153  8194 W NetworkKit_GrsRequest: 	at com.huawei.networkit.grs.requestremote.GrsRequest.submitExcutorTask(GrsRequest.java:175)
01-17 01:09:28.087  8153  8194 W NetworkKit_GrsRequest: 	at com.huawei.networkit.grs.requestremote.GrsRequest.access$000(GrsRequest.java:47)
01-17 01:09:28.087  8153  8194 W NetworkKit_GrsRequest: 	at com.huawei.networkit.grs.requestremote.GrsRequest$1.call(GrsRequest.java:153)
01-17 01:09:28.087  8153  8194 W NetworkKit_GrsRequest: 	at com.huawei.networkit.grs.requestremote.GrsRequest$1.call(GrsRequest.java:150)
01-17 01:09:28.087  8153  8194 W NetworkKit_GrsRequest: 	at java.util.concurrent.FutureTask.run(FutureTask.java:266)
01-17 01:09:28.087  8153  8194 W NetworkKit_GrsRequest: 	at com.huawei.networkit.grs.common.RunnableEnhance.run(RunnableEnhance.java:30)
01-17 01:09:28.087  8153  8194 W NetworkKit_GrsRequest: 	at java.util.concurrent.ThreadPoolExecutor.runWorker(ThreadPoolExecutor.java:1167)
01-17 01:09:28.087  8153  8194 W NetworkKit_GrsRequest: 	at java.util.concurrent.ThreadPoolExecutor$Worker.run(ThreadPoolExecutor.java:641)
01-17 01:09:28.087  8153  8194 W NetworkKit_GrsRequest: 	at java.lang.Thread.run(Thread.java:933)
01-17 01:09:28.087  8153  8194 W NetworkKit_GrsRequest: Caused by: java.lang.AssertionError: j*v*.*o*F*l*N*t*o*n*E*c*p*i*n* *u*w*i*g*s*s*.*k*
01-17 01:09:28.087  8153  8194 W NetworkKit_GrsRequest: 	at com.huawei.networkit.grs.utils.ssl.SSLSocketFactoryHelper.getSecuritySDKSocketFactory(SSLSocketFactoryHelper.java:43)
01-17 01:09:28.087  8153  8194 W NetworkKit_GrsRequest: 	at com.huawei.networkit.grs.utils.network.URLConnectionHelper.getUnionHttpsURLConnection(URLConnectionHelper.java:54)
01-17 01:09:28.087  8153  8194 W NetworkKit_GrsRequest: 	at com.huawei.networkit.grs.requestremote.RequestCallableV2.call(RequestCallableV2.java:71)
01-17 01:09:28.087  8153  8194 W NetworkKit_GrsRequest: 	at com.huawei.networkit.grs.requestremote.RequestCallableV2.call(RequestCallableV2.java:34)
01-17 01:09:28.087  8153  8194 W NetworkKit_GrsRequest: 	... 5 more
01-17 01:09:28.087  8153  8194 W NetworkKit_GrsRequest: Caused by: java.io.FileNotFoundException: h*a*e*/*r*_*p*b*s
01-17 01:09:28.087  8153  8194 W NetworkKit_GrsRequest: 	at android.content.res.AssetManager.nativeOpenAsset(Native Method)
01-17 01:09:28.087  8153  8194 W NetworkKit_GrsRequest: 	at android.content.res.AssetManager.open(AssetManager.java:1048)
01-17 01:09:28.087  8153  8194 W NetworkKit_GrsRequest: 	at android.content.res.AssetManager.open(AssetManager.java:1025)
01-17 01:09:28.087  8153  8194 W NetworkKit_GrsRequest: 	at com.huawei.networkit.grs.utils.ssl.SecureX509TrustManager.<init>(SecureX509TrustManager.java:69)
01-17 01:09:28.087  8153  8194 W NetworkKit_GrsRequest: 	at com.huawei.networkit.grs.utils.ssl.SecureSSLSocketFactory.<init>(SecureSSLSocketFactory.java:70)
01-17 01:09:28.087  8153  8194 W NetworkKit_GrsRequest: 	at com.huawei.networkit.grs.utils.ssl.SecureSSLSocketFactory.getInstance(SecureSSLSocketFactory.java:94)
01-17 01:09:28.087  8153  8194 W NetworkKit_GrsRequest: 	at com.huawei.networkit.grs.utils.ssl.SSLSocketFactoryHelper.getSecuritySDKSocketFactory(SSLSocketFactoryHelper.java:41)
01-17 01:09:28.087  8153  8194 W NetworkKit_GrsRequest: 	at com.huawei.networkit.grs.utils.network.URLConnectionHelper.getUnionHttpsURLConnection(URLConnectionHelper.java:54)
01-17 01:09:28.087  8153  8187 I NetworkKit_AbstractLocalManager: AsyncTask #1 -->NetworkKit_GRS_GrsClient-Init_0||com.huawei.hms.framework.network.grs.f.a|a|8|load SDK_CONFIG_FILE: feature, skipped.
01-17 01:09:28.087  8153  8187 I NetworkKit_AbstractLocalManager: AsyncTask #1 -->NetworkKit_GRS_GrsClient-Init_0||com.huawei.hms.framework.network.grs.f.a|a|8|load SDK_CONFIG_FILE: grs_networkprobe_server_config.json, skipped.
01-17 01:09:28.087  8153  8197 I NetworkKit_RequestCallableV2: NetworkKit_GRS_RequestController-Task_2 -->NetworkKit_GRS_RequestController-Task_3|RequestCallableV2.java|com.huawei.networkit.grs.requestremote.RequestCallableV2|call|66|Post call execute
01-17 01:09:28.087  8153  8197 W NetworkKit_IOUtil: NetworkKit_GRS_RequestController-Task_2 -->NetworkKit_GRS_RequestController-Task_3|IoUtils.java|com.huawei.networkit.grs.common.IoUtils|closeSecure|95|closeable is null
01-17 01:09:28.087  8153  8194 W NetworkKit_GrsRequest: NetworkKit_GRS_RequestController-Task_1 -->NetworkKit_GRS_RequestController-Task_2|GrsRequest.java|com.huawei.networkit.grs.requestremote.GrsRequest|requestServer|244|the computation threw an ExecutionException
01-17 01:09:28.087  8153  8194 W NetworkKit_GrsRequest: java.util.concurrent.ExecutionException: j*v*.*a*g*A*s*r*i*n*r*o*:*j*v*.*o*F*l*N*t*o*n*E*c*p*i*n* *u*w*i*g*s*s*.*k*
01-17 01:09:28.087  8153  8194 W NetworkKit_GrsRequest: 	at java.util.concurrent.FutureTask.report(FutureTask.java:123)
01-17 01:09:28.087  8153  8194 W NetworkKit_GrsRequest: 	at java.util.concurrent.FutureTask.get(FutureTask.java:207)
01-17 01:09:28.087  8153  8194 W NetworkKit_GrsRequest: 	at com.huawei.networkit.grs.requestremote.GrsRequest.requestServer(GrsRequest.java:232)
01-17 01:09:28.087  8153  8194 W NetworkKit_GrsRequest: 	at com.huawei.networkit.grs.requestremote.GrsRequest.submitExcutorTask(GrsRequest.java:175)
01-17 01:09:28.087  8153  8194 W NetworkKit_GrsRequest: 	at com.huawei.networkit.grs.requestremote.GrsRequest.access$000(GrsRequest.java:47)
01-17 01:09:28.087  8153  8194 W NetworkKit_GrsRequest: 	at com.huawei.networkit.grs.requestremote.GrsRequest$1.call(GrsRequest.java:153)
01-17 01:09:28.087  8153  8194 W NetworkKit_GrsRequest: 	at com.huawei.networkit.grs.requestremote.GrsRequest$1.call(GrsRequest.java:150)
01-17 01:09:28.087  8153  8194 W NetworkKit_GrsRequest: 	at java.util.concurrent.FutureTask.run(FutureTask.java:266)
01-17 01:09:28.087  8153  8194 W NetworkKit_GrsRequest: 	at com.huawei.networkit.grs.common.RunnableEnhance.run(RunnableEnhance.java:30)
01-17 01:09:28.087  8153  8194 W NetworkKit_GrsRequest: 	at java.util.concurrent.ThreadPoolExecutor.runWorker(ThreadPoolExecutor.java:1167)
01-17 01:09:28.087  8153  8194 W NetworkKit_GrsRequest: 	at java.util.concurrent.ThreadPoolExecutor$Worker.run(ThreadPoolExecutor.java:641)
01-17 01:09:28.087  8153  8194 W NetworkKit_GrsRequest: 	at java.lang.Thread.run(Thread.java:933)
01-17 01:09:28.087  8153  8194 W NetworkKit_GrsRequest: Caused by: java.lang.AssertionError: j*v*.*o*F*l*N*t*o*n*E*c*p*i*n* *u*w*i*g*s*s*.*k*
01-17 01:09:28.087  8153  8194 W NetworkKit_GrsRequest: 	at com.huawei.networkit.grs.utils.ssl.SSLSocketFactoryHelper.getSecuritySDKSocketFactory(SSLSocketFactoryHelper.java:43)
01-17 01:09:28.087  8153  8194 W NetworkKit_GrsRequest: 	at com.huawei.networkit.grs.utils.network.URLConnectionHelper.getUnionHttpsURLConnection(URLConnectionHelper.java:54)
01-17 01:09:28.087  8153  8194 W NetworkKit_GrsRequest: 	at com.huawei.networkit.grs.requestremote.RequestCallableV2.call(RequestCallableV2.java:71)
01-17 01:09:28.087  8153  8194 W NetworkKit_GrsRequest: 	at com.huawei.networkit.grs.requestremote.RequestCallableV2.call(RequestCallableV2.java:34)
01-17 01:09:28.087  8153  8194 W NetworkKit_GrsRequest: 	... 5 more
01-17 01:09:28.087  8153  8194 W NetworkKit_GrsRequest: Caused by: java.io.FileNotFoundException: h*a*e*/*r*_*p*b*s
01-17 01:09:28.087  8153  8194 W NetworkKit_GrsRequest: 	at android.content.res.AssetManager.nativeOpenAsset(Native Method)
01-17 01:09:28.087  8153  8194 W NetworkKit_GrsRequest: 	at android.content.res.AssetManager.open(AssetManager.java:1048)
01-17 01:09:28.087  8153  8194 W NetworkKit_GrsRequest: 	at android.content.res.AssetManager.open(AssetManager.java:1025)
01-17 01:09:28.087  8153  8194 W NetworkKit_GrsRequest: 	at com.huawei.networkit.grs.utils.ssl.SecureX509TrustManager.<init>(SecureX509TrustManager.java:69)
01-17 01:09:28.087  8153  8194 W NetworkKit_GrsRequest: 	at com.huawei.networkit.grs.utils.ssl.SecureSSLSocketFactory.<init>(SecureSSLSocketFactory.java:70)
01-17 01:09:28.087  8153  8194 W NetworkKit_GrsRequest: 	at com.huawei.networkit.grs.utils.ssl.SecureSSLSocketFactory.getInstance(SecureSSLSocketFactory.java:94)
01-17 01:09:28.087  8153  8194 W NetworkKit_GrsRequest: 	at com.huawei.networkit.grs.utils.ssl.SSLSocketFactoryHelper.getSecuritySDKSocketFactory(SSLSocketFactoryHelper.java:41)
01-17 01:09:28.087  8153  8194 W NetworkKit_GrsRequest: 	at com.huawei.networkit.grs.utils.network.URLConnectionHelper.getUnionHttpsURLConnection(URLConnectionHelper.java:54)
01-17 01:09:28.088  8153  8199 I NetworkKit_RequestCallableV2: NetworkKit_GRS_RequestController-Task_2 -->NetworkKit_GRS_RequestController-Task_4|RequestCallableV2.java|com.huawei.networkit.grs.requestremote.RequestCallableV2|call|66|Post call execute
01-17 01:09:28.088  8153  8199 W NetworkKit_IOUtil: NetworkKit_GRS_RequestController-Task_2 -->NetworkKit_GRS_RequestController-Task_4|IoUtils.java|com.huawei.networkit.grs.common.IoUtils|closeSecure|95|closeable is null
01-17 01:09:28.088  8153  8194 W NetworkKit_GrsRequest: NetworkKit_GRS_RequestController-Task_1 -->NetworkKit_GRS_RequestController-Task_2|GrsRequest.java|com.huawei.networkit.grs.requestremote.GrsRequest|requestServer|244|the computation threw an ExecutionException
01-17 01:09:28.088  8153  8194 W NetworkKit_GrsRequest: java.util.concurrent.ExecutionException: j*v*.*a*g*A*s*r*i*n*r*o*:*j*v*.*o*F*l*N*t*o*n*E*c*p*i*n* *u*w*i*g*s*s*.*k*
01-17 01:09:28.088  8153  8194 W NetworkKit_GrsRequest: 	at java.util.concurrent.FutureTask.report(FutureTask.java:123)
01-17 01:09:28.088  8153  8194 W NetworkKit_GrsRequest: 	at java.util.concurrent.FutureTask.get(FutureTask.java:207)
01-17 01:09:28.088  8153  8194 W NetworkKit_GrsRequest: 	at com.huawei.networkit.grs.requestremote.GrsRequest.requestServer(GrsRequest.java:232)
01-17 01:09:28.088  8153  8194 W NetworkKit_GrsRequest: 	at com.huawei.networkit.grs.requestremote.GrsRequest.submitExcutorTask(GrsRequest.java:175)
01-17 01:09:28.088  8153  8194 W NetworkKit_GrsRequest: 	at com.huawei.networkit.grs.requestremote.GrsRequest.access$000(GrsRequest.java:47)
01-17 01:09:28.088  8153  8194 W NetworkKit_GrsRequest: 	at com.huawei.networkit.grs.requestremote.GrsRequest$1.call(GrsRequest.java:153)
01-17 01:09:28.088  8153  8194 W NetworkKit_GrsRequest: 	at com.huawei.networkit.grs.requestremote.GrsRequest$1.call(GrsRequest.java:150)
01-17 01:09:28.088  8153  8194 W NetworkKit_GrsRequest: 	at java.util.concurrent.FutureTask.run(FutureTask.java:266)
01-17 01:09:28.088  8153  8194 W NetworkKit_GrsRequest: 	at com.huawei.networkit.grs.common.RunnableEnhance.run(RunnableEnhance.java:30)
01-17 01:09:28.088  8153  8194 W NetworkKit_GrsRequest: 	at java.util.concurrent.ThreadPoolExecutor.runWorker(ThreadPoolExecutor.java:1167)
01-17 01:09:28.088  8153  8194 W NetworkKit_GrsRequest: 	at java.util.concurrent.ThreadPoolExecutor$Worker.run(ThreadPoolExecutor.java:641)
01-17 01:09:28.088  8153  8194 W NetworkKit_GrsRequest: 	at java.lang.Thread.run(Thread.java:933)
01-17 01:09:28.088  8153  8194 W NetworkKit_GrsRequest: Caused by: java.lang.AssertionError: j*v*.*o*F*l*N*t*o*n*E*c*p*i*n* *u*w*i*g*s*s*.*k*
01-17 01:09:28.088  8153  8194 W NetworkKit_GrsRequest: 	at com.huawei.networkit.grs.utils.ssl.SSLSocketFactoryHelper.getSecuritySDKSocketFactory(SSLSocketFactoryHelper.java:43)
01-17 01:09:28.088  8153  8194 W NetworkKit_GrsRequest: 	at com.huawei.networkit.grs.utils.network.URLConnectionHelper.getUnionHttpsURLConnection(URLConnectionHelper.java:54)
01-17 01:09:28.088  8153  8194 W NetworkKit_GrsRequest: 	at com.huawei.networkit.grs.requestremote.RequestCallableV2.call(RequestCallableV2.java:71)
01-17 01:09:28.088  8153  8194 W NetworkKit_GrsRequest: 	at com.huawei.networkit.grs.requestremote.RequestCallableV2.call(RequestCallableV2.java:34)
01-17 01:09:28.088  8153  8194 W NetworkKit_GrsRequest: 	... 5 more
01-17 01:09:28.088  8153  8194 W NetworkKit_GrsRequest: Caused by: java.io.FileNotFoundException: h*a*e*/*r*_*p*b*s
01-17 01:09:28.088  8153  8194 W NetworkKit_GrsRequest: 	at android.content.res.AssetManager.nativeOpenAsset(Native Method)
01-17 01:09:28.088  8153  8194 W NetworkKit_GrsRequest: 	at android.content.res.AssetManager.open(AssetManager.java:1048)
01-17 01:09:28.088  8153  8194 W NetworkKit_GrsRequest: 	at android.content.res.AssetManager.open(AssetManager.java:1025)
01-17 01:09:28.088  8153  8194 W NetworkKit_GrsRequest: 	at com.huawei.networkit.grs.utils.ssl.SecureX509TrustManager.<init>(SecureX509TrustManager.java:69)
01-17 01:09:28.088  8153  8194 W NetworkKit_GrsRequest: 	at com.huawei.networkit.grs.utils.ssl.SecureSSLSocketFactory.<init>(SecureSSLSocketFactory.java:70)
01-17 01:09:28.088  8153  8194 W NetworkKit_GrsRequest: 	at com.huawei.networkit.grs.utils.ssl.SecureSSLSocketFactory.getInstance(SecureSSLSocketFactory.java:94)
01-17 01:09:28.088  8153  8194 W NetworkKit_GrsRequest: 	at com.huawei.networkit.grs.utils.ssl.SSLSocketFactoryHelper.getSecuritySDKSocketFactory(SSLSocketFactoryHelper.java:41)
01-17 01:09:28.088  8153  8194 W NetworkKit_GrsRequest: 	at com.huawei.networkit.grs.utils.network.URLConnectionHelper.getUnionHttpsURLConnection(URLConnectionHelper.java:54)
01-17 01:09:28.088  8153  8199 I NetworkKit_RequestCallableV2: NetworkKit_GRS_RequestController-Task_2 -->NetworkKit_GRS_RequestController-Task_4|RequestCallableV2.java|com.huawei.networkit.grs.requestremote.RequestCallableV2|call|66|Post call execute
01-17 01:09:28.088  8153  8187 I NetworkKit_AbstractLocalManager: AsyncTask #1 -->NetworkKit_GRS_GrsClient-Init_0||com.huawei.hms.framework.network.grs.f.a|a|8|load SDK_CONFIG_FILE: grs_sdk_global_route_config_opendevicesdk.json, sucess.
01-17 01:09:28.088  8153  8199 W NetworkKit_IOUtil: NetworkKit_GRS_RequestController-Task_2 -->NetworkKit_GRS_RequestController-Task_4|IoUtils.java|com.huawei.networkit.grs.common.IoUtils|closeSecure|95|closeable is null
01-17 01:09:28.089  8153  8194 W NetworkKit_GrsRequest: NetworkKit_GRS_RequestController-Task_1 -->NetworkKit_GRS_RequestController-Task_2|GrsRequest.java|com.huawei.networkit.grs.requestremote.GrsRequest|requestServer|244|the computation threw an ExecutionException
01-17 01:09:28.089  8153  8194 W NetworkKit_GrsRequest: java.util.concurrent.ExecutionException: j*v*.*a*g*A*s*r*i*n*r*o*:*j*v*.*o*F*l*N*t*o*n*E*c*p*i*n* *u*w*i*g*s*s*.*k*
01-17 01:09:28.089  8153  8194 W NetworkKit_GrsRequest: 	at java.util.concurrent.FutureTask.report(FutureTask.java:123)
01-17 01:09:28.089  8153  8194 W NetworkKit_GrsRequest: 	at java.util.concurrent.FutureTask.get(FutureTask.java:207)
01-17 01:09:28.089  8153  8194 W NetworkKit_GrsRequest: 	at com.huawei.networkit.grs.requestremote.GrsRequest.requestServer(GrsRequest.java:232)
01-17 01:09:28.089  8153  8194 W NetworkKit_GrsRequest: 	at com.huawei.networkit.grs.requestremote.GrsRequest.submitExcutorTask(GrsRequest.java:175)
01-17 01:09:28.089  8153  8194 W NetworkKit_GrsRequest: 	at com.huawei.networkit.grs.requestremote.GrsRequest.access$000(GrsRequest.java:47)
01-17 01:09:28.089  8153  8194 W NetworkKit_GrsRequest: 	at com.huawei.networkit.grs.requestremote.GrsRequest$1.call(GrsRequest.java:153)
01-17 01:09:28.089  8153  8194 W NetworkKit_GrsRequest: 	at com.huawei.networkit.grs.requestremote.GrsRequest$1.call(GrsRequest.java:150)
01-17 01:09:28.089  8153  8194 W NetworkKit_GrsRequest: 	at java.util.concurrent.FutureTask.run(FutureTask.java:266)
01-17 01:09:28.089  8153  8194 W NetworkKit_GrsRequest: 	at com.huawei.networkit.grs.common.RunnableEnhance.run(RunnableEnhance.java:30)
01-17 01:09:28.089  8153  8194 W NetworkKit_GrsRequest: 	at java.util.concurrent.ThreadPoolExecutor.runWorker(ThreadPoolExecutor.java:1167)
01-17 01:09:28.089  8153  8194 W NetworkKit_GrsRequest: 	at java.util.concurrent.ThreadPoolExecutor$Worker.run(ThreadPoolExecutor.java:641)
01-17 01:09:28.089  8153  8194 W NetworkKit_GrsRequest: 	at java.lang.Thread.run(Thread.java:933)
01-17 01:09:28.089  8153  8194 W NetworkKit_GrsRequest: Caused by: java.lang.AssertionError: j*v*.*o*F*l*N*t*o*n*E*c*p*i*n* *u*w*i*g*s*s*.*k*
01-17 01:09:28.089  8153  8194 W NetworkKit_GrsRequest: 	at com.huawei.networkit.grs.utils.ssl.SSLSocketFactoryHelper.getSecuritySDKSocketFactory(SSLSocketFactoryHelper.java:43)
01-17 01:09:28.089  8153  8194 W NetworkKit_GrsRequest: 	at com.huawei.networkit.grs.utils.network.URLConnectionHelper.getUnionHttpsURLConnection(URLConnectionHelper.java:54)
01-17 01:09:28.089  8153  8194 W NetworkKit_GrsRequest: 	at com.huawei.networkit.grs.requestremote.RequestCallableV2.call(RequestCallableV2.java:71)
01-17 01:09:28.089  8153  8194 W NetworkKit_GrsRequest: 	at com.huawei.networkit.grs.requestremote.RequestCallableV2.call(RequestCallableV2.java:34)
01-17 01:09:28.089  8153  8194 W NetworkKit_GrsRequest: 	... 5 more
01-17 01:09:28.089  8153  8194 W NetworkKit_GrsRequest: Caused by: java.io.FileNotFoundException: h*a*e*/*r*_*p*b*s
01-17 01:09:28.089  8153  8194 W NetworkKit_GrsRequest: 	at android.content.res.AssetManager.nativeOpenAsset(Native Method)
01-17 01:09:28.089  8153  8194 W NetworkKit_GrsRequest: 	at android.content.res.AssetManager.open(AssetManager.java:1048)
01-17 01:09:28.089  8153  8194 W NetworkKit_GrsRequest: 	at android.content.res.AssetManager.open(AssetManager.java:1025)
01-17 01:09:28.089  8153  8194 W NetworkKit_GrsRequest: 	at com.huawei.networkit.grs.utils.ssl.SecureX509TrustManager.<init>(SecureX509TrustManager.java:69)
01-17 01:09:28.089  8153  8194 W NetworkKit_GrsRequest: 	at com.huawei.networkit.grs.utils.ssl.SecureSSLSocketFactory.<init>(SecureSSLSocketFactory.java:70)
01-17 01:09:28.089  8153  8194 W NetworkKit_GrsRequest: 	at com.huawei.networkit.grs.utils.ssl.SecureSSLSocketFactory.getInstance(SecureSSLSocketFactory.java:94)
01-17 01:09:28.089  8153  8194 W NetworkKit_GrsRequest: 	at com.huawei.networkit.grs.utils.ssl.SSLSocketFactoryHelper.getSecuritySDKSocketFactory(SSLSocketFactoryHelper.java:41)
01-17 01:09:28.089  8153  8194 W NetworkKit_GrsRequest: 	at com.huawei.networkit.grs.utils.network.URLConnectionHelper.getUnionHttpsURLConnection(URLConnectionHelper.java:54)
01-17 01:09:28.089  8153  8187 I NetworkKit_AbstractLocalManager: AsyncTask #1 -->NetworkKit_GRS_GrsClient-Init_0||com.huawei.hms.framework.network.grs.f.a|a|8|load SDK_CONFIG_FILE: grs_sdk_global_route_config_opensdkService.json, sucess.
01-17 01:09:28.089  8153  8187 I NetworkKit_AbstractLocalManager: AsyncTask #1 -->NetworkKit_GRS_GrsClient-Init_0||com.huawei.hms.framework.network.grs.f.a|a|8|load SDK_CONFIG_FILE: grs_sdk_server_config.json, skipped.
01-17 01:09:28.089  8153  8200 I HMSSDK_HMSPackageManager: Enter getHMSPackageNameForMultiService
01-17 01:09:28.089  8153  8199 I NetworkKit_RequestCallableV2: NetworkKit_GRS_RequestController-Task_2 -->NetworkKit_GRS_RequestController-Task_4|RequestCallableV2.java|com.huawei.networkit.grs.requestremote.RequestCallableV2|call|66|Post call execute
01-17 01:09:28.089  8153  8187 I NetworkKit_AbstractLocalManager: AsyncTask #1 -->NetworkKit_GRS_GrsClient-Init_0||com.huawei.hms.framework.network.grs.f.a|a|8|load SDK_CONFIG_FILE: grs_sp.bks, skipped.
01-17 01:09:28.089  8153  8187 I NetworkKit_AbstractLocalManager: AsyncTask #1 -->NetworkKit_GRS_GrsClient-Init_0||com.huawei.hms.framework.network.grs.f.a|a|8|load SDK_CONFIG_FILE: hmsincas.bks, skipped.
01-17 01:09:28.089  8153  8199 W NetworkKit_IOUtil: NetworkKit_GRS_RequestController-Task_2 -->NetworkKit_GRS_RequestController-Task_4|IoUtils.java|com.huawei.networkit.grs.common.IoUtils|closeSecure|95|closeable is null
01-17 01:09:28.089  8153  8200 I HMSSDK_HuaweiApi: No setInnerHms, hms pkg name is com.huawei.hwid
01-17 01:09:28.089  8153  8187 I NetworkKit_AbstractLocalManager: AsyncTask #1 -->NetworkKit_GRS_GrsClient-Init_0||com.huawei.hms.framework.network.grs.f.a|a|8|load SDK_CONFIG_FILE: hmsrootcas.bks, skipped.
01-17 01:09:28.089  8153  8187 I NetworkKit_AbstractLocalManager: AsyncTask #1 -->NetworkKit_GRS_GrsClient-Init_0||com.huawei.hms.framework.network.grs.f.a|a|8|load SDK_CONFIG_FILE: hsdrConfig.json, skipped.
01-17 01:09:28.089  8153  8194 W NetworkKit_GrsRequest: NetworkKit_GRS_RequestController-Task_1 -->NetworkKit_GRS_RequestController-Task_2|GrsRequest.java|com.huawei.networkit.grs.requestremote.GrsRequest|requestServer|244|the computation threw an ExecutionException
01-17 01:09:28.089  8153  8194 W NetworkKit_GrsRequest: java.util.concurrent.ExecutionException: j*v*.*a*g*A*s*r*i*n*r*o*:*j*v*.*o*F*l*N*t*o*n*E*c*p*i*n* *u*w*i*g*s*s*.*k*
01-17 01:09:28.089  8153  8194 W NetworkKit_GrsRequest: 	at java.util.concurrent.FutureTask.report(FutureTask.java:123)
01-17 01:09:28.089  8153  8194 W NetworkKit_GrsRequest: 	at java.util.concurrent.FutureTask.get(FutureTask.java:207)
01-17 01:09:28.089  8153  8194 W NetworkKit_GrsRequest: 	at com.huawei.networkit.grs.requestremote.GrsRequest.requestServer(GrsRequest.java:232)
01-17 01:09:28.089  8153  8194 W NetworkKit_GrsRequest: 	at com.huawei.networkit.grs.requestremote.GrsRequest.submitExcutorTask(GrsRequest.java:175)
01-17 01:09:28.089  8153  8194 W NetworkKit_GrsRequest: 	at com.huawei.networkit.grs.requestremote.GrsRequest.access$000(GrsRequest.java:47)
01-17 01:09:28.089  8153  8194 W NetworkKit_GrsRequest: 	at com.huawei.networkit.grs.requestremote.GrsRequest$1.call(GrsRequest.java:153)
01-17 01:09:28.089  8153  8194 W NetworkKit_GrsRequest: 	at com.huawei.networkit.grs.requestremote.GrsRequest$1.call(GrsRequest.java:150)
01-17 01:09:28.089  8153  8194 W NetworkKit_GrsRequest: 	at java.util.concurrent.FutureTask.run(FutureTask.java:266)
01-17 01:09:28.089  8153  8194 W NetworkKit_GrsRequest: 	at com.huawei.networkit.grs.common.RunnableEnhance.run(RunnableEnhance.java:30)
01-17 01:09:28.089  8153  8194 W NetworkKit_GrsRequest: 	at java.util.concurrent.ThreadPoolExecutor.runWorker(ThreadPoolExecutor.java:1167)
01-17 01:09:28.089  8153  8194 W NetworkKit_GrsRequest: 	at java.util.concurrent.ThreadPoolExecutor$Worker.run(ThreadPoolExecutor.java:641)
01-17 01:09:28.089  8153  8194 W NetworkKit_GrsRequest: 	at java.lang.Thread.run(Thread.java:933)
01-17 01:09:28.089  8153  8194 W NetworkKit_GrsRequest: Caused by: java.lang.AssertionError: j*v*.*o*F*l*N*t*o*n*E*c*p*i*n* *u*w*i*g*s*s*.*k*
01-17 01:09:28.089  8153  8194 W NetworkKit_GrsRequest: 	at com.huawei.networkit.grs.utils.ssl.SSLSocketFactoryHelper.getSecuritySDKSocketFactory(SSLSocketFactoryHelper.java:43)
01-17 01:09:28.089  8153  8194 W NetworkKit_GrsRequest: 	at com.huawei.networkit.grs.utils.network.URLConnectionHelper.getUnionHttpsURLConnection(URLConnectionHelper.java:54)
01-17 01:09:28.089  8153  8194 W NetworkKit_GrsRequest: 	at com.huawei.networkit.grs.requestremote.RequestCallableV2.call(RequestCallableV2.java:71)
01-17 01:09:28.089  8153  8194 W NetworkKit_GrsRequest: 	at com.huawei.networkit.grs.requestremote.RequestCallableV2.call(RequestCallableV2.java:34)
01-17 01:09:28.089  8153  8194 W NetworkKit_GrsRequest: 	... 5 more
01-17 01:09:28.089  8153  8194 W NetworkKit_GrsRequest: Caused by: java.io.FileNotFoundException: h*a*e*/*r*_*p*b*s
01-17 01:09:28.089  8153  8194 W NetworkKit_GrsRequest: 	at android.content.res.AssetManager.nativeOpenAsset(Native Method)
01-17 01:09:28.089  8153  8194 W NetworkKit_GrsRequest: 	at android.content.res.AssetManager.open(AssetManager.java:1048)
01-17 01:09:28.089  8153  8194 W NetworkKit_GrsRequest: 	at android.content.res.AssetManager.open(AssetManager.java:1025)
01-17 01:09:28.089  8153  8194 W NetworkKit_GrsRequest: 	at com.huawei.networkit.grs.utils.ssl.SecureX509TrustManager.<init>(SecureX509TrustManager.java:69)
01-17 01:09:28.089  8153  8194 W NetworkKit_GrsRequest: 	at com.huawei.networkit.grs.utils.ssl.SecureSSLSocketFactory.<init>(SecureSSLSocketFactory.java:70)
01-17 01:09:28.089  8153  8194 W NetworkKit_GrsRequest: 	at com.huawei.networkit.grs.utils.ssl.SecureSSLSocketFactory.getInstance(SecureSSLSocketFactory.java:94)
01-17 01:09:28.089  8153  8194 W NetworkKit_GrsRequest: 	at com.huawei.networkit.grs.utils.ssl.SSLSocketFactoryHelper.getSecuritySDKSocketFactory(SSLSocketFactoryHelper.java:41)
01-17 01:09:28.089  8153  8194 W NetworkKit_GrsRequest: 	at com.huawei.networkit.grs.utils.network.URLConnectionHelper.getUnionHttpsURLConnection(URLConnectionHelper.java:54)
01-17 01:09:28.089  8153  8187 I NetworkKit_AbstractLocalManager: AsyncTask #1 -->NetworkKit_GRS_GrsClient-Init_0||com.huawei.hms.framework.network.grs.f.a|a|8|load SDK_CONFIG_FILE: huawei, skipped.
01-17 01:09:28.089  8153  8187 I NetworkKit_AbstractLocalManager: AsyncTask #1 -->NetworkKit_GRS_GrsClient-Init_0||com.huawei.hms.framework.network.grs.f.a|a|8|load SDK_CONFIG_FILE: hw_desktop_multiwindow_apps.xml, skipped.
01-17 01:09:28.090  8153  8194 W NetworkKit_GrsRequest: NetworkKit_GRS_RequestController-Task_1 -->NetworkKit_GRS_RequestController-Task_2|GrsRequest.java|com.huawei.networkit.grs.requestremote.GrsRequest|checkResponse|276|{checkResponse} when check result, find ExecutionException, check others
01-17 01:09:28.090  8153  8194 W NetworkKit_GrsRequest: java.util.concurrent.ExecutionException: j*v*.*a*g*A*s*r*i*n*r*o*:*j*v*.*o*F*l*N*t*o*n*E*c*p*i*n* *u*w*i*g*s*s*.*k*
01-17 01:09:28.090  8153  8194 W NetworkKit_GrsRequest: 	at java.util.concurrent.FutureTask.report(FutureTask.java:123)
01-17 01:09:28.090  8153  8194 W NetworkKit_GrsRequest: 	at java.util.concurrent.FutureTask.get(FutureTask.java:207)
01-17 01:09:28.090  8153  8194 W NetworkKit_GrsRequest: 	at com.huawei.networkit.grs.requestremote.GrsRequest.checkResponse(GrsRequest.java:272)
01-17 01:09:28.090  8153  8194 W NetworkKit_GrsRequest: 	at com.huawei.networkit.grs.requestremote.GrsRequest.requestServer(GrsRequest.java:260)
01-17 01:09:28.090  8153  8194 W NetworkKit_GrsRequest: 	at com.huawei.networkit.grs.requestremote.GrsRequest.submitExcutorTask(GrsRequest.java:175)
01-17 01:09:28.090  8153  8194 W NetworkKit_GrsRequest: 	at com.huawei.networkit.grs.requestremote.GrsRequest.access$000(GrsRequest.java:47)
01-17 01:09:28.090  8153  8194 W NetworkKit_GrsRequest: 	at com.huawei.networkit.grs.requestremote.GrsRequest$1.call(GrsRequest.java:153)
01-17 01:09:28.090  8153  8194 W NetworkKit_GrsRequest: 	at com.huawei.networkit.grs.requestremote.GrsRequest$1.call(GrsRequest.java:150)
01-17 01:09:28.090  8153  8194 W NetworkKit_GrsRequest: 	at java.util.concurrent.FutureTask.run(FutureTask.java:266)
01-17 01:09:28.090  8153  8194 W NetworkKit_GrsRequest: 	at com.huawei.networkit.grs.common.RunnableEnhance.run(RunnableEnhance.java:30)
01-17 01:09:28.090  8153  8194 W NetworkKit_GrsRequest: 	at java.util.concurrent.ThreadPoolExecutor.runWorker(ThreadPoolExecutor.java:1167)
01-17 01:09:28.090  8153  8194 W NetworkKit_GrsRequest: 	at java.util.concurrent.ThreadPoolExecutor$Worker.run(ThreadPoolExecutor.java:641)
01-17 01:09:28.090  8153  8194 W NetworkKit_GrsRequest: 	at java.lang.Thread.run(Thread.java:933)
01-17 01:09:28.090  8153  8194 W NetworkKit_GrsRequest: Caused by: java.lang.AssertionError: j*v*.*o*F*l*N*t*o*n*E*c*p*i*n* *u*w*i*g*s*s*.*k*
01-17 01:09:28.090  8153  8194 W NetworkKit_GrsRequest: 	at com.huawei.networkit.grs.utils.ssl.SSLSocketFactoryHelper.getSecuritySDKSocketFactory(SSLSocketFactoryHelper.java:43)
01-17 01:09:28.090  8153  8194 W NetworkKit_GrsRequest: 	at com.huawei.networkit.grs.utils.network.URLConnectionHelper.getUnionHttpsURLConnection(URLConnectionHelper.java:54)
01-17 01:09:28.090  8153  8194 W NetworkKit_GrsRequest: 	at com.huawei.networkit.grs.requestremote.RequestCallableV2.call(RequestCallableV2.java:71)
01-17 01:09:28.090  8153  8194 W NetworkKit_GrsRequest: 	at com.huawei.networkit.grs.requestremote.RequestCallableV2.call(RequestCallableV2.java:34)
01-17 01:09:28.090  8153  8194 W NetworkKit_GrsRequest: 	... 5 more
01-17 01:09:28.090  8153  8194 W NetworkKit_GrsRequest: Caused by: java.io.FileNotFoundException: h*a*e*/*r*_*p*b*s
01-17 01:09:28.090  8153  8194 W NetworkKit_GrsRequest: 	at android.content.res.AssetManager.nativeOpenAsset(Native Method)
01-17 01:09:28.090  8153  8194 W NetworkKit_GrsRequest: 	at android.content.res.AssetManager.open(AssetManager.java:1048)
01-17 01:09:28.090  8153  8194 W NetworkKit_GrsRequest: 	at android.content.res.AssetManager.open(AssetManager.java:1025)
01-17 01:09:28.090  8153  8194 W NetworkKit_GrsRequest: 	at com.huawei.networkit.grs.utils.ssl.SecureX509TrustManager.<init>(SecureX509TrustManager.java:69)
01-17 01:09:28.090  8153  8194 W NetworkKit_GrsRequest: 	at com.huawei.networkit.grs.utils.ssl.SecureSSLSocketFactory.<init>(SecureSSLSocketFactory.java:70)
01-17 01:09:28.090  8153  8194 W NetworkKit_GrsRequest: 	at com.huawei.networkit.grs.utils.ssl.SecureSSLSocketFactory.getInstance(SecureSSLSocketFactory.java:94)
01-17 01:09:28.090  8153  8194 W NetworkKit_GrsRequest: 	at com.huawei.networkit.grs.utils.ssl.SSLSocketFactoryHelper.getSecuritySDKSocketFactory(SSLSocketFactoryHelper.java:41)
01-17 01:09:28.090  8153  8194 W NetworkKit_GrsRequest: 	at com.huawei.networkit.grs.utils.network.URLConnectionHelper.getUnionHttpsURLConnection(URLConnectionHelper.java:54)
01-17 01:09:28.090  8153  8187 I NetworkKit_AbstractLocalManager: AsyncTask #1 -->NetworkKit_GRS_GrsClient-Init_0||com.huawei.hms.framework.network.grs.f.a|a|8|load SDK_CONFIG_FILE: hw_pc_white_apps.xml, skipped.
01-17 01:09:28.090  8153  8200 I HMSSDK_HuaweiApi: sendRequest
01-17 01:09:28.090  8153  8187 I NetworkKit_AbstractLocalManager: AsyncTask #1 -->NetworkKit_GRS_GrsClient-Init_0||com.huawei.hms.framework.network.grs.f.a|a|8|load SDK_CONFIG_FILE: hw_pc_white_apps_pad.xml, skipped.
01-17 01:09:28.090  8153  8194 W NetworkKit_GrsRequest: NetworkKit_GRS_RequestController-Task_1 -->NetworkKit_GRS_RequestController-Task_2|GrsRequest.java|com.huawei.networkit.grs.requestremote.GrsRequest|checkResponse|276|{checkResponse} when check result, find ExecutionException, check others
01-17 01:09:28.090  8153  8194 W NetworkKit_GrsRequest: java.util.concurrent.ExecutionException: j*v*.*a*g*A*s*r*i*n*r*o*:*j*v*.*o*F*l*N*t*o*n*E*c*p*i*n* *u*w*i*g*s*s*.*k*
01-17 01:09:28.090  8153  8194 W NetworkKit_GrsRequest: 	at java.util.concurrent.FutureTask.report(FutureTask.java:123)
01-17 01:09:28.090  8153  8194 W NetworkKit_GrsRequest: 	at java.util.concurrent.FutureTask.get(FutureTask.java:207)
01-17 01:09:28.090  8153  8194 W NetworkKit_GrsRequest: 	at com.huawei.networkit.grs.requestremote.GrsRequest.checkResponse(GrsRequest.java:272)
01-17 01:09:28.090  8153  8194 W NetworkKit_GrsRequest: 	at com.huawei.networkit.grs.requestremote.GrsRequest.requestServer(GrsRequest.java:260)
01-17 01:09:28.090  8153  8194 W NetworkKit_GrsRequest: 	at com.huawei.networkit.grs.requestremote.GrsRequest.submitExcutorTask(GrsRequest.java:175)
01-17 01:09:28.090  8153  8194 W NetworkKit_GrsRequest: 	at com.huawei.networkit.grs.requestremote.GrsRequest.access$000(GrsRequest.java:47)
01-17 01:09:28.090  8153  8194 W NetworkKit_GrsRequest: 	at com.huawei.networkit.grs.requestremote.GrsRequest$1.call(GrsRequest.java:153)
01-17 01:09:28.090  8153  8194 W NetworkKit_GrsRequest: 	at com.huawei.networkit.grs.requestremote.GrsRequest$1.call(GrsRequest.java:150)
01-17 01:09:28.090  8153  8194 W NetworkKit_GrsRequest: 	at java.util.concurrent.FutureTask.run(FutureTask.java:266)
01-17 01:09:28.090  8153  8194 W NetworkKit_GrsRequest: 	at com.huawei.networkit.grs.common.RunnableEnhance.run(RunnableEnhance.java:30)
01-17 01:09:28.090  8153  8194 W NetworkKit_GrsRequest: 	at java.util.concurrent.ThreadPoolExecutor.runWorker(ThreadPoolExecutor.java:1167)
01-17 01:09:28.090  8153  8194 W NetworkKit_GrsRequest: 	at java.util.concurrent.ThreadPoolExecutor$Worker.run(ThreadPoolExecutor.java:641)
01-17 01:09:28.090  8153  8194 W NetworkKit_GrsRequest: 	at java.lang.Thread.run(Thread.java:933)
01-17 01:09:28.090  8153  8194 W NetworkKit_GrsRequest: Caused by: java.lang.AssertionError: j*v*.*o*F*l*N*t*o*n*E*c*p*i*n* *u*w*i*g*s*s*.*k*
01-17 01:09:28.090  8153  8194 W NetworkKit_GrsRequest: 	at com.huawei.networkit.grs.utils.ssl.SSLSocketFactoryHelper.getSecuritySDKSocketFactory(SSLSocketFactoryHelper.java:43)
01-17 01:09:28.090  8153  8194 W NetworkKit_GrsRequest: 	at com.huawei.networkit.grs.utils.network.URLConnectionHelper.getUnionHttpsURLConnection(URLConnectionHelper.java:54)
01-17 01:09:28.090  8153  8194 W NetworkKit_GrsRequest: 	at com.huawei.networkit.grs.requestremote.RequestCallableV2.call(RequestCallableV2.java:71)
01-17 01:09:28.090  8153  8194 W NetworkKit_GrsRequest: 	at com.huawei.networkit.grs.requestremote.RequestCallableV2.call(RequestCallableV2.java:34)
01-17 01:09:28.090  8153  8194 W NetworkKit_GrsRequest: 	... 5 more
01-17 01:09:28.090  8153  8194 W NetworkKit_GrsRequest: Caused by: java.io.FileNotFoundException: h*a*e*/*r*_*p*b*s
01-17 01:09:28.090  8153  8194 W NetworkKit_GrsRequest: 	at android.content.res.AssetManager.nativeOpenAsset(Native Method)
01-17 01:09:28.090  8153  8194 W NetworkKit_GrsRequest: 	at android.content.res.AssetManager.open(AssetManager.java:1048)
01-17 01:09:28.090  8153  8194 W NetworkKit_GrsRequest: 	at android.content.res.AssetManager.open(AssetManager.java:1025)
01-17 01:09:28.090  8153  8194 W NetworkKit_GrsRequest: 	at com.huawei.networkit.grs.utils.ssl.SecureX509TrustManager.<init>(SecureX509TrustManager.java:69)
01-17 01:09:28.090  8153  8194 W NetworkKit_GrsRequest: 	at com.huawei.networkit.grs.utils.ssl.SecureSSLSocketFactory.<init>(SecureSSLSocketFactory.java:70)
01-17 01:09:28.090  8153  8194 W NetworkKit_GrsRequest: 	at com.huawei.networkit.grs.utils.ssl.SecureSSLSocketFactory.getInstance(SecureSSLSocketFactory.java:94)
01-17 01:09:28.090  8153  8194 W NetworkKit_GrsRequest: 	at com.huawei.networkit.grs.utils.ssl.SSLSocketFactoryHelper.getSecuritySDKSocketFactory(SSLSocketFactoryHelper.java:41)
01-17 01:09:28.090  8153  8194 W NetworkKit_GrsRequest: 	at com.huawei.networkit.grs.utils.network.URLConnectionHelper.getUnionHttpsURLConnection(URLConnectionHelper.java:54)
01-17 01:09:28.090  8153  8187 I NetworkKit_AbstractLocalManager: AsyncTask #1 -->NetworkKit_GRS_GrsClient-Init_0||com.huawei.hms.framework.network.grs.f.a|a|8|load SDK_CONFIG_FILE: images, skipped.
01-17 01:09:28.090  8153  8187 I NetworkKit_AbstractLocalManager: AsyncTask #1 -->NetworkKit_GRS_GrsClient-Init_0||com.huawei.hms.framework.network.grs.f.a|a|8|load SDK_CONFIG_FILE: notification_decision_tree.xml, skipped.
01-17 01:09:28.090  8153  8194 W NetworkKit_GrsRequest: NetworkKit_GRS_RequestController-Task_1 -->NetworkKit_GRS_RequestController-Task_2|GrsRequest.java|com.huawei.networkit.grs.requestremote.GrsRequest|checkResponse|276|{checkResponse} when check result, find ExecutionException, check others
01-17 01:09:28.090  8153  8194 W NetworkKit_GrsRequest: java.util.concurrent.ExecutionException: j*v*.*a*g*A*s*r*i*n*r*o*:*j*v*.*o*F*l*N*t*o*n*E*c*p*i*n* *u*w*i*g*s*s*.*k*
01-17 01:09:28.090  8153  8194 W NetworkKit_GrsRequest: 	at java.util.concurrent.FutureTask.report(FutureTask.java:123)
01-17 01:09:28.090  8153  8194 W NetworkKit_GrsRequest: 	at java.util.concurrent.FutureTask.get(FutureTask.java:207)
01-17 01:09:28.090  8153  8194 W NetworkKit_GrsRequest: 	at com.huawei.networkit.grs.requestremote.GrsRequest.checkResponse(GrsRequest.java:272)
01-17 01:09:28.090  8153  8194 W NetworkKit_GrsRequest: 	at com.huawei.networkit.grs.requestremote.GrsRequest.requestServer(GrsRequest.java:260)
01-17 01:09:28.090  8153  8194 W NetworkKit_GrsRequest: 	at com.huawei.networkit.grs.requestremote.GrsRequest.submitExcutorTask(GrsRequest.java:175)
01-17 01:09:28.090  8153  8194 W NetworkKit_GrsRequest: 	at com.huawei.networkit.grs.requestremote.GrsRequest.access$000(GrsRequest.java:47)
01-17 01:09:28.090  8153  8194 W NetworkKit_GrsRequest: 	at com.huawei.networkit.grs.requestremote.GrsRequest$1.call(GrsRequest.java:153)
01-17 01:09:28.090  8153  8194 W NetworkKit_GrsRequest: 	at com.huawei.networkit.grs.requestremote.GrsRequest$1.call(GrsRequest.java:150)
01-17 01:09:28.090  8153  8194 W NetworkKit_GrsRequest: 	at java.util.concurrent.FutureTask.run(FutureTask.java:266)
01-17 01:09:28.090  8153  8194 W NetworkKit_GrsRequest: 	at com.huawei.networkit.grs.common.RunnableEnhance.run(RunnableEnhance.java:30)
01-17 01:09:28.090  8153  8194 W NetworkKit_GrsRequest: 	at java.util.concurrent.ThreadPoolExecutor.runWorker(ThreadPoolExecutor.java:1167)
01-17 01:09:28.090  8153  8194 W NetworkKit_GrsRequest: 	at java.util.concurrent.ThreadPoolExecutor$Worker.run(ThreadPoolExecutor.java:641)
01-17 01:09:28.090  8153  8194 W NetworkKit_GrsRequest: 	at java.lang.Thread.run(Thread.java:933)
01-17 01:09:28.090  8153  8194 W NetworkKit_GrsRequest: Caused by: java.lang.AssertionError: j*v*.*o*F*l*N*t*o*n*E*c*p*i*n* *u*w*i*g*s*s*.*k*
01-17 01:09:28.090  8153  8194 W NetworkKit_GrsRequest: 	at com.huawei.networkit.grs.utils.ssl.SSLSocketFactoryHelper.getSecuritySDKSocketFactory(SSLSocketFactoryHelper.java:43)
01-17 01:09:28.090  8153  8194 W NetworkKit_GrsRequest: 	at com.huawei.networkit.grs.utils.network.URLConnectionHelper.getUnionHttpsURLConnection(URLConnectionHelper.java:54)
01-17 01:09:28.090  8153  8194 W NetworkKit_GrsRequest: 	at com.huawei.networkit.grs.requestremote.RequestCallableV2.call(RequestCallableV2.java:71)
01-17 01:09:28.090  8153  8194 W NetworkKit_GrsRequest: 	at com.huawei.networkit.grs.requestremote.RequestCallableV2.call(RequestCallableV2.java:34)
01-17 01:09:28.090  8153  8194 W NetworkKit_GrsRequest: 	... 5 more
01-17 01:09:28.090  8153  8194 W NetworkKit_GrsRequest: Caused by: java.io.FileNotFoundException: h*a*e*/*r*_*p*b*s
01-17 01:09:28.090  8153  8194 W NetworkKit_GrsRequest: 	at android.content.res.AssetManager.nativeOpenAsset(Native Method)
01-17 01:09:28.090  8153  8194 W NetworkKit_GrsRequest: 	at android.content.res.AssetManager.open(AssetManager.java:1048)
01-17 01:09:28.090  8153  8194 W NetworkKit_GrsRequest: 	at android.content.res.AssetManager.open(AssetManager.java:1025)
01-17 01:09:28.090  8153  8194 W NetworkKit_GrsRequest: 	at com.huawei.networkit.grs.utils.ssl.SecureX509TrustManager.<init>(SecureX509TrustManager.java:69)
01-17 01:09:28.090  8153  8194 W NetworkKit_GrsRequest: 	at com.huawei.networkit.grs.utils.ssl.SecureSSLSocketFactory.<init>(SecureSSLSocketFactory.java:70)
01-17 01:09:28.090  8153  8194 W NetworkKit_GrsRequest: 	at com.huawei.networkit.grs.utils.ssl.SecureSSLSocketFactory.getInstance(SecureSSLSocketFactory.java:94)
01-17 01:09:28.090  8153  8194 W NetworkKit_GrsRequest: 	at com.huawei.networkit.grs.utils.ssl.SSLSocketFactoryHelper.getSecuritySDKSocketFactory(SSLSocketFactoryHelper.java:41)
01-17 01:09:28.090  8153  8194 W NetworkKit_GrsRequest: 	at com.huawei.networkit.grs.utils.network.URLConnectionHelper.getUnionHttpsURLConnection(URLConnectionHelper.java:54)
01-17 01:09:28.090  8153  8200 I HMSSDK_HMSPackageManager: Enter getHMSPackageName
01-17 01:09:28.090  8153  8187 I NetworkKit_AbstractLocalManager: AsyncTask #1 -->NetworkKit_GRS_GrsClient-Init_0||com.huawei.hms.framework.network.grs.f.a|a|8|load SDK_CONFIG_FILE: pfw, skipped.
01-17 01:09:28.090  8153  8187 I NetworkKit_AbstractLocalManager: AsyncTask #1 -->NetworkKit_GRS_GrsClient-Init_0||com.huawei.hms.framework.network.grs.f.a|a|8|load SDK_CONFIG_FILE: sfpconfig.json, skipped.
01-17 01:09:28.090  8153  8194 W NetworkKit_GrsRequest: NetworkKit_GRS_RequestController-Task_1 -->NetworkKit_GRS_RequestController-Task_2|GrsRequest.java|com.huawei.networkit.grs.requestremote.GrsRequest|checkResponse|276|{checkResponse} when check result, find ExecutionException, check others
01-17 01:09:28.090  8153  8194 W NetworkKit_GrsRequest: java.util.concurrent.ExecutionException: j*v*.*a*g*A*s*r*i*n*r*o*:*j*v*.*o*F*l*N*t*o*n*E*c*p*i*n* *u*w*i*g*s*s*.*k*
01-17 01:09:28.090  8153  8194 W NetworkKit_GrsRequest: 	at java.util.concurrent.FutureTask.report(FutureTask.java:123)
01-17 01:09:28.090  8153  8194 W NetworkKit_GrsRequest: 	at java.util.concurrent.FutureTask.get(FutureTask.java:207)
01-17 01:09:28.090  8153  8194 W NetworkKit_GrsRequest: 	at com.huawei.networkit.grs.requestremote.GrsRequest.checkResponse(GrsRequest.java:272)
01-17 01:09:28.090  8153  8194 W NetworkKit_GrsRequest: 	at com.huawei.networkit.grs.requestremote.GrsRequest.requestServer(GrsRequest.java:260)
01-17 01:09:28.090  8153  8194 W NetworkKit_GrsRequest: 	at com.huawei.networkit.grs.requestremote.GrsRequest.submitExcutorTask(GrsRequest.java:175)
01-17 01:09:28.090  8153  8194 W NetworkKit_GrsRequest: 	at com.huawei.networkit.grs.requestremote.GrsRequest.access$000(GrsRequest.java:47)
01-17 01:09:28.090  8153  8194 W NetworkKit_GrsRequest: 	at com.huawei.networkit.grs.requestremote.GrsRequest$1.call(GrsRequest.java:153)
01-17 01:09:28.090  8153  8194 W NetworkKit_GrsRequest: 	at com.huawei.networkit.grs.requestremote.GrsRequest$1.call(GrsRequest.java:150)
01-17 01:09:28.090  8153  8194 W NetworkKit_GrsRequest: 	at java.util.concurrent.FutureTask.run(FutureTask.java:266)
01-17 01:09:28.090  8153  8194 W NetworkKit_GrsRequest: 	at com.huawei.networkit.grs.common.RunnableEnhance.run(RunnableEnhance.java:30)
01-17 01:09:28.090  8153  8194 W NetworkKit_GrsRequest: 	at java.util.concurrent.ThreadPoolExecutor.runWorker(ThreadPoolExecutor.java:1167)
01-17 01:09:28.090  8153  8194 W NetworkKit_GrsRequest: 	at java.util.concurrent.ThreadPoolExecutor$Worker.run(ThreadPoolExecutor.java:641)
01-17 01:09:28.090  8153  8194 W NetworkKit_GrsRequest: 	at java.lang.Thread.run(Thread.java:933)
01-17 01:09:28.090  8153  8194 W NetworkKit_GrsRequest: Caused by: java.lang.AssertionError: j*v*.*o*F*l*N*t*o*n*E*c*p*i*n* *u*w*i*g*s*s*.*k*
01-17 01:09:28.090  8153  8194 W NetworkKit_GrsRequest: 	at com.huawei.networkit.grs.utils.ssl.SSLSocketFactoryHelper.getSecuritySDKSocketFactory(SSLSocketFactoryHelper.java:43)
01-17 01:09:28.090  8153  8194 W NetworkKit_GrsRequest: 	at com.huawei.networkit.grs.utils.network.URLConnectionHelper.getUnionHttpsURLConnection(URLConnectionHelper.java:54)
01-17 01:09:28.090  8153  8194 W NetworkKit_GrsRequest: 	at com.huawei.networkit.grs.requestremote.RequestCallableV2.call(RequestCallableV2.java:71)
01-17 01:09:28.090  8153  8194 W NetworkKit_GrsRequest: 	at com.huawei.networkit.grs.requestremote.RequestCallableV2.call(RequestCallableV2.java:34)
01-17 01:09:28.090  8153  8194 W NetworkKit_GrsRequest: 	... 5 more
01-17 01:09:28.090  8153  8194 W NetworkKit_GrsRequest: Caused by: java.io.FileNotFoundException: h*a*e*/*r*_*p*b*s
01-17 01:09:28.090  8153  8194 W NetworkKit_GrsRequest: 	at android.content.res.AssetManager.nativeOpenAsset(Native Method)
01-17 01:09:28.090  8153  8194 W NetworkKit_GrsRequest: 	at android.content.res.AssetManager.open(AssetManager.java:1048)
01-17 01:09:28.090  8153  8194 W NetworkKit_GrsRequest: 	at android.content.res.AssetManager.open(AssetManager.java:1025)
01-17 01:09:28.090  8153  8194 W NetworkKit_GrsRequest: 	at com.huawei.networkit.grs.utils.ssl.SecureX509TrustManager.<init>(SecureX509TrustManager.java:69)
01-17 01:09:28.090  8153  8194 W NetworkKit_GrsRequest: 	at com.huawei.networkit.grs.utils.ssl.SecureSSLSocketFactory.<init>(SecureSSLSocketFactory.java:70)
01-17 01:09:28.090  8153  8194 W NetworkKit_GrsRequest: 	at com.huawei.networkit.grs.utils.ssl.SecureSSLSocketFactory.getInstance(SecureSSLSocketFactory.java:94)
01-17 01:09:28.090  8153  8194 W NetworkKit_GrsRequest: 	at com.huawei.networkit.grs.utils.ssl.SSLSocketFactoryHelper.getSecuritySDKSocketFactory(SSLSocketFactoryHelper.java:41)
01-17 01:09:28.090  8153  8194 W NetworkKit_GrsRequest: 	at com.huawei.networkit.grs.utils.network.URLConnectionHelper.getUnionHttpsURLConnection(URLConnectionHelper.java:54)
01-17 01:09:28.090  8153  8187 I NetworkKit_AbstractLocalManager: AsyncTask #1 -->NetworkKit_GRS_GrsClient-Init_0||com.huawei.hms.framework.network.grs.f.a|a|8|load SDK_CONFIG_FILE: softap_channels_policy.xml, skipped.
01-17 01:09:28.090  8153  8187 I NetworkKit_AbstractLocalManager: AsyncTask #1 -->NetworkKit_GRS_GrsClient-Init_0||com.huawei.hms.framework.network.grs.f.a|a|8|load SDK_CONFIG_FILE: trustlist.json, skipped.
01-17 01:09:28.090  8153  8194 W NetworkKit_GrsRequest: NetworkKit_GRS_RequestController-Task_1 -->NetworkKit_GRS_RequestController-Task_2|GrsRequest.java|com.huawei.networkit.grs.requestremote.GrsRequest|checkResponse|276|{checkResponse} when check result, find ExecutionException, check others
01-17 01:09:28.090  8153  8194 W NetworkKit_GrsRequest: java.util.concurrent.ExecutionException: j*v*.*a*g*A*s*r*i*n*r*o*:*j*v*.*o*F*l*N*t*o*n*E*c*p*i*n* *u*w*i*g*s*s*.*k*
01-17 01:09:28.090  8153  8194 W NetworkKit_GrsRequest: 	at java.util.concurrent.FutureTask.report(FutureTask.java:123)
01-17 01:09:28.090  8153  8194 W NetworkKit_GrsRequest: 	at java.util.concurrent.FutureTask.get(FutureTask.java:207)
01-17 01:09:28.090  8153  8194 W NetworkKit_GrsRequest: 	at com.huawei.networkit.grs.requestremote.GrsRequest.checkResponse(GrsRequest.java:272)
01-17 01:09:28.090  8153  8194 W NetworkKit_GrsRequest: 	at com.huawei.networkit.grs.requestremote.GrsRequest.requestServer(GrsRequest.java:260)
01-17 01:09:28.090  8153  8194 W NetworkKit_GrsRequest: 	at com.huawei.networkit.grs.requestremote.GrsRequest.submitExcutorTask(GrsRequest.java:175)
01-17 01:09:28.090  8153  8194 W NetworkKit_GrsRequest: 	at com.huawei.networkit.grs.requestremote.GrsRequest.access$000(GrsRequest.java:47)
01-17 01:09:28.090  8153  8194 W NetworkKit_GrsRequest: 	at com.huawei.networkit.grs.requestremote.GrsRequest$1.call(GrsRequest.java:153)
01-17 01:09:28.090  8153  8194 W NetworkKit_GrsRequest: 	at com.huawei.networkit.grs.requestremote.GrsRequest$1.call(GrsRequest.java:150)
01-17 01:09:28.090  8153  8194 W NetworkKit_GrsRequest: 	at java.util.concurrent.FutureTask.run(FutureTask.java:266)
01-17 01:09:28.090  8153  8194 W NetworkKit_GrsRequest: 	at com.huawei.networkit.grs.common.RunnableEnhance.run(RunnableEnhance.java:30)
01-17 01:09:28.090  8153  8194 W NetworkKit_GrsRequest: 	at java.util.concurrent.ThreadPoolExecutor.runWorker(ThreadPoolExecutor.java:1167)
01-17 01:09:28.090  8153  8194 W NetworkKit_GrsRequest: 	at java.util.concurrent.ThreadPoolExecutor$Worker.run(ThreadPoolExecutor.java:641)
01-17 01:09:28.090  8153  8194 W NetworkKit_GrsRequest: 	at java.lang.Thread.run(Thread.java:933)
01-17 01:09:28.090  8153  8194 W NetworkKit_GrsRequest: Caused by: java.lang.AssertionError: j*v*.*o*F*l*N*t*o*n*E*c*p*i*n* *u*w*i*g*s*s*.*k*
01-17 01:09:28.090  8153  8194 W NetworkKit_GrsRequest: 	at com.huawei.networkit.grs.utils.ssl.SSLSocketFactoryHelper.getSecuritySDKSocketFactory(SSLSocketFactoryHelper.java:43)
01-17 01:09:28.090  8153  8194 W NetworkKit_GrsRequest: 	at com.huawei.networkit.grs.utils.network.URLConnectionHelper.getUnionHttpsURLConnection(URLConnectionHelper.java:54)
