--------- beginning of main
01-17 01:09:26.541  8041  8041 D HiTraceC: entered HiTraceInit, Log Registered: 1
--------- beginning of system
01-17 01:09:26.547  1881  4306 I ActivityTaskManager: notifyActivityLaunching intent=Intent { flg=0x10000000 cmp=com.soulmate/.ui.test.ASRTestActivity } existingInfo=null
01-17 01:09:26.548  1881  4306 I ActivityTaskManager: START u0 {flg=0x10000000 hwFlg=0x10 cmp=com.soulmate/.ui.test.ASRTestActivity} from uid 2000
01-17 01:09:26.548  1881  4306 I HwActivityTaskManagerServiceEx: developer mode, not limit.
01-17 01:09:26.549  1881  4306 D ActivityTaskManager: default mask = 6160 default binary mask = 1100000010000
01-17 01:09:26.550  1881  4306 D ActivityTaskManager: real mask = 0 real binary mask = 0shouldIntercept start, isNeedIntercept = false callingUid = 2000 callingPackage = com.android.shell
01-17 01:09:26.550  1881  4306 D ActivityTaskManager: Background activity start allowed: START_ACTIVITIES_FROM_BACKGROUND permission granted for callingUid = 2000 callingPid = 8041 callingPackage = com.android.shell
01-17 01:09:26.550  1881  4306 D HwActivityStarterEx: reportResult packageName = com.android.shell uid = 2000 activityOriginalStartResult = 127 hwInterceptionMask = 0 validLen = 8
01-17 01:09:26.550  1881  4306 I HwActivityTaskManagerServiceEx: begin to activity starting, controller com.android.settings=android.app.IActivityController$Stub$Proxy@d75cde3
01-17 01:09:26.552  1881  4306 D HwMWPM  : activityInfo: ActivityInfo{4240b00 com.soulmate.ui.test.ASRTestActivity}, intent: Intent { flg=0x10000000 cmp=com.soulmate/.ui.test.ASRTestActivity }, options: null, callingPackage: com.android.shell, isStartToSplit: false
01-17 01:09:26.552  1881  4306 D HwMultiWindowManager: no needed update to source window mode
01-17 01:09:26.552  1881  4306 I HwActivityTaskManagerServiceEx: begin to activity starting, controller com.android.settings=android.app.IActivityController$Stub$Proxy@d75cde3
01-17 01:09:26.552   988  1040 W PF_LEVEL_MAP_GROUP: [GetclusterIdFromPath:141] [GOVERNOR_TOP_TASK_STATS_POLICY_CPU_M] path: [/sys/devices/system/cpu/cpu4/cpufreq/schedutil/top_task_stats_policy] cpu index over max size!
01-17 01:09:26.552  1420  1440 D AwareLog: iawared: WorkingsetProcessCommand subCmd = 354, userId=10276, pid=0, com.soulmate
01-17 01:09:26.553   988  1039 W PF_LEVEL_MAP_GROUP: [GetclusterIdFromPath:141] [GOVERNOR_TOP_TASK_STATS_POLICY_CPU_L] path: [/sys/devices/system/cpu/cpu0/cpufreq/schedutil/top_task_stats_policy] cpu index over max size!
01-17 01:09:26.553   988  1041 W PF_LEVEL_MAP_GROUP: [GetclusterIdFromPath:141] [GOVERNOR_TOP_TASK_STATS_POLICY_CPU_B] path: [/sys/devices/system/cpu/cpu6/cpufreq/schedutil/top_task_stats_policy] cpu index over max size!
01-17 01:09:26.553  4565  4905 I ScenarioService: app start speedup : com.soulmate
01-17 01:09:26.553  1881  4306 D HwASInterceptor: both page open. caller:com.android.shell, target:com.soulmate
01-17 01:09:26.553  1420  1440 W AwareLog: iawared: CmdAsyncCmd snprintf_s failed
01-17 01:09:26.553  1420  1440 D AwareLog: iawared: WorkingsetSendPrereadMsg com.soulmate
01-17 01:09:26.553  1881  4306 I HwASInterceptor: Adb enabled, allow to start activity
01-17 01:09:26.553  1420  1440 D AwareLog: iawared: WorkingsetStart com.soulmate in monitor0
01-17 01:09:26.553  1881  4306 I PermissionPolicyService: ActivityInterceptorCallback ActivityInterceptResult intercept
01-17 01:09:26.553  1881  4306 D HwGameAssistantController: isGameForeground? false
01-17 01:09:26.553  1881  4306 I ActivityTaskManager: ActivityRecord info: ActivityInfo{4240b00 com.soulmate.ui.test.ASRTestActivity}
01-17 01:09:26.555  1881  4306 D ActivityTaskManager: TaskLaunchParamsModifier:task=null activity=ActivityRecord{f5a5bd9 u0 com.soulmate/.ui.test.ASRTestActivity display-id=0 display-windowing-mode=1 suggested-display-area=DefaultTaskDisplayArea@246742497
01-17 01:09:26.555  1881  4306 D ActivityTaskManager: TaskLaunchParamsModifier:task=null activity=ActivityRecord{f5a5bd9 u0 com.soulmate/.ui.test.ASRTestActivity t-1} display-id=0 display-windowing-mode=1 suggested-display-area=DefaultTaskDisplayArea@246742497 non-freeform-mode=0 display-area=DefaultTaskDisplayArea@246742497
01-17 01:09:26.556  1881  4306 W HwMultiWindowManager: launch multi window activity: invalid params. r=ActivityRecord{f5a5bd9 u0 com.soulmate/.ui.test.ASRTestActivity t-1} options=null source=null
01-17 01:09:26.556  1881  4306 D WindowManager: pinned windowing mode is false  pad mirror cast is  false isInSubDisplay = false
01-17 01:09:26.556  1881  4306 W ActivityTaskManager: Can't find TaskDisplayArea to determine support for multi window. Task id=17 attached=false
01-17 01:09:26.556  1881  4306 D WindowManager: update surface windowing mode failed since surface control is null
01-17 01:09:26.557  1005  1878 I Layer   : Task=17#1600: created
01-17 01:09:26.558  1881  4306 I ActivityTaskManager: taskAppearedReady mTaskOrganizer: android.window.ITaskOrganizer$Stub$Proxy@79477eemDeferTaskAppear: falsemCreatedByOrganizer: falsemSurfaceControl: Surface(name=Task=17)/@0x44b699ehasbeenVis: falsetask: Task{c7e4c7f #17 type=standard ?? U=0 visible=false mode=fullscreen translucent=true sz=0}
01-17 01:09:26.558  1881  4306 D ActivityTaskManager: TaskLaunchParamsModifier:task=Task{c7e4c7f #17 type=standard A=10276:com.soulmate U=0 visible=false mode=fullscreen translucent=true sz=0} activity=ActivityRecord{f5a5bd9 u0 com.soulmate/.ui.test.ASRTestActivity t-1} display-from-task=0 display-id=0 display-windowing-mode=1 suggested-display-area=DefaultTaskDisplayArea@246742497 non-freeform-mode=0 display-area=DefaultTaskDisplayArea@246742497
01-17 01:09:26.559  1881  4306 I WindowManager: addWindowToken: displayid:0 binder:Token{b2df39 ActivityRecord{f5a5bd9 u0 com.soulmate/.ui.test.ASRTestActivity t-1}} token:ActivityRecord{f5a5bd9 u0 com.soulmate/.ui.test.ASRTestActivity t-1}
01-17 01:09:26.559  1005  1878 I Layer   : ActivityRecord{f5a5bd9 u0 com.soulmate/.ui.test.ASRTestActivity t17}#1601: created
01-17 01:09:26.561  1881  4306 I PowerManagerService-JNI: fingersense switch state:1
01-17 01:09:26.561  4826 10264 I LifecycleTransaction: activityCallbacks TopResumedActivityChangeItem{onTop=false}
01-17 01:09:26.561  4826  4826 I TopResumedActivityChangeItem: execute start, ActivityClientRecord = ActivityRecord{28bed84 token=android.os.BinderProxy@6592d1f {com.huawei.android.launcher/com.huawei.android.launcher.unihome.UniHomeLauncher}}
01-17 01:09:26.561  1881  4306 I PowerManagerService-JNI: ignore fingersense switch state:0
01-17 01:09:26.562  1881  4306 I ActivityTaskManager: addStartingWindow mStayStack = false, needPrelaunchStartingWindow = false
01-17 01:09:26.562  1881  4306 V HwActivityTaskManagerServiceEx: no need to start app lock
01-17 01:09:26.562  1881  4306 D HwWindowManagerServiceEx: save info of card to app transition begin
01-17 01:09:26.563  1881  2200 I HwAudioServiceEx: ComponentInfo : className = com.soulmate.ui.test.ASRTestActivity, flag = showStartingWindow, isHomeActivity = , isTop = false
01-17 01:09:26.563  1881  2200 I HwAudioServiceEx: not onResume or onPause
01-17 01:09:26.563  4826 10264 I LifecycleTransaction: lifecycleStateRequest PauseActivityItem{finished=false,userLeaving=true,configChanges=0,dontReport=false}
01-17 01:09:26.563  7063  6173 W ContentSensor_13.11.3.203_FrameworkRegistry: Unknown state is : showStartingWindow
01-17 01:09:26.563  4623  4650 E DollieActivityManagerAdapter: HwActivityNotifierEx null uid
01-17 01:09:26.564  1881  4306 I TaskSnapshot: taskId:15 Callers=com.android.server.wm.TaskSnapshotCache.removeRunningEntry:385 com.android.server.wm.TaskSnapshotCache.removeRunningEntry:337 com.android.server.wm.TaskSnapshotCache.onTaskRemoved:285 com.android.server.wm.TaskSnapshotController.notifyTaskRemovedFromRecents:1118 com.android.server.wm.Task.removedFromRecents:2186 com.android.server.wm.ActivityTaskSupervisor.onRecentTaskRemoved:2102 com.android.server.wm.RecentTasks.notifyTaskRemoved:483 com.android.server.wm.RecentTasks.removeForAddTask:1736 
01-17 01:09:26.564  4623  4648 D Hicom_Monitor: ActivityNotifier not support:com.soulmate
01-17 01:09:26.566  1881  4306 I PermissionPolicyService: onActivityLaunched start
01-17 01:09:26.566  1881  4306 I PermissionPolicyService: shouldShowNotificationDialogForPushAndImApp: applicationInfo is invalid.
01-17 01:09:26.566  1881  4306 W PermissionPolicyService: do not show notification dialog when onActivityLaunched
01-17 01:09:26.567  1881  2189 D CompatibilityChangeReporter: Compat change id reported: 158002302; UID 1000; state: ENABLED
01-17 01:09:26.567  1881  2188 I ActivityManager: startProcess: name=com.soulmate app=null knownToBeDead=false thread=null pid=-1 preloadStatus=-1
01-17 01:09:26.567  1881  2188 I BigFontUtils: adjustAppProcessConfiguration appInfo:com.soulmate
01-17 01:09:26.568  4826  4826 I HwViewRootImpl: remove sceneId 10 topId: 0
01-17 01:09:26.568  1420  1440 D AwareLog: iawared: WorkingsetProcessCommand subCmd = 354, userId=10276, pid=0, com.soulmate
01-17 01:09:26.569  1881  2188 D CompatibilityChangeReporter: Compat change id reported: 135634846; UID 10276; state: DISABLED
01-17 01:09:26.569  4826  5119 D HwLauncher: FormStackEventReporter getFormStackInfoListByPageIndex -> no formStacks cache
01-17 01:09:26.569  1420  1440 D AwareLog: iawared: WorkingsetStart com.soulmate in monitor0
01-17 01:09:26.569  1881 23015 W ActivityTaskManager: stopFreezingScreen return caused by mFreezingScreen false.
01-17 01:09:26.569  1881  2188 D CompatibilityChangeReporter: Compat change id reported: 177438394; UID 10276; state: DISABLED
01-17 01:09:26.569  1881  2188 D CompatibilityChangeReporter: Compat change id reported: 135772972; UID 10276; state: DISABLED
01-17 01:09:26.569  1881 23015 V HwActivityTaskManagerServiceEx: no need to start app lock
01-17 01:09:26.569  1881  2188 D CompatibilityChangeReporter: Compat change id reported: 135754954; UID 10276; state: ENABLED
01-17 01:09:26.569  1881  2188 I ActivityManager: Posting procStart msg for 0:com.soulmate/u0a276
01-17 01:09:26.569  1881  2206 I ActivityManager: startProcess: asking zygote to start proc ProcessRecord{64f744c 0:com.soulmate/u0a276}
01-17 01:09:26.569  1881  2206 D CompatibilityChangeReporter: Compat change id reported: 143937733; UID 10276; state: ENABLED
01-17 01:09:26.569  1881  2206 W ActivityManager: Unknown package:com.google.android.gms
01-17 01:09:26.569  1881  2206 W ActivityManager: Unknown package:com.huawei.hwid.tv
01-17 01:09:26.569  1881  2206 W ActivityManager: Unknown package:com.huawei.hms
01-17 01:09:26.570  1881  2206 I ZygoteProcess: Zygote use usap: false
01-17 01:09:26.570  1881 23015 I WindowManager: screenOnEarly=true,awaketrue,currentAppOrientation=-1, keyguardDrawComplete=true, windowManagerDrawComplete=true
01-17 01:09:26.570  1881 23015 I WindowManager: Deferring rotation, rotation not changed, rotation=0
01-17 01:09:26.570  1881  2188 I ActivityManager: startProcess: name=com.soulmate app=ProcessRecord{64f744c 0:com.soulmate/u0a276} knownToBeDead=false thread=null pid=0 preloadStatus=0
01-17 01:09:26.570  1881  2188 I ActivityManager: startProcessLocked, app is pending start
01-17 01:09:26.570  1881  2188 I ActivityManager: startProcess: name=com.soulmate app=ProcessRecord{64f744c 0:com.soulmate/u0a276} knownToBeDead=false thread=null pid=0 preloadStatus=0
01-17 01:09:26.571  1881  2188 I ActivityManager: startProcessLocked, app is pending start
01-17 01:09:26.571  4565  4621 I PGServer: android calls fast HApps
01-17 01:09:26.571  4565  4621 I AppFastHibernation: fast H duration: 1500 reason: start activity
01-17 01:09:26.572  1881  2188 V ActivityTaskManager: Activity idle: null
01-17 01:09:26.572  1881  2188 I ActivityTaskManager: Stopping ActivityRecord{4865b48 u0 com.huawei.android.launcher/.unihome.UniHomeLauncher t7}: nowVisible=true animating=true finishing=false
01-17 01:09:26.572  1881  2189 I DecorView[soulmate]: pkgName:com.soulmate old windowMode:0 new windoMode:1, isFixedSize:false, isStackNeedCaptionView:true
01-17 01:09:26.573  1881  2210 W libprocessgroup: Failed to open /dev/stune/foreground/cgroup.procs: No such file or directory
01-17 01:09:26.573  1881  2210 W libprocessgroup: ExecuteForProcess failed for aggregate profile: No such file or directory
01-17 01:09:26.573  1881  2188 I ActivityManager: Killing 6201:com.huawei.trustcircle/u0a191 (adj 955): emptyEx #9
01-17 01:09:26.573  1881  2188 I ActivityManager: Killing 6365:com.huawei.hitouch:hitouchprovider/u0a64 (adj 955): emptyEx #10
01-17 01:09:26.573  1881  2188 I ActivityManager: Killing 4542:com.huawei.android.thememanager/u0a84 (adj 955): emptyEx #11
01-17 01:09:26.573  1881  2188 I ActivityManager: Killing 6332:com.huawei.motionservice/u0a213 (adj 965): emptyEx #12
01-17 01:09:26.574  1881  2189 D MouseWheelSynthesizer: mMoveStepInDp: 64, mMoveStepInPixel: 192, mUpTimeDelayed: 100
01-17 01:09:26.574  1881  2188 I ActivityManager: Killing 17453:com.huawei.intelligent:intelligentService/u0a32 (adj 975): emptyEx #13
01-17 01:09:26.574  1005  1365 I VSyncReactor: still confirming period
01-17 01:09:26.574  1881  2189 D ViewRootImpl: ViewUI ViewRootImpl mIsInProductivePCDisplay: false
01-17 01:09:26.575  1881  2210 W libprocessgroup: Failed to open /dev/stune/foreground/cgroup.procs: No such file or directory
01-17 01:09:26.575  1881  2210 W libprocessgroup: ExecuteForProcess failed for aggregate profile: No such file or directory
01-17 01:09:26.575  1005  1878 I Layer   : 573764e Splash Screen com.soulmate#1602: created
01-17 01:09:26.577  1881  2189 I WindowManager: addWindow: Window{573764e u0 Splash Screen com.soulmate} currentDisplayId:0 requestDisplayId:0 token:Token{b2df39 ActivityRecord{f5a5bd9 u0 com.soulmate/.ui.test.ASRTestActivity t17}} appearance:0 fl_fullscreen=false vsysui_fullscreen=false
01-17 01:09:26.578  1881  2189 I InsetsController: ViewUI_insets updateState new source: InsetsSource: {mType=ITYPE_STATUS_BAR, mFrame=[0,0][1080,135], mVisible=true}
01-17 01:09:26.578  1881  2189 I InsetsController: ViewUI_insets updateState new source: InsetsSource: {mType=ITYPE_NAVIGATION_BAR, mFrame=[0,0][0,0], mVisible=false}
01-17 01:09:26.577   993   993 D AudioPolicyService: getUidState(10276) !cacheIter->second.first, return PROCESS_STATE_UNKNOWN
01-17 01:09:26.578  1881  2189 D InputEventReceiver: dispatchInputInterval 1000000
01-17 01:09:26.578   993   993 D AudioPolicyService: getUidState(10276) !cacheIter->second.first, return PROCESS_STATE_UNKNOWN
01-17 01:09:26.579  1881  2200 I HwAudioServiceEx: ComponentInfo : className = com.huawei.android.launcher.unihome.UniHomeLauncher, flag = onPause, isHomeActivity = , isTop = false
01-17 01:09:26.579  1881  2189 I HwSoraManager: SORA is disabled for Splash Screen com.soulmate
01-17 01:09:26.579  1881  4078 W HwAudioServiceEx: SoundEffectState bundle get reserved is invalid
01-17 01:09:26.579  1881  4078 I HwAudioServiceEx: sendAppKilledIntentForKit, isKitPackageOnPause = false, isKitPackageKill = false, isKitPackageOnResume = false
01-17 01:09:26.580  1881  2189 I WindowManager: Focus not requested for window=Window{b75fa33 u0 com.huawei.android.launcher/com.huawei.android.launcher.unihome.UniHomeLauncher}
01-17 01:09:26.580  7063  6173 W ContentSensor_13.11.3.203_ContentSensorService: mEventListener is null 
01-17 01:09:26.580  4623  4648 D Hicom_Monitor: ActivityNotifier not support:com.huawei.android.launcher
01-17 01:09:26.580   993   993 D AudioPolicyService: getUidState(10190) cacheIter->second.first, return cacheIter->second.second(15)
01-17 01:09:26.581  4623  4894 D DollieActivityManagerAdapter: [Paused] pid:4826 uid:10073 ComponentInfo{com.huawei.android.launcher/com.huawei.android.launcher.unihome.UniHomeLauncher} uidState:2
01-17 01:09:26.581  1881  4167 D OpenGLRenderer: disableOutlineDraw is true
01-17 01:09:26.584  1881  2200 I HmCameraWhiteListUtils: getDownloadCfgFile dir:/data/cota/para/thirdappfilter/third_app_filter.xml
01-17 01:09:26.585  4565  5327 I AppManager: removeProcessDependency pid:6201
01-17 01:09:26.588  4565  5327 I ash_trans: com.huawei.hitouch { running duration=603828 Uptime=603827 } transition to: end, reason: not_running
01-17 01:09:26.588  1881  2189 I DecorView: updateColorViewInt type:0 size: 135 color:ff3700b3 appColor:ff3700b3
01-17 01:09:26.588  4565  5327 I PG_ash  : delete app record pkg: com.huawei.hitouch
01-17 01:09:26.588  4565  5327 I AppManager: removeProcessDependency pid:6365
01-17 01:09:26.588  1005  1878 I Layer   : Splash Screen com.soulmate#1603: created
01-17 01:09:26.589  1881  2200 I HmCameraWhiteListUtils: other function may be added to the xml later, parse it here
01-17 01:09:26.590  1005  1365 I VSyncPredictor: setPeriod: 16666666
01-17 01:09:26.590  4565  5327 I ash_trans: com.huawei.android.thememanager { running duration=893680 Uptime=893681 } transition to: end, reason: not_running
01-17 01:09:26.590  4565  5327 I PG_ash  : delete app record pkg: com.huawei.android.thememanager
01-17 01:09:26.590  4565  5327 I AppManager: removeProcessDependency pid:4542
01-17 01:09:26.591  4565  5327 I AppManager: removeProcessDependency pid:17453
01-17 01:09:26.591  1881 23015 I FocusResolver: Lost focus window in display 0
01-17 01:09:26.594  1881  2396 I GestureNavManager: FocusWindowBottom Options = 0x0, isDisabled = false
01-17 01:09:26.594  1881  2207 I libprocessgroup: Successfully killed process cgroup uid 10191 pid 6201 in 20ms
01-17 01:09:26.596  1881  2189 I WindowManager: Changing focus from Window{b75fa33 u0 com.huawei.android.launcher/com.huawei.android.launcher.unihome.UniHomeLauncher} to null displayId=0
01-17 01:09:26.596  1881  2189 I NavigationCallOut: focusChanged, focus=null, mIsFocusWinInBlackList=false
01-17 01:09:26.597  1881  2189 I HwDisplayContentEx: currentFocus windowstate null
01-17 01:09:26.597  1881  2189 D ZrHung.AppEyeFocusWindow: FocusWindowErrorScene CheckFreezeScreen
01-17 01:09:26.597  1881  2189 D BufferQueueCore: BufferQueueCore: mDebugHwFlow=0, mIsBufferQueueLogVSupport=0.
01-17 01:09:26.598   910   910 D Zygote  : Forked child process 8045
01-17 01:09:26.598  1881  4167 E OpenGLRenderer: Unable to match the desired swap behavior.
01-17 01:09:26.599  1881  2206 I ActivityManager: Start proc 8045:com.soulmate/u0a276 for pre-top-activity {com.soulmate/com.soulmate.ui.test.ASRTestActivity}
01-17 01:09:26.599  1420  1440 D AwareLog: iawared: WorkingsetProcessCommand subCmd = 350, userId=10276, pid=8045, com.soulmate
01-17 01:09:26.600  1420  1440 D AwareLog: iawared: WorkingsetStart com.soulmate in monitor0
01-17 01:09:26.601  1881  2385 E HwActivityManagerServiceEx: Null app thread, notifyAppQuitToHome failed: 8045
01-17 01:09:26.601  1881  2385 E ProcessInfoCollector: getProcessInfo: proc should not less than zero.
01-17 01:09:26.603  4565  5327 I PG_ash  : start process:com.soulmate reason:pre-top-activity pid:8045 uid:10276 pkgs:null
01-17 01:09:26.604  4565  5327 I PG_ash  : com.soulmate pop from SHDA
01-17 01:09:26.604  4565  5327 I PG_ash  : running package: com.soulmate, visible: false
01-17 01:09:26.605   587 23988 D teec_service: teec client is dead, pid=6201
01-17 01:09:26.605  1881 23015 I ActivityManager: appDiedLocked: pid=6201, app=ProcessRecord{f08dd55 6201:com.huawei.trustcircle/u0a191}, fromBinderDied=true, reason=null
01-17 01:09:26.605  1881 23015 D ActivityManager: cleanUpApplicationRecord app: 6201:com.huawei.trustcircle/u0a191, bad: false, restarting: false, allowRestart: true
01-17 01:09:26.605  1881  4078 W HwAudioServiceEx: SoundEffectState bundle get reserved is invalid
01-17 01:09:26.605   591   606 W LibteecGlobal@3.0: processCaDied: getCallingPid=6201
01-17 01:09:26.605   591   606 W LibteecGlobal@3.0: processCaDied: outProcdata[6201] not in the list
01-17 01:09:26.605  1881  2189 I HwViewRootImpl: removeInvalidNode all the node in jank list is out of time
01-17 01:09:26.606   587 23988 D teec_service: delete client come in, pid=6201
01-17 01:09:26.608  4623  4648 E HsmCoreServiceImpl: onTransact in code is: 102
01-17 01:09:26.608  4623  4648 I MediaProcessHandler: processOp opType: 1, uid: 10191, pid: 6201
01-17 01:09:26.608  4623  4648 W MediaProcessHandler: only the process it self can do this operation: 10191, 1000, 6201, 4494
01-17 01:09:26.608  4623  4648 I MediaProcessHandler: executedCallBack opType: 1 mMediaStatusObservers.size=0
01-17 01:09:26.608   993   993 D AudioPolicyService: getUidState(10191) !cacheIter->second.first, return PROCESS_STATE_UNKNOWN
01-17 01:09:26.608  4826  5356 D HwLauncher: LocalTaskList loadTasksInBackground:4 numTasks:16 currentUserId:0
01-17 01:09:26.609  1881  2385 D HwActivityManagerServiceEx: notifyAppToTop pid:8045, enable:1
01-17 01:09:26.609  1881  2385 E HwActivityManagerServiceEx: Null app thread, notifyAppToTop failed: 8045
01-17 01:09:26.609   910   910 I Zygote  : Process 6201 exited due to signal 9 (Killed)
01-17 01:09:26.610  1881  2207 I libprocessgroup: Successfully killed process cgroup uid 10064 pid 6365 in 0ms
01-17 01:09:26.610  8045  8045 I SELinux : system_file lable set found!!!!!
01-17 01:09:26.610  8045  8045 I SELinux : value : u:object_r:system_data_file:s0
01-17 01:09:26.610  8045  8045 I SELinux : path : /data/user
01-17 01:09:26.610  8045  8045 I SELinux : system_file lable set found!!!!!
01-17 01:09:26.610  8045  8045 I SELinux : value : u:object_r:system_data_file:s0
01-17 01:09:26.610  8045  8045 I SELinux : path : /data/data
01-17 01:09:26.610  8045  8045 I SELinux : system_file lable set found!!!!!
01-17 01:09:26.610  8045  8045 I SELinux : value : u:object_r:system_data_file:s0
01-17 01:09:26.610  8045  8045 I SELinux : path : /data/user_de/0
01-17 01:09:26.610  8045  8045 I SELinux : system_file lable set found!!!!!
01-17 01:09:26.610  8045  8045 I SELinux : value : u:object_r:system_data_file:s0
01-17 01:09:26.610  8045  8045 I SELinux : path : /data/user_de
01-17 01:09:26.610  1005  1005 I BufferStateLayer: setBuffer: Splash Screen com.soulmate#1603: first buffer comes.
01-17 01:09:26.608  8045  8045 W main    : type=1400 audit(0.0:6411): avc: denied { write } for name="tasks" dev="tmpfs" ino=1474 scontext=u:r:zygote:s0 tcontext=u:object_r:device:s0 tclass=file permissive=0 app=com.soulmate
01-17 01:09:26.612  1420  1440 D AwareLog: iawared: set /proc/1881/task/8046/static_vip vip
01-17 01:09:26.614  8045  8045 I com.soulmate: Late-enabling -Xcheck:jni
01-17 01:09:26.614  1881  2189 I ActivityTaskManager: taskAppearedReady mTaskOrganizer: android.window.ITaskOrganizer$Stub$Proxy@79477eemDeferTaskAppear: falsemCreatedByOrganizer: falsemSurfaceControl: Surface(name=Task=17)/@0x44b699ehasbeenVis: truetask: Task{c7e4c7f #17 type=standard A=10276:com.soulmate U=0 visible=true mode=fullscreen translucent=false sz=1}
01-17 01:09:26.614  1881  2189 I WindowManager: performShow transition not clear
01-17 01:09:26.614  1881  4078 I HwAudioServiceEx: sendAppKilledIntentForKit, isKitPackageOnPause = false, isKitPackageKill = false, isKitPackageOnResume = false
01-17 01:09:26.616  4826  4826 I Task    : Task recycle id=15 windowingMode=1 user=0 lastActiveTime=82039974
01-17 01:09:26.616  1881  2200 I HwPowerManagerService: appdie release wakelock, pid = 6201, uid = 10191
01-17 01:09:26.618  1881  2189 I TaskOrganizerController: onTaskAppeared task: 17
01-17 01:09:26.618  1881  2189 I ActivityTaskManager: taskAppearedReady mTaskOrganizer: android.window.ITaskOrganizer$Stub$Proxy@79477eemDeferTaskAppear: falsemCreatedByOrganizer: falsemSurfaceControl: Surface(name=Task=17)/@0x44b699ehasbeenVis: truetask: Task{c7e4c7f #17 type=standard A=10276:com.soulmate U=0 visible=true mode=fullscreen translucent=false sz=1}
01-17 01:09:26.619  1881  2189 I WindowManager: Checking 1 opening apps (frozen=false timeout=false)...
01-17 01:09:26.619  1881  2189 I WindowManager: Check opening app=ActivityRecord{f5a5bd9 u0 com.soulmate/.ui.test.ASRTestActivity t17}: allDrawn=false startingDisplayed=true startingMoved=false isRelaunching()=false mStartingWindow=Window{573764e u0 Splash Screen com.soulmate} isOneStepWindowChanging=falseisOpenCombinationSplitScreen=false shouldWaitCombine=false
01-17 01:09:26.619  1881  2189 I WindowManager: Checking 0 opening apps (frozen=false timeout=false)...
01-17 01:09:26.619  1881  2189 I WindowManager: send SET_LAUNCHER_VISIBLE_IN_FINGER_BOOST visible: true,delay:0, handle:true, userId:0, callingPid: 1881
01-17 01:09:26.619  1881  2189 D WindowManager: setActivityVisibleInFingerBoostInner fit:true record:ActivityRecord{4865b48 u0 com.huawei.android.launcher/.unihome.UniHomeLauncher t7} isInWallpaperEffect:false, callingPid: 1881
01-17 01:09:26.619  1881  2188 I WindowManager: handle SET_LAUNCHER_VISIBLE_IN_FINGER_BOOST visible:true handle:trueuserId:0, currentUserId:0
01-17 01:09:26.619  1881  2189 D WindowManager: getTopAnimActivity enter true, ActivityRecord{f5a5bd9 u0 com.soulmate/.ui.test.ASRTestActivity t17}
01-17 01:09:26.619  4222  4222 I ShellTaskOrganizer: Task appeared taskId: 17
01-17 01:09:26.620  1881  4802 I ConnectivityService: ConnectivityService NetworkRequestInfo binderDied(uid/pid:10032/17453, android.os.BinderProxy@4524167)
01-17 01:09:26.620  1881  4802 I HwConnectivityServiceEx: cacheCellularrNetworkRequestuid =  10032 cache:2
01-17 01:09:26.620   910   910 I Zygote  : Process 17453 exited due to signal 9 (Killed)
01-17 01:09:26.620  1881  4059 I ConnectivityService: releasing NetworkRequest [ REQUEST id=672, [ Capabilities: INTERNET&NOT_RESTRICTED&TRUSTED&NOT_VCN_MANAGED Uid: 10032 RequestorUid: 10032 RequestorPkg: com.huawei.intelligent] ] (release request)
01-17 01:09:26.621  1881  2189 W CardClipReveal: invalid intelligent card rect
01-17 01:09:26.621  1881  2189 W HiCarAppTransitAnimBuilder: window is null
01-17 01:09:26.621  1881  2189 I WmAnimLoader: no builder fit isEnter:true transit:12 frame:Rect(0, 0 - 1080, 2400)
01-17 01:09:26.621  1881  2189 D HwWindowManagerServiceEx: getCrossAppTransitAnimRoundCornerRadius radius 105.0
01-17 01:09:26.621  1881  2189 E HwWindowManagerServiceEx: The super lite device do not need to create layer or params check failed
01-17 01:09:26.621  1005  1324 I Layer   : Surface(name=Task=17)/@0x44b699e - animation-leash of app_transition#1604: created
01-17 01:09:26.622   910   910 I Zygote  : Process 4542 exited due to signal 9 (Killed)
01-17 01:09:26.623  4803  4803 D GSM     : [RoamingBroker] isRoamingBrokerActivated returns false
01-17 01:09:26.623  1881  2189 D WindowManager: getTopAnimActivity enter false, ActivityRecord{4865b48 u0 com.huawei.android.launcher/.unihome.UniHomeLauncher t7}
01-17 01:09:26.624   910   910 I Zygote  : Process 6365 exited due to signal 9 (Killed)
01-17 01:09:26.624   910   910 I Zygote  : Process 6332 exited due to signal 9 (Killed)
01-17 01:09:26.625  1881  2189 W CardClipReveal: invalid intelligent card rect
01-17 01:09:26.625  1881  2189 I HwWindowManagerServiceEx: closing apps count = 1
01-17 01:09:26.625  1881  2189 D HwWindowManagerServiceEx: is app exit to launcher info: transit = 12, app = ActivityRecord{4865b48 u0 com.huawei.android.launcher/.unihome.UniHomeLauncher t7}, window = Window{b75fa33 u0 com.huawei.android.launcher/com.huawei.android.launcher.unihome.UniHomeLauncher}, mClosingApps = {ActivityRecord{4865b48 u0 com.huawei.android.launcher/.unihome.UniHomeLauncher t7}}, topOpeningApp = ActivityRecord{f5a5bd9 u0 com.soulmate/.ui.test.ASRTestActivity t17}
01-17 01:09:26.625  1881  2189 E WindowManager: icon is null!!
01-17 01:09:26.625  1881  2189 I WmAnimLoader: no builder fit isEnter:false transit:12 frame:Rect(0, 0 - 1080, 2400)
01-17 01:09:26.625  1881  2207 I libprocessgroup: Successfully killed process cgroup uid 10084 pid 4542 in 0ms
01-17 01:09:26.625  1881  2189 E HwWindowManagerServiceEx: The super lite device do not need to create layer or params check failed
01-17 01:09:26.625  1881  2207 I libprocessgroup: Successfully killed process cgroup uid 10213 pid 6332 in 0ms
01-17 01:09:26.625  1005  1324 I Layer   : Surface(name=Task=1)/@0xd148113 - animation-leash of app_transition#1605: created
01-17 01:09:26.625  1881  2207 I libprocessgroup: Successfully killed process cgroup uid 10032 pid 17453 in 0ms
01-17 01:09:26.626  1881  2189 W ActivityTaskManager: stopFreezingScreen return caused by mFreezingScreen false.
01-17 01:09:26.626  1881  2189 V WindowManager: commitVisibility: ActivityRecord{4865b48 u0 com.huawei.android.launcher/.unihome.UniHomeLauncher t7}: visible=false mVisibleRequested=false
01-17 01:09:26.626  1881  2189 V WindowManager: commitVisibility: ActivityRecord{f5a5bd9 u0 com.soulmate/.ui.test.ASRTestActivity t17}: visible=true mVisibleRequested=true
01-17 01:09:26.628  4565  4905 I ScenarioService: app is visible from system: com.huawei.android.launcher
01-17 01:09:26.628  4565  4905 I ScenarioService: not same pkg need update from system
01-17 01:09:26.628  4565  4905 I ScenarioService: app is visible from system: com.soulmate
01-17 01:09:26.628  4565  4905 I ScenarioService: not same pkg need update from system
01-17 01:09:26.629  1005  1324 I Layer   : Surface(name=93c510 StatusBar)/@0x101d00a - animation-leash of insets_animation#1606: created
01-17 01:09:26.629  8045  8045 I com.soulmate: Reinit property: dalvik.vm.checkjni= false
01-17 01:09:26.629  8045  8045 I com.soulmate: ReInitProperties: persist.vm.debug.dumpapi= false
01-17 01:09:26.631  1881  2189 I WindowManager: wm_insets notifyInsetsControlChanged for:Window{b75fa33 u0 com.huawei.android.launcher/com.huawei.android.launcher.unihome.UniHomeLauncher}
01-17 01:09:26.631  1881  2189 I WindowManager: wm_insets notifyInsetsControlChanged for:Window{573764e u0 Splash Screen com.soulmate}
01-17 01:09:26.631  1881  2188 D WindowManager: setLauncherVisibleInFingerBoost record=ActivityRecord{4865b48 u0 com.huawei.android.launcher/.unihome.UniHomeLauncher t7}
01-17 01:09:26.632  1881  2188 I WindowManager: setLauncherVisible setAlpha to 1.0
01-17 01:09:26.632  4826  4826 I InsetsSourceConsumer: ViewUI_insets mSourceControl is null notifyControlRevoked type: 0
01-17 01:09:26.632  1881  2188 D WindowManager: setLauncherVisible wallpaperScale=false
01-17 01:09:26.632  1881  2188 D WindowManager: WS setWallpaperScale return, wallpaper no need to recover
01-17 01:09:26.632 32274 32282 I adbd    : jdwp connection from 8045
01-17 01:09:26.633  8045  8045 I AndroidRuntime: RuntimeInit: Starting application from zygote
01-17 01:09:26.633  8045  8045 D AndroidRuntime: Entered RuntimeInit!
01-17 01:09:26.633  1881  2189 D InsetsSourceConsumer: ViewUI_insets setControl -> ITYPE_STATUS_BAR on Splash Screen com.soulmate
01-17 01:09:26.633  1881  2189 D InsetsSourceConsumer: ViewUI_insets setControl mType:0, requestedVisible:true, getLeash:Surface(name=Surface(name=93c510 StatusBar)/@0x101d00a - animation-leash of insets_animation)/@0x5274975, needAnimation:false, mIsAnimationPending:false, getRootViewTitle:Splash Screen com.soulmate
01-17 01:09:26.635  1881 15152 I ActivityManager: appDiedLocked: pid=17453, app=ProcessRecord{b2641d4 17453:com.huawei.intelligent:intelligentService/u0a32}, fromBinderDied=true, reason=null
01-17 01:09:26.635  1881  4078 W HwAudioServiceEx: SoundEffectState bundle get reserved is invalid
01-17 01:09:26.635  1881 15152 D ActivityManager: cleanUpApplicationRecord app: 17453:com.huawei.intelligent:intelligentService/u0a32, bad: false, restarting: false, allowRestart: true
01-17 01:09:26.635  1881  4078 I HwAudioServiceEx: sendAppKilledIntentForKit, isKitPackageOnPause = false, isKitPackageKill = false, isKitPackageOnResume = false
01-17 01:09:26.635  1881  2200 I HwPowerManagerService: appdie release wakelock, pid = 17453, uid = 10032
01-17 01:09:26.637  4623  4940 E HsmCoreServiceImpl: onTransact in code is: 102
01-17 01:09:26.637  4623  4940 I MediaProcessHandler: processOp opType: 1, uid: 10032, pid: 17453
01-17 01:09:26.637  4623  4940 W MediaProcessHandler: only the process it self can do this operation: 10032, 1000, 17453, 4494
01-17 01:09:26.637  4623  4940 I MediaProcessHandler: executedCallBack opType: 1 mMediaStatusObservers.size=0
01-17 01:09:26.637  1881  4957 I ActivityManager: appDiedLocked: pid=6332, app=ProcessRecord{5e4d09c 6332:com.huawei.motionservice/u0a213}, fromBinderDied=true, reason=null
01-17 01:09:26.637  8045  8045 I AndroidRuntime: MethodAndArgsCaller run()
01-17 01:09:26.637  1881  4078 W HwAudioServiceEx: SoundEffectState bundle get reserved is invalid
01-17 01:09:26.637  1881  4957 D ActivityManager: cleanUpApplicationRecord app: 6332:com.huawei.motionservice/u0a213, bad: false, restarting: false, allowRestart: true
01-17 01:09:26.637  1881  4078 I HwAudioServiceEx: sendAppKilledIntentForKit, isKitPackageOnPause = false, isKitPackageKill = false, isKitPackageOnResume = false
01-17 01:09:26.638  1881  2200 I HwPowerManagerService: appdie release wakelock, pid = 6332, uid = 10213
01-17 01:09:26.638  1881 22969 I ActivityManager: appDiedLocked: pid=6365, app=ProcessRecord{6a3c1da 6365:com.huawei.hitouch:hitouchprovider/u0a64}, fromBinderDied=true, reason=null
01-17 01:09:26.639  1881 22969 D ActivityManager: cleanUpApplicationRecord app: 6365:com.huawei.hitouch:hitouchprovider/u0a64, bad: false, restarting: false, allowRestart: true
01-17 01:09:26.639  1881  2200 I HwPowerManagerService: appdie release wakelock, pid = 6365, uid = 10064
01-17 01:09:26.639  1881  4078 W HwAudioServiceEx: SoundEffectState bundle get reserved is invalid
01-17 01:09:26.639  1881  4078 I HwAudioServiceEx: sendAppKilledIntentForKit, isKitPackageOnPause = false, isKitPackageKill = false, isKitPackageOnResume = false
01-17 01:09:26.640   993   993 D AudioPolicyService: getUidState(10213) !cacheIter->second.first, return PROCESS_STATE_UNKNOWN
01-17 01:09:26.641   993   993 D AudioPolicyService: getUidState(10064) !cacheIter->second.first, return PROCESS_STATE_UNKNOWN
01-17 01:09:26.641  1881  4306 I ActivityManager: appDiedLocked: pid=4542, app=ProcessRecord{a502221 4542:com.huawei.android.thememanager/u0a84}, fromBinderDied=true, reason=null
01-17 01:09:26.641  1881  4078 W HwAudioServiceEx: SoundEffectState bundle get reserved is invalid
01-17 01:09:26.641  1881  4306 D ActivityManager: cleanUpApplicationRecord app: 4542:com.huawei.android.thememanager/u0a84, bad: false, restarting: false, allowRestart: true
01-17 01:09:26.641  1881  4078 I HwAudioServiceEx: sendAppKilledIntentForKit, isKitPackageOnPause = false, isKitPackageKill = false, isKitPackageOnResume = false
01-17 01:09:26.641  1881  2200 I HwPowerManagerService: appdie release wakelock, pid = 4542, uid = 10084
01-17 01:09:26.642  1881  2190 D SurfaceControl: notifyExtremeAnimation(): sc = [Surface(name=Surface(name=Task=17)/@0x44b699e - animation-leash of app_transition)/@0x8b78d03]
01-17 01:09:26.642  1005  1878 D SurfaceFlingerEx: NotifyExtremeAnimation layer:Surface(name=Task=17)/@0x44b699e - animation-leash of app_transition#1604 type:0 size:704 time:12899559
01-17 01:09:26.643  1005  1878 I ExtremeAnimationCore: EaComposer start
01-17 01:09:26.643  1881  2190 D SurfaceControl: notifyExtremeAnimation(): sc = [Surface(name=Surface(name=Task=1)/@0xd148113 - animation-leash of app_transition)/@0x6d00efe]
01-17 01:09:26.643  1005  1878 D SurfaceFlingerEx: NotifyExtremeAnimation layer:Surface(name=Task=1)/@0xd148113 - animation-leash of app_transition#1605 type:0 size:224 time:12899559
01-17 01:09:26.643  1005  1878 I ExtremeAnimationCore: EaComposer start
01-17 01:09:26.643   993   993 D AudioPolicyService: getUidState(10084) !cacheIter->second.first, return PROCESS_STATE_UNKNOWN
01-17 01:09:26.643  8045  8045 D ActivityThread: Attach thread to application
01-17 01:09:26.643  1881  4957 D SurfaceControl: ExtremeAnimation Listener Wrapper OnAnimationStart
01-17 01:09:26.643  1881 22969 D SurfaceControl: ExtremeAnimation Listener Wrapper OnAnimationStart
01-17 01:09:26.643  1881  4957 I HwViewRootImpl: Add sceneId 94 topId: 0
01-17 01:09:26.643  1881  4957 D SceneHelper: notifyState ltpo1.0 push currentPackageName=system_process ltpo10SceneState=3009 scene=TRANSIT_OLD_WALLPAPER_CLOSE
01-17 01:09:26.643  1881 22969 D SceneHelper: notifyState ltpo1.0 push currentPackageName=system_process ltpo10SceneState=3009 scene=TRANSIT_OLD_WALLPAPER_CLOSE
01-17 01:09:26.643  1005  1005 I Layer   : [*#1597] reparent null
01-17 01:09:26.643  1005  1005 I AnimateManager: DelAnimationInfo: layer Surface(name=93c510 StatusBar)/@0x101d00a - animation-leash of insets_animation#1597, mEnable 0
01-17 01:09:26.644  1005  1005 I Layer   : *#1597: destroyed
01-17 01:09:26.644  1881  4306 W system_server: Failed to UpdateQosForCgroupInner, tid=0, policy=10
01-17 01:09:26.644  4565 10944 W ApsSceneManager: APS: APK: setSceneInfo: unknow scene!
01-17 01:09:26.644  4565 10944 W ApsSceneManager: APS: APK: setSceneInfo: unknow scene!
01-17 01:09:26.645  4623  4940 E HsmCoreServiceImpl: onTransact in code is: 102
01-17 01:09:26.645  4623  4940 I MediaProcessHandler: processOp opType: 1, uid: 10213, pid: 6332
01-17 01:09:26.646  4623  4940 W MediaProcessHandler: only the process it self can do this operation: 10213, 1000, 6332, 4494
01-17 01:09:26.646  4623  4940 I MediaProcessHandler: executedCallBack opType: 1 mMediaStatusObservers.size=0
01-17 01:09:26.646  4623  4940 E HsmCoreServiceImpl: onTransact in code is: 102
01-17 01:09:26.646  4623  4940 I MediaProcessHandler: processOp opType: 1, uid: 10064, pid: 6365
01-17 01:09:26.646  4623  4940 W MediaProcessHandler: only the process it self can do this operation: 10064, 1000, 6365, 4494
01-17 01:09:26.646  4623  4940 I MediaProcessHandler: executedCallBack opType: 1 mMediaStatusObservers.size=0
01-17 01:09:26.647  1881  4306 I WindowManager: Deferring rotation, rotation not changed, rotation=0
01-17 01:09:26.647  4623  4940 E HsmCoreServiceImpl: onTransact in code is: 102
01-17 01:09:26.647  4623  4940 I MediaProcessHandler: processOp opType: 1, uid: 10084, pid: 4542
01-17 01:09:26.647  4623  4940 W MediaProcessHandler: only the process it self can do this operation: 10084, 1000, 4542, 4494
01-17 01:09:26.647  4623  4940 I MediaProcessHandler: executedCallBack opType: 1 mMediaStatusObservers.size=0
01-17 01:09:26.647  1881  2385 W AwareLog: SchedLevelBoost: onProcessDied config not set!
01-17 01:09:26.648  1881  2385 W AwareLog: SchedLevelBoost: onProcessDied config not set!
01-17 01:09:26.648  1881  4306 I ActivityTaskManager: updateTopApp to ProcessRecord{64f744c 8045:com.soulmate/u0a276}
01-17 01:09:26.648  1881  4306 D HwActivityTaskManagerServiceEx: to.packageName is not in mRestoreFaList.
01-17 01:09:26.648  1881  4306 W HwActivityTaskManagerServiceEx: appSwitch from: com.huawei.android.launcher to: com.soulmate
01-17 01:09:26.649  1881  4306 E WMGatewayProxy: reportFocusedAppChanged: window manager gateway is not available.
01-17 01:09:26.649  1881  2385 W AwareLog: SchedLevelBoost: onProcessDied config not set!
01-17 01:09:26.649  1401  7099 D DeferredProcess: DeferredProcessingService.cpp:137 NotifyAppSwitch() fromPkg: com.huawei.android.launcher, toPkg: com.soulmate
01-17 01:09:26.650  1401  7099 I DeferredProcess: DeferredProcessingService.cpp:140 NotifyAppSwitch() multi stage capture not support
01-17 01:09:26.650  1881  2200 E WiFi_PRO_RecommendPortalController: mTopAppName: com.soulmate
01-17 01:09:26.650  4565  4905 I ScenarioService: app run front pkg: com.soulmate
01-17 01:09:26.650  1881  2201 D HwGameAssistantController: UPDATE: mCurFgPkg=com.soulmate, mCurFgPid=8045, mIsCurGame=false
01-17 01:09:26.650  1881  4136 I WiFi_PRO_WifiProStateMachine: current app com.soulmate, has changed
01-17 01:09:26.650  1881  4136 I WiFi_PRO_WifiProStateMachine: not in RecommendWifi2CellState.
01-17 01:09:26.650  4623  6922 D Hicom_QosController: handleForegroundAppChanged pkgName:com.soulmate, lastPkg:com.huawei.android.launcher
01-17 01:09:26.650  4565  4905 D ScenarioService: front pkg : com.soulmate launcher: false
01-17 01:09:26.650  4565  5327 I PG_ash  : front pkg : com.soulmate
01-17 01:09:26.650  4565  4905 D ScenarioService: new above launcher front pkgs: [com.soulmate]
01-17 01:09:26.650  4623  4648 I HiBeckonService: current package: com.soulmate; appType is:-1
01-17 01:09:26.650  4623 25264 I {AssistantService-13.0.1.300}_AssistantApkNotifier: registerHwActivityNotifier call fromPackage:com.huawei.android.launcher, toPackage:com.soulmate
01-17 01:09:26.651  4565  5327 I PG_ash  : Visible app changed pkg : com.soulmate, visible: true
01-17 01:09:26.651  4565  5327 I PG_ash  : running package: com.soulmate, visible: true
01-17 01:09:26.651  4623  5516 D {AssistantService-13.0.1.300}_AssistantApkNotifier: handleMessage app switch fromPackage:com.huawei.android.launcher, toPackage:com.soulmate
01-17 01:09:26.651  8045  8061 I LoadedApk: createSharedLibrariesLoaders::sharedLibraries is null
01-17 01:09:26.651  4565  5597 I PGServer: report state:10010 event type:2 pid:0 uid:0 pkg:com.huawei.android.launcher to pid: 4623
01-17 01:09:26.651  4565  5597 I PGServer: report state:10010 event type:2 pid:0 uid:0 pkg:com.huawei.android.launcher to pid: 1881
01-17 01:09:26.651  4565  5597 I PGServer: report state:10010 event type:2 pid:0 uid:0 pkg:com.huawei.android.launcher to pid: 4565
01-17 01:09:26.651  4565  5597 I SceneReceiver: state type: 10010 eventType:2 pid:0 uid:0 pkg:com.huawei.android.launcher
01-17 01:09:26.651  4565  5597 D ApsPgPlug: APK: onStateChanged stateType: 10010, pkg:com.huawei.android.launcher
01-17 01:09:26.651  1881 15152 I system_server: prelaunch: ServerRmeResourceCollectorGetNextListInternal start with timeshift 0
01-17 01:09:26.651  4623  4648 I HiBeckonService: current package: com.soulmate; isShieldScenes=false
01-17 01:09:26.651  4565  5597 I PGServer: report state:10000 event type:1 pid:0 uid:0 pkg:com.soulmate to pid: 4623
01-17 01:09:26.651  4623  4648 I HiBeckonService: beckon mode switch isMsdpEnabled = true isShieldScenes = false; isCalling = false
01-17 01:09:26.651  4565  5597 I PGServer: report state:10000 event type:1 pid:0 uid:0 pkg:com.soulmate to pid: 1881
01-17 01:09:26.651  1881 15152 I system_server: 
01-17 01:09:26.651  4565  5597 I PGServer: report state:10000 event type:1 pid:0 uid:0 pkg:com.soulmate to pid: 4565
01-17 01:09:26.651  1881 15152 I system_server: 
01-17 01:09:26.651  4565  5597 I SceneReceiver: state type: 10000 eventType:1 pid:0 uid:0 pkg:com.soulmate
01-17 01:09:26.651  1881 15152 I system_server: 
01-17 01:09:26.651  1881 15152 I system_server: 
01-17 01:09:26.651  1881 15152 I system_server: 
01-17 01:09:26.651  1881 15152 I system_server: 
01-17 01:09:26.651  1881 15152 I system_server: 
01-17 01:09:26.651  1881 15152 I system_server: 
01-17 01:09:26.651  1881 15152 I system_server: 
01-17 01:09:26.651  4565  5597 D ApsPgPlug: APK: onStateChanged stateType: 10000, pkg:com.soulmate
01-17 01:09:26.651  1881 15152 I system_server: 
01-17 01:09:26.651  1881 15152 I system_server: 
01-17 01:09:26.651  1881 15152 I system_server: 
01-17 01:09:26.651  1881 15152 I system_server: 
01-17 01:09:26.651  1881 15152 I system_server: 
01-17 01:09:26.651  1881 15152 I system_server: 
01-17 01:09:26.651  1881 15152 I system_server: 
01-17 01:09:26.651  1881 15152 I system_server: 
01-17 01:09:26.651  1881 15152 I system_server: 
01-17 01:09:26.651  1881 15152 I system_server: 
01-17 01:09:26.651  1881 15152 I system_server: 
01-17 01:09:26.651  1881 15152 I system_server: 
01-17 01:09:26.651  1881 15152 I system_server: 
01-17 01:09:26.651  1881 15152 I system_server: 
01-17 01:09:26.651  1881 15152 I system_server: 
01-17 01:09:26.651  1881 15152 I system_server: 
01-17 01:09:26.651  1881 15152 I system_server: 
01-17 01:09:26.651  1881 15152 I system_server: 
01-17 01:09:26.651  1881 15152 I system_server: 
01-17 01:09:26.651  1881 15152 I system_server: 
01-17 01:09:26.651  1881 15152 I system_server: 
01-17 01:09:26.652  4565 22128 I PGServer: checkPkgType. calling pkg: android
01-17 01:09:26.652  4565  4905 I AppsUsage: scnOff: false FgAPP: com.soulmate BgAPP: com.huawei.android.launcher
01-17 01:09:26.652  4623  4648 I HiBeckonService: beckon enable msdp
01-17 01:09:26.652  4623  4648 I HiBeckonService: msdp has been enable
01-17 01:09:26.652  4623  4650 I AssController: getAssistantList func:Func_buoy
01-17 01:09:26.652  1881  2200 W ActivityManager: Sending non-protected broadcast com.huawei.android.wifi.GAME_ACTION from system 1881:system/1000 pkg android
01-17 01:09:26.652  1881  2201 D HwAppAssistantUtils: wcBuoyList: [WS_Music, WS_Video]
01-17 01:09:26.652  4623  4650 I AssController: getAssistantList func:WS_Music
01-17 01:09:26.652  1881  2201 D HwAppAssistantUtils: WS_Music: []
01-17 01:09:26.652  1881  2073 I DE J DES: [effect] Pg pkg:com.soulmate
01-17 01:09:26.652  4623  4650 I AssController: getAssistantList func:WS_Video
01-17 01:09:26.652  1881  2201 D HwAppAssistantUtils: WS_Video: []
01-17 01:09:26.652  1881  2201 I HwAppAssistantUtils: com.soulmate, isInGameSpace: false, isBuoyApp: false
01-17 01:09:26.652  1881  2201 I HwGameAssistantController: notifyBuoyAppSwitch other switch: com.soulmate
01-17 01:09:26.652  1881  2200 I HwQoEJNI: SetTcpRecoverRule 0 OK of 10276
01-17 01:09:26.654  4623  5451 D Hicom_Monitor: handleAppForeground not support app :com.soulmate
01-17 01:09:26.655  1881  2073 I HwLightsService: mCurrentlForHighPrecision=1294,currentBrightness=33,mLightsBypass=false
01-17 01:09:26.655  4623  4664 I AssController: getAssistantList func:Func_buoy
01-17 01:09:26.655  1881  2385 W AwareLog: SchedLevelBoost: onProcessDied config not set!
01-17 01:09:26.655  4222  4282 D HwAppAssistantUtils: wcBuoyList: [WS_Music, WS_Video]
01-17 01:09:26.655  4623  4664 I AssController: getAssistantList func:WS_Music
01-17 01:09:26.655  4222  4282 D HwAppAssistantUtils: WS_Music: []
01-17 01:09:26.655  4623  4664 I AssController: getAssistantList func:WS_Video
01-17 01:09:26.655  4222  4282 D HwAppAssistantUtils: WS_Video: []
01-17 01:09:26.656  4222  4282 I HwAppAssistantUtils: com.soulmate, isInGameSpace: false, isSupportBuoy: false
01-17 01:09:26.656  4222  4282 I CapsuleManager: onAppSwitch package=com.soulmate, current=com.huawei.android.launcher
01-17 01:09:26.656  1881  4957 D HwActivityTaskManagerServiceEx: loadRunningPackages packageInfo : pkg:com.soulmate visible:true, pkg:com.huawei.android.launcher visible:false, pkg:jp.co.netstars.nss.starpay visible:false, pkg:com.tencent.mm visible:false, pkg:com.android.settings visible:false,
01-17 01:09:26.657  1881  2385 W AwareLog: SchedLevelBoost: onProcessDied config not set!
01-17 01:09:26.657  1881  4957 I HwConnectivityServiceEx: set 10066, metered: false, value: false
01-17 01:09:26.657  4623  6922 D QosAppStateCache: addForegroundApp. apps:[]
01-17 01:09:26.657  4623  6922 D Hicom_WifiQosManager: no need check wifi type
01-17 01:09:26.657   993   993 D AudioPolicyService: getUidState(10276) !cacheIter->second.first, return PROCESS_STATE_UNKNOWN
01-17 01:09:26.658   993   993 D AudioPolicyService: getUidState(10276) cacheIter->second.first, return cacheIter->second.second(-1)
01-17 01:09:26.658  4565 10564 I ThermalTraceDBManager: putChargeInfoData
01-17 01:09:26.659  1881 23015 I HwNetworkPolicy: onTransact, code = 203
01-17 01:09:26.659  4565  4905 I ScenarioService: app focus change from: com.huawei.android.launcher to:com.soulmate
01-17 01:09:26.659  4565  4905 I ScenarioService: add focus on app:com.soulmate to visiblePkgs
01-17 01:09:26.659  1881  2073 D HwNetworkManagementService: code == CODE_SET_CHR_REPORT_APP_LIST
01-17 01:09:26.659  4565 10564 I ThermalTraceDBManager: Add addChargeInfo to DB sucessfull! row = 485
01-17 01:09:26.659   909   909 I OemNetd : setChrAppUid(10, 10276)
01-17 01:09:26.659  1881  2073 I HwNetworkManagementService: chr appuid set succeeded
01-17 01:09:26.659  4727  8063 I HwNetworkPolicyManager: getHwUidPolicy uid = 10276 policy = 0
01-17 01:09:26.660  4623  4940 D Hicom_Monitor: AppSwitchNotifier not support app from:com.huawei.android.launcher, to:com.soulmate
01-17 01:09:26.661  1005  1005 I BufferLayer: preparePerFrameCompositionState: Splash Screen com.soulmate#1603: first buffer updated to LayerFE. frame=1
01-17 01:09:26.661  4565  6026 I PGServer: checkPkgType. calling pkg: com.huawei.iaware
01-17 01:09:26.661  1400 32349 D ITouchService: itouch currentPackageName = com.soulmate
01-17 01:09:26.661  1400 32349 D ITouchService: itouch appType=-1 appState=1 gameMode=2
01-17 01:09:26.661  1400 32349 D ITouchService: itouchReaderMonitor empty
01-17 01:09:26.661  1400 32349 D ITouchService: g_itouch_reader_monitor Monitor::IsReaderMonitorEnable()=0
01-17 01:09:26.661  4222  4222 I HwScreenRecorderTimer: updateCapsuleState isTransientShown=false isStatusBarWindowShown=true hasScreenRecorderTimer=false isPanelExpand=false
01-17 01:09:26.661  1400 32349 D ITouchService: itouch getCurrentParmID tempPkg=com.xxx
01-17 01:09:26.661  4222  4222 D HwCapsuleCacheList: produceData []
01-17 01:09:26.661  1400 32349 D ITouchService: itouch:app com.soulmate is  not game app
01-17 01:09:26.661  1400 32349 D ITouchService: itouch:app com.soulmate is  not in StylusPenList
01-17 01:09:26.661  4222  4222 I HwCapsuleDataConsumer: onDataProduce isAnimatorRunning=false
01-17 01:09:26.661  1400 32349 D ITouchService: itouch:styluspen_switch is disable
01-17 01:09:26.661  1400 32349 D ITouchService: itouch:currentAppTypeName =|UNKNOWN|
01-17 01:09:26.662  4565 10564 I ThermalTrace:SystemInfo: Current Charge type: 19
01-17 01:09:26.662  1881  2073 I HwNetworkPolicy: onTransact, code = 203
01-17 01:09:26.662  4494  5482 I HwNetworkPolicyManager: getHwUidPolicy uid = 10276 policy = 0
01-17 01:09:26.663 20358  8006 I HiAdKit.DC.PersistentMessageCenter:  notifyMessage com.huawei.hwid_app_switch_from_to_intent
01-17 01:09:26.663   993   993 D AudioFlinger: setParameters(): io 0, keyvalue debug log is close, calling pid 4565 calling uid 1000
01-17 01:09:26.664   966  1002 I audio_dts_parser: [get_config_value:44]: get value success
