01-17 01:09:27.341 31254 31254 D InsetsSourceConsumer: ViewUI_insets setControl mType:0, requestedVisible:true, getLeash:null, needAnimation:false, mIsAnimationPending:false, getRootViewTitle:com.android.permissioncontroller/com.android.permissioncontroller.permission.ui.GrantPermissionsActivity
01-17 01:09:27.341  1881  2189 I WindowManager: Focus requested for window=:96e0f2a com.android.permissioncontroller/com.android.permissioncontroller.permission.ui.GrantPermissionsActivity
01-17 01:09:27.343  1881  2189 I WindowManager: wm_insets notifyInsetsControlChanged for:Window{96e0f2a u0 com.android.permissioncontroller/com.android.permissioncontroller.permission.ui.GrantPermissionsActivity}
01-17 01:09:27.343  1881  2189 I WindowManager: wm_insets notifyInsetsControlChanged for:Window{573764e u0 Splash Screen com.soulmate EXITING}
01-17 01:09:27.343  1881  2189 I InsetsController: ViewUI_insets updateState new source: InsetsSource: {mType=ITYPE_STATUS_BAR, mFrame=[0,0][1080,135], mVisible=true}
01-17 01:09:27.343  1881  2189 I InsetsController: ViewUI_insets updateState new source: InsetsSource: {mType=ITYPE_NAVIGATION_BAR, mFrame=[0,0][0,0], mVisible=false}
01-17 01:09:27.344 31254 31254 I HwViewRootImpl: remove sceneId 1 topId: 0
01-17 01:09:27.344 31254 31254 I HwViewRootImpl: Add sceneId 10 topId: 0
01-17 01:09:27.344  1881  4944 D HwActivityTaskManagerServiceEx: loadRunningPackages packageInfo : pkg:com.soulmate visible:true, pkg:com.android.permissioncontroller visible:true, pkg:com.huawei.android.launcher visible:false, pkg:jp.co.netstars.nss.starpay visible:false, pkg:com.tencent.mm visible:false, pkg:com.android.settings visible:false,
01-17 01:09:27.344  1881  4306 W ActivityTaskManager: do not allow hiding recent tasks, task id: 17 , package = com.soulmate
01-17 01:09:27.344  4565  4905 I ScenarioService: refresh visibleApp:[com.soulmate, com.android.permissioncontroller]
01-17 01:09:27.344  1881  2200 I HwAudioServiceEx: ComponentInfo : className = com.android.permissioncontroller.permission.ui.GrantPermissionsActivity, flag = onResume, isHomeActivity = , isTop = true
01-17 01:09:27.345  1881  4078 W HwAudioServiceEx: SoundEffectState bundle get reserved is invalid
01-17 01:09:27.345  1402  1456 E DE N BF : Buffer:26: copy mData failed!
01-17 01:09:27.345  1402  1456 E DE N BF : Buffer:26: copy mData failed!
01-17 01:09:27.345  1402  1456 E DE N BF : Buffer:26: copy mData failed!
01-17 01:09:27.345  1402  1456 E DE N BF : Buffer:26: copy mData failed!
01-17 01:09:27.345  1402  1456 E DE N BF : Buffer:26: copy mData failed!
01-17 01:09:27.345  1402  1456 E DE N BF : Buffer:26: copy mData failed!
01-17 01:09:27.345  1402  1456 E DE N BF : Buffer:26: copy mData failed!
01-17 01:09:27.345  1402  1456 E DE N BF : Buffer:26: copy mData failed!
01-17 01:09:27.345  1402  1456 E DE N BF : Buffer:26: copy mData failed!
01-17 01:09:27.345  1402  1456 E DE N BF : Buffer:26: copy mData failed!
01-17 01:09:27.345  1402  1456 E DE N BF : Buffer:26: copy mData failed!
01-17 01:09:27.345  1402  1456 E DE N BF : Buffer:26: copy mData failed!
01-17 01:09:27.345  1402  1456 E DE N BF : Buffer:26: copy mData failed!
01-17 01:09:27.345  1402  1456 E DE N BF : Buffer:26: copy mData failed!
01-17 01:09:27.345  1402  1456 E DE N BF : Buffer:26: copy mData failed!
01-17 01:09:27.346  7721  9824 I CAWARENESS_34468_AppUsageManager: onEvent, packageName=com.android.permissioncontroller, activityName=com.android.permissioncontroller.permission.ui.GrantPermissionsActivity, moduleName=, uid=10043, cancelCompleteMiniProgram= false
01-17 01:09:27.346 31254 31254 I InsetsController: ViewUI_insets updateState new source: InsetsSource: {mType=ITYPE_STATUS_BAR, mFrame=[0,0][1080,135], mVisible=true}
01-17 01:09:27.346 31254 31254 I InsetsController: ViewUI_insets updateState new source: InsetsSource: {mType=ITYPE_NAVIGATION_BAR, mFrame=[0,0][0,0], mVisible=false}
01-17 01:09:27.346  4826  5356 D HwLauncher: LocalTaskList loadTasksInBackground:4 numTasks:16 currentUserId:0
01-17 01:09:27.346 31254 31254 D InsetsSourceConsumer: ViewUI_insets setControl -> ITYPE_STATUS_BAR on com.android.permissioncontroller/com.android.permissioncontroller.permission.ui.GrantPermissionsActivity
01-17 01:09:27.346 31254 31254 D InsetsSourceConsumer: ViewUI_insets setControl mType:0, requestedVisible:true, getLeash:Surface(name=Surface(name=93c510 StatusBar)/@0x101d00a - animation-leash of insets_animation)/@0xf753f11, needAnimation:false, mIsAnimationPending:false, getRootViewTitle:com.android.permissioncontroller/com.android.permissioncontroller.permission.ui.GrantPermissionsActivity
01-17 01:09:27.346  1881  4078 I HwAudioServiceEx: sendAppKilledIntentForKit, isKitPackageOnPause = false, isKitPackageKill = false, isKitPackageOnResume = false
01-17 01:09:27.347  7721  9824 I CAWARENESS_34468_AbilityContext: [1768583367443] deliver {dataId=100000006, mode=0} to 4 receivers
01-17 01:09:27.347  7721  8137 I CAWARENESS_34468_AbilityContext: [1768583367443] deliver {dataId=100000258, mode=0} to null
01-17 01:09:27.347  7721  9824 I CAWARENESS_34468_AbilityContext: [1768583367443] deliver {dataId=100000007, mode=0} to 8 receivers
01-17 01:09:27.347  7721  9824 W CAWARENESS_34468_ThreadPool: thread pool abilityThreadPoll(50) label:capture_ability is running, add to queue 4/1/5
01-17 01:09:27.348  7721  8141 I CAWARENESS_34468_RecentAppChangeFence: lastReport com.soulmate, packageName is com.android.permissioncontroller
01-17 01:09:27.348  1881  2189 I WindowManager: Checking 1 opening apps (frozen=false timeout=false)...
01-17 01:09:27.348  1881  2189 I WindowManager: Check opening app=ActivityRecord{5be4bd4 u0 com.android.permissioncontroller/.permission.ui.GrantPermissionsActivity t17}: allDrawn=true startingDisplayed=false startingMoved=false isRelaunching()=false mStartingWindow=null isOneStepWindowChanging=falseisOpenCombinationSplitScreen=false shouldWaitCombine=false
01-17 01:09:27.348  1881  2189 I WindowManager: Checking 0 opening apps (frozen=false timeout=false)...
01-17 01:09:27.348  1881  2189 I WindowManager: send SET_LAUNCHER_VISIBLE_IN_FINGER_BOOST visible: true,delay:0, handle:true, userId:0, callingPid: 1881
01-17 01:09:27.348  1881  2189 D WindowManager: setActivityVisibleInFingerBoostInner fit:true record:ActivityRecord{4865b48 u0 com.huawei.android.launcher/.unihome.UniHomeLauncher t7} isInWallpaperEffect:false, callingPid: 1881
01-17 01:09:27.348  1881  2189 D WindowManager: getTopAnimActivity enter true, ActivityRecord{5be4bd4 u0 com.android.permissioncontroller/.permission.ui.GrantPermissionsActivity t17}
01-17 01:09:27.348  1881  2189 D HwTransitionAnimationImpl: windowAnimations = 2060168 dose not come from system, not to override it.
01-17 01:09:27.348  1881  2189 I WmAnimLoader: no builder fit isEnter:true transit:24 frame:Rect(0, 0 - 1080, 2400)
01-17 01:09:27.348  7721  9824 W CAWARENESS_34468_ThreadPool: thread pool abilityThreadPoll(50) label:ride_code_ability is running, add to queue 4/1/5
01-17 01:09:27.348  1881  2189 V WindowManager: commitVisibility: ActivityRecord{5be4bd4 u0 com.android.permissioncontroller/.permission.ui.GrantPermissionsActivity t17}: visible=true mVisibleRequested=true
01-17 01:09:27.349  7721  8144 W CAWARENESS_34468_TemplateUtil: getAppTemplateByVersionCode: param is null
01-17 01:09:27.349  7721  8145 I CAWARENESS_34468_RideCodeConfig: isEnterRideCodePage: start
01-17 01:09:27.349  7721  8144 I CAWARENESS_34468_PageCaptureAbility: handleActivityChangedEvent: no need to capture
01-17 01:09:27.349  7721  8146 W CAWARENESS_34468_ThreadPool: thread pool abilityThreadPoll(50) label:ride_code_ability is running, add to map 6/1/7
01-17 01:09:27.349  7721  8145 W CAWARENESS_34468_TrafficCodeProcessor: rideCodeComponentName is empty.
01-17 01:09:27.349  7721  8147 I CAWARENESS_34468_AbilityContext: [1768583367443] no such subscribe
01-17 01:09:27.349  1881  2189 I HwMultiWindowManager: don't need to report app window mode
01-17 01:09:27.350  7721  8149 W CAWARENESS_34468_StationNameHelper: package name not alipay
01-17 01:09:27.350  7721  8136 I CAWARENESS_34468_AbilityScheduler: query {dataId=100000250, mode=0} from ability_multi_dimension_capture
01-17 01:09:27.350  1881  2185 I ActivityTaskManager: Displayed com.android.permissioncontroller/.permission.ui.GrantPermissionsActivity: +801ms
01-17 01:09:27.352  4779  8515 I OPCollectLog: OdmfHelper:insert database success 
01-17 01:09:27.352  4779  8515 I OPCollectLog: OdmfHelper:opcollectCache size: 1
01-17 01:09:27.352  4779  8515 I OPCollectLog: OdmfHelper:opcollectCache lastTime: 82670421
01-17 01:09:27.352  1005  1878 I Layer   : Dim Layer for - Task=17#1614: created
01-17 01:09:27.353  1005  1878 I Layer   : Surface(name=Dim Layer for - Task=17)/@0xa40847e - animation-leash of dimmer#1615: created
01-17 01:09:27.354  1005  1005 I Layer   : [*#1592] reparent null
01-17 01:09:27.354  1005  1005 I AnimateManager: DelAnimationInfo: layer com.huawei.intelligent.Workspace#1592, mEnable 0
01-17 01:09:27.354  1005  1005 I Layer   : [*#1594] reparent null
01-17 01:09:27.354  1005  1005 I AnimateManager: DelAnimationInfo: layer com.huawei.android.launcher/com.huawei.android.launcher.unihome.UniHomeLauncher#1594, mEnable 0
01-17 01:09:27.354  1005  1005 I Layer   : [*#1606] reparent null
01-17 01:09:27.354  1005  1005 I AnimateManager: DelAnimationInfo: layer Surface(name=93c510 StatusBar)/@0x101d00a - animation-leash of insets_animation#1606, mEnable 0
01-17 01:09:27.354  1005  1005 I Layer   : *#1592: destroyed
01-17 01:09:27.354  1005  1005 I Layer   : *#1606: destroyed
01-17 01:09:27.355  1881  4944 I FocusResolver: window 96e0f2a com.android.permissioncontroller/com.android.permissioncontroller.permission.ui.GrantPermissionsActivity is focusable even if it is not visible.
01-17 01:09:27.355  1881  4944 I FocusResolver: setFocusedWindow 96e0f2a com.android.permissioncontroller/com.android.permissioncontroller.permission.ui.GrantPermissionsActivity on display 0, result:OK
01-17 01:09:27.355  1881  4944 I FocusResolver: Focus entered window 96e0f2a com.android.permissioncontroller/com.android.permissioncontroller.permission.ui.GrantPermissionsActivity in display 0, reason:setFocusedWindow
01-17 01:09:27.356  1881 22969 W ActivityTaskManager: do not allow hiding recent tasks, task id: 17 , package = com.soulmate
01-17 01:09:27.357  1881  2074 D HwActivityTaskManagerServiceEx: loadRunningPackages packageInfo : pkg:com.soulmate visible:true, pkg:com.android.permissioncontroller visible:true, pkg:com.huawei.android.launcher visible:false, pkg:jp.co.netstars.nss.starpay visible:false, pkg:com.tencent.mm visible:false, pkg:com.android.settings visible:false,
01-17 01:09:27.357  4826  5356 D HwLauncher: LocalTaskList loadTasksInBackground:4 numTasks:16 currentUserId:0
01-17 01:09:27.357  4565  4905 I ScenarioService: multiScreenVisibleApps: 0:com.soulmate#com.android.permissioncontroller:10276#10043
01-17 01:09:27.358  4565  4905 I PGServer: report state:15 event type:1 pid:-1 uid:-1 pkg:0:com.soulmate#com.android.permissioncontroller:10276#10043 to pid: 4565
01-17 01:09:27.358  4565  4905 D ApsPgPlug: APK: onStateChanged stateType: 15, pkg:0:com.soulmate#com.android.permissioncontroller:10276#10043
01-17 01:09:27.358  4565  4905 I PF_API_JNI: ACCKIT_APS_NotifyInfo 3: com.soulmate#com.android.permissioncontroller
01-17 01:09:27.358  1000  1060 I libdisplayservice: onTransact: before OnTransactForPfMsg code id=10
01-17 01:09:27.358  1400 32349 I AGPService: aps-info: focus pkgName - com.soulmate, with 1 more apps
01-17 01:09:27.358  1000  1060 I libdisplayservice: record aps notify 3: com.soulmate#com.android.permissioncontroller
01-17 01:09:27.358  1400 32349 I AGPService: aps-info: visible pkgName 0 - com.android.permissioncontroller
01-17 01:09:27.358  1000  1060 I libdisplayservice: onTransact: after OnTransactForPfMsg code id=10, ret = 0
01-17 01:09:27.358  1400 32349 I AGPService: aps-info: all package uid 10276#10043
01-17 01:09:27.358  1400 32349 I AGPService: current settingConfigId - 0
01-17 01:09:27.358  4565  4905 I ScenarioService: app is visible from system: com.android.permissioncontroller
01-17 01:09:27.358  4565  4905 I ScenarioService: not same pkg need update from system
01-17 01:09:27.358  1400 32349 E AGPService: FrameRateManager: iaware strange app type: -1
01-17 01:09:27.358  1400 32349 E AGPService: FrameRateManager: iaware strange app type: -1
01-17 01:09:27.360  4222  4222 I LightBarController: onStatusBarAppearanceChanged appearanceRegions:AppearanceRegion{ bounds=[0,0][1080,2400]},  sbModeChanged:false, statusBarMode:0, stackAppearancesChanged:false, navbarColorManagedByIme:false
01-17 01:09:27.360  4623 25264 E HsmCoreServiceImpl: onTransact in code is: 102
01-17 01:09:27.360  4623 25264 W MediaProcessHandler: processOp uid 5513 is not concerned!
01-17 01:09:27.360  4623 25264 I MediaProcessHandler: executedCallBack opType: 1 mMediaStatusObservers.size=0
01-17 01:09:27.361  4222  4222 I NavigationBar: navigationbar appearance:1000,mAppearance:0,mTransientShown:false
01-17 01:09:27.361  4779 28482 I OPCollectLog: AppChangeImpl:call onAppChange.
01-17 01:09:27.361  1881  2385 W AwareLog: SchedLevelBoost: onProcessDied config not set!
01-17 01:09:27.361  4623  4894 D DollieActivityManagerAdapter: [Resumed] bg:true pid:31254 uid:10043 ComponentInfo{com.android.permissioncontroller/com.android.permissioncontroller.permission.ui.GrantPermissionsActivity}
01-17 01:09:27.361  4623  4894 E DollieAdapterService: notifyActivityState pkg:com.android.permissioncontroller/com.android.permissioncontroller.permission.ui.GrantPermissionsActivity state:2 fg:true mUid:10043
01-17 01:09:27.362  4779  8515 I OPCollectLog: HwForegroundAppAction:handleMessage 
01-17 01:09:27.362  4779  8515 D OPCollectLog: HwForegroundAppAction:FG executeWithArgs
01-17 01:09:27.362  4623  4894 I NrSmartCure: Speed sensitive app is not top Activity
01-17 01:09:27.362  4623  4894 E NsaPowerConsumptionMonitor: getSpeedApkConfig fail,invalid params
01-17 01:09:27.362  4623  4894 I UidCloseNrStateMachine: addUidChanged uid: 10043
01-17 01:09:27.362  4623  4894 I ConnCureStateMonitor: handleMessage: msg[2]
01-17 01:09:27.362  4623  4894 E HwPacketFilterBypass: sendRequestToKernel SOCKET_CLOSE_DETECT_UID_ADD [10043]
01-17 01:09:27.362  4779  8515 I OPCollectLog: OPCollectUtils:ODMF Api Version:2.16.3
01-17 01:09:27.363  4623  4648 D Hicom_Monitor: ActivityNotifier not support:com.android.permissioncontroller
01-17 01:09:27.363  4779  8515 I OPCollectLog: Action:HwForegroundAppAction executed successfully
01-17 01:09:27.363  4779  8515 D OPCollectLog: OdmfCollectScheduler:handleMessage msg: 4
01-17 01:09:27.363  4779  8515 I OPCollectLog: OdmfHelper:opcollectCache 1
01-17 01:09:27.363  4779  8515 I OPCollectLog: OdmfHelper:opcollectCache curTime: 82670432, interval: 11
01-17 01:09:27.363  1881  2188 I WindowManager: handle SET_LAUNCHER_VISIBLE_IN_FINGER_BOOST visible:true handle:trueuserId:0, currentUserId:0
01-17 01:09:27.363  1881  2188 D WindowManager: setLauncherVisibleInFingerBoost record=ActivityRecord{4865b48 u0 com.huawei.android.launcher/.unihome.UniHomeLauncher t7}
01-17 01:09:27.363  1881  2188 I WindowManager: setLauncherVisible setAlpha to 1.0
01-17 01:09:27.363  1881  2188 D WindowManager: setLauncherVisible wallpaperScale=false
01-17 01:09:27.363  1881  2188 D WindowManager: WS setWallpaperScale return, wallpaper no need to recover
01-17 01:09:27.363  1881  2200 I HmCameraWhiteListUtils: getDownloadCfgFile dir:/data/cota/para/thirdappfilter/third_app_filter.xml
01-17 01:09:27.364  4779  8515 I OPCollectLog: OdmfHelper:isCharging: true
01-17 01:09:27.364  1881  2188 W WindowManager: onAppTransitionFinishedLocked
01-17 01:09:27.364  4779  8515 I HwNaturalBase: [OdmfCtrlThread]: executeInsertDirect callingUid: 1000 callingPid: 4779
01-17 01:09:27.364  1881  2188 W WindowManager: onAppTransitionFinishedLocked
01-17 01:09:27.364  4623  4894 I HwPacketFilterBypass: handleActivityUidStateChanged uid:10043 -1 foreground:1
01-17 01:09:27.364  4623  4894 I OllieMsgCenter: publishEvt=2135097351
01-17 01:09:27.364  4623  4894 I NetworkQoeChr: updateTopAppInfo: com.android.permissioncontroller, appState1, uid10043
01-17 01:09:27.364  4623  4894 I NetworkQoeChr: checkForegroundApp timer end
01-17 01:09:27.364  1881 22969 W [SECURITY]: [HPS][DEFAULT][HwPermissionService]: getOneTimePermissionControlInfo() called by callingPackageName=[com.android.permissioncontroller], this method has been deprecated
01-17 01:09:27.365  4623  4894 E Booster_BroadcastProxy: [isDebugModemEnabled]get package info fail.
01-17 01:09:27.365  4623  4894 D AppDynamicRtt: getAppRttSlowThreshold rtt sample not enought, uid:10043, sample:17
01-17 01:09:27.365  4623  4894 I NetPredictEngine: ObserveState processMessage 11
01-17 01:09:27.365  4623  4894 I NetPredictEngine: Parent processMessage 11
01-17 01:09:27.365  4623  4894 I NetPredictEngine: Parent: active app change, old packageName: com.huawei.android.launcher, new packageName: com.android.permissioncontroller
01-17 01:09:27.365  4623  4894 I NsaPowerConsumptionMonitor: isAreaSaSwitchOn, nrOptionMode = 3, nrOptionAutoMode = 0
01-17 01:09:27.365  4623  4894 I UidCloseNrStateMachine: enter uidStateChanged, ForeGrountApp=com.android.permissioncontroller, mIsCallOn=false, mIsUsbPlugged=true, openLowPowerSwitch=true, lteQoeSlowState=false, powerPerformanceMode=2, isOpenAreaSaSwitch=false, isSpeedSensitivityApp=false
01-17 01:09:27.365  4623  4894 I OllieMsgCenter: publishEvt=2130771969
01-17 01:09:27.365  4623  4894 I OllieMsgCenter: publishEvt=2130771985
01-17 01:09:27.365  4623  4894 I SpeedTestNotifier: Speed test app is back Activity
01-17 01:09:27.366 31254 31254 E hwPS_RestrictionAdapter: getMaliciousAppInfo: package is not in the restriction list. packageName:com.soulmate with flags: 1
01-17 01:09:27.366  4623  4894 I SmartDualCardConfig: getAppType,pkgName=com.android.permissioncontroller,appType=15
01-17 01:09:27.366  4623  4894 E SmartDualCardConfig: isAppInBlackList false,items==null
01-17 01:09:27.366  4623  4894 I BoosterProps: isCloudPropEnable, propName is:hw_sc.tx_power_ctrl, propValue is:false, default value is:false
01-17 01:09:27.367  4623  4894 I PowerMsgAdapter: addUidChanged uid: 10043
01-17 01:09:27.367  4623  4894 D RfollieService: handleForeGroundAppChange not ForeGround APP compName com.android.permissioncontroller
01-17 01:09:27.367  4623  4894 D ForegroundDataOpt: is APK changed:true uid:10043 mBgLimitLevel:0
01-17 01:09:27.367  4623  4894 I CommunicateWithApp: pkgname is null or permission controller move to forgeground, not update WhiteList
01-17 01:09:27.367  4623  4894 E Booster_MatterAppRecommend: [isMatterActivity]invalid mMatterActivitiesConfig
01-17 01:09:27.367  4623  4894 I OllieFeatureManager: DollieChr EVENT_OLLIE_ACTIVITY_CHANGED
01-17 01:09:27.367  4623  4894 I OllieMsgCenter: publishEvt=2134966274
01-17 01:09:27.367  4623  4894 I OllieMsgCenter: publishEvt=2135097350
01-17 01:09:27.367  1403  1493 D dubaid  : [BufferedLogServer.cpp] ReceiveMessage# Received buffered log from dubai_driver-0
01-17 01:09:27.367  4623  4894 I ForegroundDataOpt: mCurUid changed to 10043
01-17 01:09:27.367  4623  4894 I HcPreDnsQueryCtrl: EVENT_APPINFO_ACTION_UID_STATE_CHANGED
01-17 01:09:27.367  4623  4894 I HcPreDnsQueryCtrl: mForeAppPackageName update=com.android.permissioncontroller
01-17 01:09:27.367  4623  4894 I AppStallManager: OllieInternalEvtConsts.EVENT_APPINFO_ACTION_UID_STATE_CHANGED
01-17 01:09:27.367  1403  1493 D dubaid  : [BufferedLogServer.cpp] ReceiveMessage# Received buffered log from dubai_driver-0
01-17 01:09:27.367  4779  8515 I OPCollectLog: OdmfHelper:insert database success 
01-17 01:09:27.367  4779  8515 I OPCollectLog: OdmfHelper:opcollectCache size: 1
01-17 01:09:27.367  4779  8515 I OPCollectLog: OdmfHelper:opcollectCache lastTime: 82670436
01-17 01:09:27.368  1881  2385 E AwareLog: CpuProcessInherit: files null 
01-17 01:09:27.368  1881  2385 W AwareLog: SchedLevelBoost: onFgActivitiesChanged config not set!
01-17 01:09:27.369  4623  4894 D DsduChr : uid=10043, isTrafficFree=false, isUsingFreeTraffic=false
01-17 01:09:27.369  4623  4894 I BoosterProps: isCloudPropEnable, propName is:hw_sc.sa_4r_2r_handover, propValue is:true, default value is:false
01-17 01:09:27.369  4623  4894 I Power2r4rHandover: 4rTo2rCondition, usbStatus = true, foreGrountApp = com.android.permissioncontroller, 4rTo2rCtrlRule = 1, is4rTo2rCheck = false, batteryMode = 1, mIs4r2rHandover = false
01-17 01:09:27.369 31254   604 E hwPS_RestrictionAdapter: getMaliciousAppInfo: package is not in the restriction list. packageName:com.soulmate with flags: 1
01-17 01:09:27.370  1881  4944 I Restriction_RestrictionDispatcher: registerRestrictionAppListener: RESTRICTED_MALICIOUS_APP callingUid: 10043
01-17 01:09:27.371 31254  7617 E hwPS_RestrictionAdapter: getMaliciousAppInfo: package is not in the restriction list. packageName:com.soulmate with flags: 1
01-17 01:09:27.371  1005  1005 I BufferLayer: preparePerFrameCompositionState: com.soulmate/com.soulmate.ui.test.ASRTestActivity#1609: first buffer updated to LayerFE. frame=5
01-17 01:09:27.372  1881  2200 I HmCameraWhiteListUtils: other function may be added to the xml later, parse it here
01-17 01:09:27.372  1881 22969 V ActivityTaskManager: Activity idle: ActivityRecord{5be4bd4 u0 com.android.permissioncontroller/.permission.ui.GrantPermissionsActivity t17}
01-17 01:09:27.373  1881 22969 I PowerManagerService-JNI: fingersense switch state:1
01-17 01:09:27.373  1881 22969 I PowerManagerService-JNI: ignore fingersense switch state:0
01-17 01:09:27.373  1881 22969 W ActivityTaskManager: do not allow hiding recent tasks, task id: 17 , package = com.soulmate
01-17 01:09:27.373  1881  2385 W AwareLog: AwareMem_FastRepairActionManager: send execute sucess, scene : 4
01-17 01:09:27.374  1420  1440 D AwareLog: iawared: fg_hl_ctl update fgUid=10043 g_isGame=0
01-17 01:09:27.376 31254 31254 E hwPS_RestrictionAdapter: getMaliciousAppInfo: package is not in the restriction list. packageName:com.soulmate with flags: 1
01-17 01:09:27.376 31254 31254 E hwPS_RestrictionAdapter: getMaliciousAppInfo: package is not in the restriction list. packageName:com.soulmate with flags: 1
01-17 01:09:27.379  1402  1636 E DE N BF : Buffer:26: copy mData failed!
01-17 01:09:27.379  1402  1636 E DE N BF : Buffer:26: copy mData failed!
01-17 01:09:27.379  1402  1636 E DE N BF : Buffer:26: copy mData failed!
01-17 01:09:27.379  1402  1636 E DE N BF : Buffer:26: copy mData failed!
01-17 01:09:27.379  1402  1636 E DE N BF : Buffer:26: copy mData failed!
01-17 01:09:27.379  1402  1636 E DE N BF : Buffer:26: copy mData failed!
01-17 01:09:27.379  1402  1636 E DE N BF : Buffer:26: copy mData failed!
01-17 01:09:27.379  1402  1636 E DE N BF : Buffer:26: copy mData failed!
01-17 01:09:27.379  1402  1636 E DE N BF : Buffer:26: copy mData failed!
01-17 01:09:27.379  1402  1636 E DE N BF : Buffer:26: copy mData failed!
01-17 01:09:27.379  1402  1636 E DE N BF : Buffer:26: copy mData failed!
01-17 01:09:27.379  1402  1636 E DE N BF : Buffer:26: copy mData failed!
01-17 01:09:27.379  1402  1636 E DE N BF : Buffer:26: copy mData failed!
01-17 01:09:27.379  1402  1636 E DE N BF : Buffer:26: copy mData failed!
01-17 01:09:27.379  1402  1636 E DE N BF : Buffer:26: copy mData failed!
01-17 01:09:27.379   969   969 I dpu_effect: SetEffectInfo:367: modules=2 dispPanelId=0
01-17 01:09:27.380  1402  1636 E DE N BF : Buffer:26: copy mData failed!
01-17 01:09:27.380  1402  1467 E DE N HW : OnDimming:428: Initialize Panel info failed...
01-17 01:09:27.380  1402  1467 E DE N HW : UpdateHalFrameRate:702: Initialize Panel info failed...
01-17 01:09:27.380   969   969 E dpu_effect: getSupported:277: Unsupported display effect feature!!
01-17 01:09:27.388 31254 31254 I ImeFocusController: ViewUI imeDisplayId:0 contextDisplayId:0
01-17 01:09:27.394  1005  1324 I Layer   : Surface(name=96e0f2a com.android.permissioncontroller/com.android.permissioncontroller.permission.ui.GrantPermissionsActivity)/@0x68aa519 - animation-leash of window_animation#1616: created
01-17 01:09:27.396  1881  4306 I WindowManager: reportResized : win = Window{96e0f2a u0 com.android.permissioncontroller/com.android.permissioncontroller.permission.ui.GrantPermissionsActivity} drawState = HAS_DRAWN
01-17 01:09:27.397 31254 31254 I InsetsController: ViewUI_insets updateState new source: InsetsSource: {mType=ITYPE_STATUS_BAR, mFrame=[0,0][1080,135], mVisible=true}
01-17 01:09:27.397 31254 31254 I InsetsController: ViewUI_insets updateState new source: InsetsSource: {mType=ITYPE_NAVIGATION_BAR, mFrame=[0,0][0,0], mVisible=false}
01-17 01:09:27.400   487   487 I hwservicemanager: getTransport: Cannot find entry android.hardware.graphics.mapper@4.0::IMapper/default in either framework or device VINTF manifest.
01-17 01:09:27.400 31254 31254 I Gralloc4: mapper 4.x is not supported
01-17 01:09:27.400   487   487 I hwservicemanager: getTransport: Cannot find entry android.hardware.graphics.mapper@3.0::IMapper/default in either framework or device VINTF manifest.
01-17 01:09:27.400 31254 31254 W Gralloc3: mapper 3.x is not supported
01-17 01:09:27.401   487   487 I hwservicemanager: getTransport: Cannot find entry android.hardware.graphics.allocator@4.0::IAllocator/default in either framework or device VINTF manifest.
01-17 01:09:27.401 31254 31254 W Gralloc4: allocator 4.x is not supported
01-17 01:09:27.402   487   487 I hwservicemanager: getTransport: Cannot find entry android.hardware.graphics.allocator@3.0::IAllocator/default in either framework or device VINTF manifest.
01-17 01:09:27.402 31254 31254 W Gralloc3: allocator 3.x is not supported
01-17 01:09:27.409  1005  1324 E HWComposer: getSupportedContentTypes: getSupportedContentTypes failed for display 0: Unsupported (8)
01-17 01:09:27.410 31254 31254 I HwViewRootImpl: removeInvalidNode jank list is null
01-17 01:09:27.414  1881  2385 W Process : Unable to open /proc/-1/status
01-17 01:09:27.414  1881  2385 D HwActivityManagerServiceEx: notifyAppToTop pid:8045, enable:0
01-17 01:09:27.414  8045  8045 I RmeSchedManager: init Rme, version is: v1.0
01-17 01:09:27.420  1005  1005 I BufferStateLayer: setBuffer: com.android.permissioncontroller/com.android.permissioncontroller.permission.ui.GrantPermissionsActivity#1612: first buffer comes.
01-17 01:09:27.437  1005  1005 I BufferLayer: preparePerFrameCompositionState: com.android.permissioncontroller/com.android.permissioncontroller.permission.ui.GrantPermissionsActivity#1612: first buffer updated to LayerFE. frame=1
01-17 01:09:27.437  1881  2189 I WindowManager: Exit animation finished in Window{573764e u0 Splash Screen com.soulmate EXITING}: remove=true
01-17 01:09:27.438  1881  2189 I WindowManager: Removing Window{573764e u0 Splash Screen com.soulmate} from ActivityRecord{f5a5bd9 u0 com.soulmate/.ui.test.ASRTestActivity t17}
01-17 01:09:27.453  1005  1005 I Layer   : [*#1603] reparent null
01-17 01:09:27.453  1005  1005 I AnimateManager: DelAnimationInfo: layer Splash Screen com.soulmate#1603, mEnable 0
01-17 01:09:27.453  1005  1005 I Layer   : [*#1602] reparent null
01-17 01:09:27.453  1005  1005 I AnimateManager: DelAnimationInfo: layer 573764e Splash Screen com.soulmate#1602, mEnable 0
01-17 01:09:27.453  1005  1005 I Layer   : [*#1611] reparent null
01-17 01:09:27.453  1005  1005 I AnimateManager: DelAnimationInfo: layer Surface(name=573764e Splash Screen com.soulmate)/@0x735f3f6 - animation-leash of window_animation#1611, mEnable 0
01-17 01:09:27.453  1005  1005 I Layer   : setFlags: *#1603 hide
01-17 01:09:27.453  1005  1005 I Layer   : *#1611: destroyed
01-17 01:09:27.453  1005  1005 I Layer   : *#1602: destroyed
01-17 01:09:27.456  1005  1005 I Layer   : *#1603: destroyed
01-17 01:09:27.458  1881  4306 D HwActivityTaskManagerServiceEx: loadRunningPackages packageInfo : pkg:com.soulmate visible:true, pkg:com.android.permissioncontroller visible:true, pkg:com.huawei.android.launcher visible:false, pkg:jp.co.netstars.nss.starpay visible:false, pkg:com.tencent.mm visible:false, pkg:com.android.settings visible:false,
01-17 01:09:27.458  4565  4905 I ScenarioService: refresh visibleApp:[com.soulmate, com.android.permissioncontroller]
01-17 01:09:27.459  1881  4306 D HwActivityTaskManagerServiceEx: loadRunningPackages packageInfo : pkg:com.soulmate visible:true, pkg:com.android.permissioncontroller visible:true, pkg:com.huawei.android.launcher visible:false, pkg:jp.co.netstars.nss.starpay visible:false, pkg:com.tencent.mm visible:false, pkg:com.android.settings visible:false,
01-17 01:09:27.460  4565  4905 I ScenarioService: multiScreenVisibleApps: 0:com.soulmate#com.android.permissioncontroller:10276#10043
01-17 01:09:27.460  4565  4905 I PGServer: report state:15 event type:1 pid:-1 uid:-1 pkg:0:com.soulmate#com.android.permissioncontroller:10276#10043 to pid: 4565
01-17 01:09:27.460  4565  4905 D ApsPgPlug: APK: onStateChanged stateType: 15, pkg:0:com.soulmate#com.android.permissioncontroller:10276#10043
01-17 01:09:27.486  1881  2219 I HwAmbientLuxFilterAlgo: SceneBufferAmbientLux input error,end=30,start=-141,bufferSize=59
01-17 01:09:27.530  1881  4138 I WifiNl80211Manager: Noise: -87, Snr: 20, Chload: 20, rssi: -71, txBitrate: 175, rxBitrate: 97, frequency: 5745, UlDelay: 0, currentTxBytes: 1930234, currentTxPackets: 7689, currentTxFailed: 0, currentRxBytes: 6182856, currentRxPackets: 10219
01-17 01:09:27.530  1881  4137 I WiFi_PRO: MSG_RETURN_AP_CURRY_RSSI rssi = -71
01-17 01:09:27.530  1881  4137 I QosMonitor: queryRtt: rttType = 3
01-17 01:09:27.530  1881  4137 I QosMonitor: call ctrlHwWifiNetwork
01-17 01:09:27.530  1881  4136 I HwDualBandManager: handle2gApStrongWifiRssiChange
01-17 01:09:27.530  1881  4138 I HuaweiWifiWatchdogStateMachine: high data flow: protection_counter = 0,  not_detect_counter = 254
01-17 01:09:27.530  1881  4138 I HuaweiWifiWatchdogStateMachine: high data flow scenario: 0 --> 0 rx rate =0KB/s
01-17 01:09:27.530  1881  4136 V HwWifiServiceFactory: get AllImpl object = com.android.server.wifi.HwWifiServiceFactoryImpl@cec4eea
01-17 01:09:27.530  1881  4137 I QosMonitor: postEventFromNative: msg=100,arg1=4,arg2=10
01-17 01:09:27.530  1881  4137 I QosMonitor: resetRtt: rttType = 3
01-17 01:09:27.530  1881  4137 I QosMonitor: call ctrlHwWifiNetwork
01-17 01:09:27.581  7063  7771 I ContentSensor_13.11.3.203_PackageUtil: pkgName : com.huawei.android.launcher
01-17 01:09:27.581  4779 28482 I HwNaturalBase: [Binder:4779_5]: executeInsertDirect callingUid: 5514 callingPid: 7063
01-17 01:09:27.597  1403  2350 W dubaid  : [SocTempRainflow.cpp] FormatTempData# Matrix index: 1, Point 1: 32.000000, Point 2: 36.000000, Value: 1.000000, range:4.000000, means:34.000000
01-17 01:09:27.597  1403  2350 W dubaid  : [SocTempRainflow.cpp] FormatTempData# Matrix index: 2, Point 1: 32.000000, Point 2: 36.000000, Value: 1.000000, range:4.000000, means:34.000000
01-17 01:09:27.602  1005  1005 I Layer   : [*#1615] reparent null
01-17 01:09:27.602  1005  1005 I AnimateManager: DelAnimationInfo: layer Surface(name=Dim Layer for - Task=17)/@0xa40847e - animation-leash of dimmer#1615, mEnable 0
01-17 01:09:27.602  1005  1005 I Layer   : *#1615: destroyed
01-17 01:09:27.641  4779 28482 I HwNaturalBase: [Binder:4779_5]: Database monitor for dsPengineData is enabled, threshold: 300Mb, action: 0.
01-17 01:09:27.641  4779 28482 I HwNaturalBase: [Binder:4779_5]: dsPengineData's size is 0M.
01-17 01:09:27.643  4779 28482 I HwNaturalBase: [Binder:4779_5]: DataManager-0: DbEngine for dsPengineData is reopened.
01-17 01:09:27.661  1420  1440 W AwareLog: iawared: ChangePropertyContent open /proc/1881/task/8046/static_vip fail errno(2)!
01-17 01:09:27.834  1005  1005 I Layer   : [*#1616] reparent null
01-17 01:09:27.834  1005  1005 I AnimateManager: DelAnimationInfo: layer Surface(name=96e0f2a com.android.permissioncontroller/com.android.permissioncontroller.permission.ui.GrantPermissionsActivity)/@0x68aa519 - animation-leash of window_animation#1616, mEnable 0
01-17 01:09:27.834  1005  1005 I Layer   : *#1616: destroyed
01-17 01:09:27.836  1881  2219 I HwAmbientLuxFilterAlgo: SceneBufferAmbientLux input error,end=30,start=-141,bufferSize=59
01-17 01:09:27.841   966 20233 I audio_hw_usbaudio_ext: [get_extension_typec_parameters:189]: check show hires (false)
01-17 01:09:27.850  4623  4894 I OllieMsgCenter: publishEvt=2135097353
01-17 01:09:27.873  1881  2385 E AwareLog: AwareMem_MemoryUtils: trim Memory illegal arg exception, proc:8045 userId:-2 level:40 fromAware:true
01-17 01:09:27.898  1881  2364 I AppStateTracker: findForcedAppStandbyUidPackageIndexLocked return i = 1,uid = 10176,packageName = com.huawei.numberidentity
01-17 01:09:27.899  1881  2364 I AppStateTracker: findForcedAppStandbyUidPackageIndexLocked return i = 1,uid = 10176,packageName = com.huawei.numberidentity
01-17 01:09:27.899  1881  2364 I AppStateTracker: findForcedAppStandbyUidPackageIndexLocked return i = 1,uid = 10176,packageName = com.huawei.numberidentity
01-17 01:09:27.899  1881  2364 I AppStateTracker: findForcedAppStandbyUidPackageIndexLocked return i = 1,uid = 10176,packageName = com.huawei.numberidentity
01-17 01:09:27.899  1881  2364 I AppStateTracker: findForcedAppStandbyUidPackageIndexLocked return i = 1,uid = 10176,packageName = com.huawei.numberidentity
01-17 01:09:27.899  1881  2364 I AppStateTracker: findForcedAppStandbyUidPackageIndexLocked return i = 1,uid = 10176,packageName = com.huawei.numberidentity
01-17 01:09:28.019  1881  8152 I [SECURITY]: [HPS][gtoken_log][InsertComponent]: requestGTokenAsync:pms_replace
01-17 01:09:28.022  1881  8152 I PackageManager: getInstalledPackages cost 2 ms, flags: 134217728, userId: 0, callingUid: 1000, callingPid: 1881
01-17 01:09:28.023  1881  8152 I [SECURITY]: [HPS][gtoken_log][InsertComponent]: requestGTokenAsync:1
01-17 01:09:28.023  1881  8152 I [SECURITY]: [HPS][gtoken_log][BaseRequestComponent]: Update request all size:1
01-17 01:09:28.023  1881  8152 I [SECURITY]: [HPS][gtoken_log][BaseRequestComponent]: requestGtoken result success
01-17 01:09:28.023  1881  8152 I [SECURITY]: [HPS][gtoken_log][GTokenHandler]: ArgumentCheckHandler start task pms_replace_1768583368023
01-17 01:09:28.023  1881  8152 I [SECURITY]: [HPS][gtoken_log][GTokenHandler]: ArgumentCheckHandler end task pms_replace_1768583368023
01-17 01:09:28.023  1881  8152 I [SECURITY]: [HPS][gtoken_log][GTokenHandler]: RequestGTokenHandler start task pms_replace_1768583368023
01-17 01:09:28.023  1881  8152 I [SECURITY]: [HPS][gtoken_log][RequestGTokenHandler]: request gtoken json:158
01-17 01:09:28.023  1881  8152 I HsdrSDK : Receive queryCurrentInfo request.
01-17 01:09:28.024  1881  8152 D HsdrSDK : Start to bind hsdr service.
01-17 01:09:28.024  1881  8152 I ActivityManager: startProcess: name=com.huawei.security.hsdr app=null knownToBeDead=true thread=null pid=-1 preloadStatus=-1
01-17 01:09:28.025  1881  8152 D CompatibilityChangeReporter: Compat change id reported: 135634846; UID 10236; state: DISABLED
01-17 01:09:28.025  1881  8152 D CompatibilityChangeReporter: Compat change id reported: 177438394; UID 10236; state: DISABLED
01-17 01:09:28.025  1881  8152 D CompatibilityChangeReporter: Compat change id reported: 135772972; UID 10236; state: DISABLED
01-17 01:09:28.025  1881  8152 D CompatibilityChangeReporter: Compat change id reported: 135754954; UID 10236; state: ENABLED
01-17 01:09:28.025  1881  8152 I ActivityManager: Posting procStart msg for 0:com.huawei.security.hsdr/u0a236
01-17 01:09:28.025  1881  2206 I ActivityManager: startProcess: asking zygote to start proc ProcessRecord{b412eaf 0:com.huawei.security.hsdr/u0a236}
01-17 01:09:28.025  1881  8152 I ActivityManager: power push bindservice callingPkg:android, pkg:com.huawei.security.hsdr, callerApp pid:1881, pid:0
01-17 01:09:28.025  1881  2206 D CompatibilityChangeReporter: Compat change id reported: 143937733; UID 10236; state: ENABLED
01-17 01:09:28.025  1881  2206 W ActivityManager: Unknown package:com.google.android.gms
01-17 01:09:28.025  1881  2206 W ActivityManager: Unknown package:com.huawei.hwid.tv
01-17 01:09:28.025  1881  2206 W ActivityManager: Unknown package:com.huawei.hms
01-17 01:09:28.025  1881  2206 I ZygoteProcess: Zygote use usap: false
01-17 01:09:28.026  4565  4905 I AppManager: add dependency: EventID=166 Pkg=com.huawei.security.hsdr Value1=1881 Value2=0 Value3=10236 Pid=1881
01-17 01:09:28.032   910   910 D Zygote  : Forked child process 8153
01-17 01:09:28.033  1881  2206 I ActivityManager: Start proc 8153:com.huawei.security.hsdr/u0a236 for service {com.huawei.security.hsdr/com.huawei.security.hsdr.HsdrService}
01-17 01:09:28.033  4565  5327 I PG_ash  : start process:com.huawei.security.hsdr reason:service pid:8153 uid:10236 pkgs:null
01-17 01:09:28.034  4565  5327 I PG_ash  : not ctrl noicon sysapp proc:com.huawei.security.hsdr
01-17 01:09:28.035  8153  8153 I SELinux : system_file lable set found!!!!!
01-17 01:09:28.035  8153  8153 I SELinux : value : u:object_r:system_data_file:s0
01-17 01:09:28.035  8153  8153 I SELinux : path : /data/user
01-17 01:09:28.035  8153  8153 I SELinux : system_file lable set found!!!!!
01-17 01:09:28.035  8153  8153 I SELinux : value : u:object_r:system_data_file:s0
01-17 01:09:28.035  8153  8153 I SELinux : path : /data/data
01-17 01:09:28.035  8153  8153 I SELinux : system_file lable set found!!!!!
01-17 01:09:28.035  8153  8153 I SELinux : value : u:object_r:system_data_file:s0
01-17 01:09:28.035  8153  8153 I SELinux : path : /data/user_de/0
01-17 01:09:28.035  8153  8153 I SELinux : system_file lable set found!!!!!
01-17 01:09:28.035  8153  8153 I SELinux : value : u:object_r:system_data_file:s0
01-17 01:09:28.035  8153  8153 I SELinux : path : /data/user_de
01-17 01:09:28.038  8153  8153 I i.security.hsd: Reinit property: dalvik.vm.checkjni= false
01-17 01:09:28.038  8153  8153 I i.security.hsd: ReInitProperties: persist.vm.debug.dumpapi= false
01-17 01:09:28.040  8153  8153 E i.security.hsd: Not starting debugger since process cannot load the jdwp agent.
01-17 01:09:28.041  8153  8153 I AndroidRuntime: RuntimeInit: Starting application from zygote
01-17 01:09:28.041  8153  8153 D AndroidRuntime: Entered RuntimeInit!
01-17 01:09:28.044  8153  8153 I AndroidRuntime: MethodAndArgsCaller run()
01-17 01:09:28.046  8153  8153 D ActivityThread: Attach thread to application
01-17 01:09:28.049  1881  4306 D CompatibilityChangeReporter: Compat change id reported: 168419799; UID 10236; state: DISABLED
01-17 01:09:28.050   993  1317 D AudioPolicyService: getUidState(10236) !cacheIter->second.first, return PROCESS_STATE_UNKNOWN
01-17 01:09:28.051   993  1317 D AudioPolicyService: getUidState(10236) cacheIter->second.first, return cacheIter->second.second(-1)
01-17 01:09:28.052  8153  8153 D CompatibilityChangeReporter: Compat change id reported: 171979766; UID 10236; state: ENABLED
01-17 01:09:28.053  8153  8168 I ActivityThread: Init compatible state: true
01-17 01:09:28.053  8153  8168 D HwFrameworkSecurityPartsFactory: HwFrameworkSecurityPartsFactory in.
01-17 01:09:28.053  8153  8168 I HwFrameworkSecurityPartsFactory: add HwFrameworkSecurityPartsFactory to memory.
01-17 01:09:28.053  8153  8168 D BehaviorCollectManager: hook process for AI virus second
01-17 01:09:28.054  8153  8168 I BehaviorCollectManager: bindAnalyzerService: huawei.android.security.IAppBehaviorDataAnalyzer$Stub$Proxy@94d7840 pid:8153
01-17 01:09:28.054  8153  8153 I Typeface: fontManager.getInitFontWeightScale:1.0
01-17 01:09:28.055  8153  8153 I LoadedApk: createSharedLibrariesLoaders::sharedLibraries is null
01-17 01:09:28.056  8153  8153 I i.security.hsd: Failed to open app image /data/dalvik-cache/arm64/system@priv-app@HSDR@HSDR.apk@classes.art Oat checksum 0x9263e89c does not match the image one 0xb6e423bd in image /data/dalvik-cache/arm64/system@priv-app@HSDR@HSDR.apk@classes.art
01-17 01:09:28.061  8153  8168 I HwApiCacheMangerEx: apicache path=/storage/emulated/0 state=mounted key=com.huawei.security.hsdr#10236#256
01-17 01:09:28.061  8153  8168 I HwApiCacheMangerEx: need clear apicache,because volumes changed,oldCnt=0 newCnt=1
01-17 01:09:28.061  8153  8168 I HwApiCacheMangerEx: apicache path=/storage/emulated/0 state=mounted key=com.huawei.security.hsdr#10236#0
01-17 01:09:28.061  8153  8168 I HwApiCacheMangerEx: need clear apicache,because volumes changed,oldCnt=1 newCnt=1
01-17 01:09:28.061  8153  8153 V GraphicsEnvironment: ANGLE Developer option for 'com.huawei.security.hsdr' set to: 'default'
01-17 01:09:28.061  8153  8153 V GraphicsEnvironment: Neither updatable production driver nor prerelease driver is supported.
01-17 01:09:28.062  8153  8153 D NetworkSecurityConfig: No Network Security Config specified, using platform default
01-17 01:09:28.062  8153  8153 D NetworkSecurityConfig: No Network Security Config specified, using platform default
01-17 01:09:28.062  8153  8153 I HwViewStackScaleFactory: add android.view.HwViewStackScaleFactory@778e8be to memory.
01-17 01:09:28.063  8153  8168 I AwareBitmapCacher: init processName:com.huawei.security.hsdr pid=8153 uid=10236
01-17 01:09:28.065  8153  8153 I HMSSDK_AutoInit: Push init start
01-17 01:09:28.065  8153  8153 I AGConnectProvider: AGConnectInitializeProvider#onCreate
01-17 01:09:28.065  8153  8153 I AGConnectInstance: AGConnectInstance#initialize
01-17 01:09:28.066  8153  8153 W AGC_Instance: agc sdk initialize
01-17 01:09:28.066  8153  8153 I AGC_Registrar: getServices
01-17 01:09:28.067  8153  8153 I AGC_Registrar: services:0
01-17 01:09:28.067  8153  8153 D AGC_Instance: AGConnectInstanceImpl init
01-17 01:09:28.067  8153  8153 D AGC_ServiceRepository: addService start
01-17 01:09:28.067  8153  8153 D AGC_ServiceRepository: addService end
01-17 01:09:28.067  8153  8153 D AGC_ServiceRepository: addService start
01-17 01:09:28.067  8153  8153 D AGC_Instance: AGConnectInstanceImpl init end
01-17 01:09:28.067  8153  8153 I AGC_Instance: initFinish callback start
01-17 01:09:28.067  8153  8153 I AGC_Instance: AGC SDK initialize end
01-17 01:09:28.068  1881  4306 I ContentProviderHelper: publishContentProviders app: ProcessRecord{b412eaf 8153:com.huawei.security.hsdr/u0a236}, providers.size: 3
01-17 01:09:28.068  8153  8176 I HMSSDK_l: The local secret is already in separate file mode.
01-17 01:09:28.069  8153  8153 I HwTypeface: updateFont: scale=1.0
01-17 01:09:28.069  8153  8153 I HwTypeface: size is 0, use default font family
01-17 01:09:28.069  8153  8153 I ActivityThread: finishPreloaded preloadStatus 0
01-17 01:09:28.070  8153  8153 I HwViewRootImpl: Add sceneId 1 topId: 0
01-17 01:09:28.070  8153  8153 I ActivityThread: handleBindApplication cost: 18
01-17 01:09:28.070  8153  8153 I HwHSDR  : HsdrService:onCreate start
01-17 01:09:28.070  8153  8153 I HwHSDR  : HsdrService:onBind start
01-17 01:09:28.071  8153  8153 I HwHSDR  : OobeUtil:Start isOobeStatus
01-17 01:09:28.071  1881  4306 I HwActivityManagerServiceEx: provider is prevented for not-prevent
01-17 01:09:28.071  1881  4306 I ContentProviderHelper: Successfully start provider ContentProviderRecord{2a0fd10 u0 com.android.providers.settings/.hwext.HwSettingsProvider} launchingApp=null caller pid= 8153
01-17 01:09:28.072  4565  5290 I AppFastHibernation: fast unF_Z process uid: 10029 pkg: com.huawei.appmarket
01-17 01:09:28.072  4565  5290 I AppFastHibernation: fast unF_Z process uid: 10115 pkg: com.huawei.health
01-17 01:09:28.072  4565  5290 I AppFastHibernation: fast unF_Z process uid: 10145 pkg: com.xunmeng.pinduoduo
01-17 01:09:28.073  8153  8153 D HwHSDR  : OobeUtil:oobe status is:false
01-17 01:09:28.073  8153  8176 I HMSSDK_HMSPackageManager: signature V3 check success
01-17 01:09:28.073  8153  8153 I HwHSDR  : HsdrService:not oobe, init start
01-17 01:09:28.073  8153  8153 I HwHSDR  : GrsHelper:startSynGetGrsUrl start
01-17 01:09:28.073  8153  8176 I HMSSDK_HMSPackageManager: aidlService pkgName: com.huawei.hwid
01-17 01:09:28.073  8153  8176 I HMSSDK_HMSPackageManager: Enter getHMSPackageNameForMultiService
01-17 01:09:28.074  8153  8176 I HMSSDK_HMSPackageManager: <initHmsPackageInfoForMultiService> Succeed to find HMS apk: com.huawei.hwid version: 61504332
01-17 01:09:28.074  8153  8153 I NetworkKit_GrsClientImpl: main|GrsClientImpl.java|com.huawei.networkit.grs.GrsClientImpl|<init>|163|GrsClient Instance is init, GRS SDK version: 6.0.1.300, GrsBaseInfoParam: app_name=null, reg_country=CN, ser_country=CN, issue_country=CN
01-17 01:09:28.074  8153  8176 I HMSSDK_HMSPackageManager: Enter getHMSPackageNameForMultiService
01-17 01:09:28.074  8153  8176 D AGC_ConfigImpl: initConfigReader
01-17 01:09:28.074  8153  8179 I HMSSDK_HMSPackageManager: enter asyncOnceCheckMDMState
01-17 01:09:28.075  8153  8176 D AGC_FlexibleDecrypt: init
01-17 01:09:28.075  8153  8178 I NetworkKit_GrsPreferences: main -->NetworkKit_GRS_GrsClient-Init_0|GrsPreferences.java|com.huawei.networkit.grs.cache.GrsPreferences|initVersionInfo|69|ContextHolder.getAppContext() from GRS is:null
01-17 01:09:28.075  8153  8179 I HMSSDK_HMSPackageManager: enter checkHmsIsSpoof
01-17 01:09:28.075  8153  8176 D AGC_Keys: build aes key, iterationCount:1
01-17 01:09:28.075  8153  8176 D AGC_Keys: build aes key end
01-17 01:09:28.076  8153  8178 I NetworkKit_GrsPreferences: main -->NetworkKit_GRS_GrsClient-Init_0|GrsPreferences.java|com.huawei.networkit.grs.cache.GrsPreferences|initVersionInfo|69|ContextHolder.getAppContext() from GRS is:null
01-17 01:09:28.077  8153  8176 I HMSSDK_HianalyticsExist: In isHianalyticsExist, Failed to find class HiAnalyticsConfig.
01-17 01:09:28.077  8153  8176 I HMSSDK_HianalyticsExist: hianalytics exist: false
01-17 01:09:28.077  8153  8176 I HMSSDK_HMSBIInitializer: Builder->biInitFlag :false
01-17 01:09:28.078  8153  8178 I NetworkKit_LocalManagerProxy: main -->NetworkKit_GRS_GrsClient-Init_0|LocalManagerProxy.java|com.huawei.networkit.grs.local.LocalManagerProxy|initLocalManager|188|appConfigName is: null
01-17 01:09:28.078  8153  8176 I NetworkKit_CountryCodeBean: Thread-2||com.huawei.hms.framework.network.grs.local.model.CountryCodeBean|getVendorCountryCode|40|countryCode by ro.hw.country is: cn
01-17 01:09:28.078  8153  8176 I NetworkKit_CountryCodeBean: Thread-2||com.huawei.hms.framework.network.grs.local.model.CountryCodeBean|init|16|get issue_country code from VENDOR_COUNTRY
01-17 01:09:28.078  8153  8176 I HMSSDK_HMSBIInitializer: Builder->biInitFlag : start initHaSDK
01-17 01:09:28.078  8153  8176 I NetworkKit_CountryCodeBean: Thread-2||com.huawei.hms.framework.network.grs.local.model.CountryCodeBean|getVendorCountryCode|40|countryCode by ro.hw.country is: cn
01-17 01:09:28.078  8153  8176 I NetworkKit_CountryCodeBean: Thread-2||com.huawei.hms.framework.network.grs.local.model.CountryCodeBean|init|16|get issue_country code from VENDOR_COUNTRY
01-17 01:09:28.079  8153  8176 I HMSSDK_Util: available exist: true
01-17 01:09:28.079  8153  8185 I HMSSDK_HMSBIInitializer: Start to query GRS
01-17 01:09:28.079  8153  8176 I HMSSDK_Util: available exist: true
01-17 01:09:28.079  8153  8178 I NetworkKit_AbstractLocalManager: main -->NetworkKit_GRS_GrsClient-Init_0|AbstractLocalManager.java|com.huawei.networkit.grs.local.AbstractLocalManager|getBatchLoadSdkSuccessFlag|177|load SDK_CONFIG_FILE: grs_sdk_global_route_config_hsdr.json, sucess.
01-17 01:09:28.079  8153  8176 I HMSSDK_AvailableUtil: asyncCheckHmsUpdateInfo, not need to check
01-17 01:09:28.079  8153  8185 I NetworkKit_GrsClientManager: AsyncTask #1||com.huawei.hms.framework.network.grs.d|a|90|grsClientImpl == null, and new GrsClientImpl
01-17 01:09:28.079  8153  8176 I HMSSDK_HMSPackageManager: Enter getHMSPackageNameForMultiService
01-17 01:09:28.080  8153  8178 I NetworkKit_AbstractLocalManager: main -->NetworkKit_GRS_GrsClient-Init_0|AbstractLocalManager.java|com.huawei.networkit.grs.local.AbstractLocalManager|getBatchLoadSdkSuccessFlag|177|load SDK_CONFIG_FILE: grs_sdk_global_route_config_hwcloud.json, sucess.
01-17 01:09:28.080  8153  8178 I NetworkKit_GrsRequestInfo: main -->NetworkKit_GRS_GrsClient-Init_0|GrsRequestInfo.java|com.huawei.networkit.grs.requestremote.model.GrsRequestInfo|creatJsonString|113|post service list is:{"services":["com.huawei.configserver","com.huawei.harmonysecuritycloud.hsdr"]}
01-17 01:09:28.080  8153  8179 I HMSSDK_ReadApkFileUtil: verifyMDMSignatureV3 verify successful!
01-17 01:09:28.080  8153  8185 I NetworkKit_c: AsyncTask #1||com.huawei.hms.framework.network.grs.c|<init>|1|GrsClient Instance is init, GRS SDK version: 6.0.11.300, GrsBaseInfoParam: app_name=null, reg_country=null, ser_country=null, issue_country=CN ,queryTimeout=-1
01-17 01:09:28.080  8153  8178 I NetworkKit_GrsClientImpl: main -->NetworkKit_GRS_GrsClient-Init_0|GrsClientImpl.java|com.huawei.networkit.grs.GrsClientImpl$1|call|143|postList is:{*s*r*i*e*"*[*c*m*h*a*e*.*o*f*g*e*v*r*,*c*m*h*a*e*.*a*m*n*s*c*r*t*c*o*d*h*d*"*}
01-17 01:09:28.080  8153  8176 I HMSSDK_HMSPackageManager: Enter getHMSPackageNameForMultiService
01-17 01:09:28.080  8153  8178 I NetworkKit_GrsClientImpl: main -->NetworkKit_GRS_GrsClient-Init_0|GrsClientImpl.java|com.huawei.networkit.grs.GrsClientImpl$1|call|144|currentServices:{*s*r*i*e*"*[*c*m*h*a*e*.*o*f*g*e*v*r*,*c*m*h*a*e*.*a*m*n*s*c*r*t*c*o*d*h*d*"*}
01-17 01:09:28.081  8153  8178 I NetworkKit_PLSharedPreferences: main -->NetworkKit_GRS_GrsClient-Init_0|PLSharedPreferences.java|com.huawei.networkit.grs.common.PLSharedPreferences|getAll|234|sp size 1
01-17 01:09:28.081  8153  8153 I NetworkKit_Route: main|Route.java|com.huawei.networkit.grs.local.Route|getCountryByRouteType|126|current route_by is serCountry and routerCountry is: CN
01-17 01:09:28.082  1881  4306 I HwConnectivityServiceEx: set 10236, metered: false, value: false
01-17 01:09:28.083  8153  8187 I NetworkKit_c: AsyncTask #1 -->NetworkKit_GRS_GrsClient-Init_0||com.huawei.hms.framework.network.grs.e.c|a|3|ContextHolder.getAppContext() from GRS is:null
