01-17 01:17:36.377 23699 23792 D hw_bt_btm: btm_ble_process_adv_pkt_cont: service_data_len = 24
01-17 01:17:36.382 23699 23792 D bt_btm  : btm_ble_process_ext_adv_pkt: HwBtmBleProcessAdv 5d:54:**:**:**:c8
01-17 01:17:36.382 23699 23792 D bt_btm  : btm_identity_addr_to_random_pseudo
01-17 01:17:36.382 23699 23792 D bt_btm  : btm_ble_process_adv_addr: bda=5d:54:**:**:**:c8
01-17 01:17:36.382 23699 23792 D bt_btm  : btm_ble_resolve_random_addr
01-17 01:17:36.385  4139  4139 I BleNotifyFault: parseScanResultData: [1, 20, 1, 1, 8, 31, 2, 39, 40, 87, -24, -124, 114, 70, 107, 54, 103, 89, 117, 115, 88, 56]
01-17 01:17:36.386  4139  4139 I BleNotifyFault: handleRequest: trace:081F02272857E884, eventId:913000050, uuidText:gYusX8
01-17 01:17:36.437  1881  2219 I HwAmbientLuxFilterAlgo: SceneBufferAmbientLux input error,end=30,start=-141,bufferSize=59
01-17 01:17:36.460  4623 30651 D HwCommBoosterService: reportBoosterPara enter
01-17 01:17:36.460  4623 30651 D HwCommBoosterManager: reportBoosterPara enter
01-17 01:17:36.460  4623 30651 D HwCommBoosterManager: pluginId: 2
01-17 01:17:36.461  4623  4894 D HwCommBoosterManager: handleBoosterMessageSendModuleDataToPlugin enter
01-17 01:17:36.689  1881  4052 I WifiNl80211Manager: Noise: -87, Snr: 20, Chload: 54, rssi: -73, txBitrate: 117, rxBitrate: 195, frequency: 5745, UlDelay: 0, currentTxBytes: 2095669, currentTxPackets: 8461, currentTxFailed: 0, currentRxBytes: 6457294, currentRxPackets: 11442
01-17 01:17:36.693  1881  4052 V HwWifiServiceFactory: get AllImpl object = com.android.server.wifi.HwWifiServiceFactoryImpl@cec4eea
01-17 01:17:36.695  4623  6727 I Booster_Qoe: Ada,index:8,NisPsSlow:0,NProba:334,rsrp(rssi):-73,rsrq(noise):-87,rtt(chload):54,BFH(uldelay):0,BFC(rtt):0 Real:0,0,0,0,0
01-17 01:17:36.695  4623  6727 I Booster_Qoe: Ada,index:2,NisPsSlow:0,NProba:334,rsrp(rssi):-73,rsrq(noise):-87,rtt(chload):54,BFH(uldelay):0,BFC(rtt):0 Real:0,0,0,0,0
01-17 01:17:36.697  4623  4894 E Booster_BroadcastProxy: [isDebugModemEnabled]get package info fail.
01-17 01:17:36.699  1881  4136 I WiFi_PRO_WifiProStateMachine: APP_SERVICE_QOE_NOTIFY Qoe info 10276,4,0,334,1,2,4,0,334,117000,195000,10,10,0,0,0,0 CID 2 mMasterWifiRssi -73 mMasterCardAmbr 1073000 mSlaveCardAmbr 1048576
01-17 01:17:36.699  1881  4136 V HwWifiServiceFactory: get AllImpl object = com.android.server.wifi.HwWifiServiceFactoryImpl@cec4eea
01-17 01:17:36.700  1881  4136 I HwWifiProServiceProxy: ctrlHwWifiNetwork pkgName: WIFIPRO_SERVICE interfaceId: 9
01-17 01:17:36.700  1881  4136 I WiFi_PRO_WifiProStateMachine: isWifi2WifiProcess = false, mIsNeedIgnoreQoeUpdate = false, mIsAppInBlacklist = false, mIsAppInBlacklistFullScreen = false, mIsWiFiNoInternet false, screen on = true, full screen = false, isLandscapeMode = false, mNotifyWifiLinkPoorReason = -1
01-17 01:17:36.700  1881  4136 I WiFi_PRO_WifiProStateMachine: mChannelQoeBadCnt = 0, mAppQoeBadCnt = 0, mNetworkSlowReason = 0, mNetworkSlowChannelBadCnt = 0
01-17 01:17:36.700  1881  4136 V HwWifiServiceFactory: get AllImpl object = com.android.server.wifi.HwWifiServiceFactoryImpl@cec4eea
01-17 01:17:36.700  1881  4136 I WiFi_PRO_WifiProStateMachine: Wifi Signal Bad
01-17 01:17:36.701  1881  4136 I WiFi_PRO_WifiProStateMachine: getQoeBadReason, economic user app qoe bad 9 time, not handle
01-17 01:17:36.707  1881  4138 I WifiNl80211Manager: Noise: -87, Snr: 20, Chload: 54, rssi: -73, txBitrate: 117, rxBitrate: 195, frequency: 5745, UlDelay: 0, currentTxBytes: 2095669, currentTxPackets: 8461, currentTxFailed: 0, currentRxBytes: 6457294, currentRxPackets: 11442
01-17 01:17:36.707  1881  4138 D HuaweiWifiWatchdogStateMachine: nothing to do
01-17 01:17:36.707  1881  4137 I WiFi_PRO: MSG_RETURN_AP_CURRY_RSSI rssi = -73
01-17 01:17:36.708  1881  4137 I QosMonitor: queryRtt: rttType = 3
01-17 01:17:36.708  1881  4136 I HwDualBandManager: handle2gApStrongWifiRssiChange
01-17 01:17:36.708  1881  4137 I QosMonitor: call ctrlHwWifiNetwork
01-17 01:17:36.708  1881  4138 I HuaweiWifiWatchdogStateMachine: high data flow: protection_counter = 0,  not_detect_counter = 315
01-17 01:17:36.708  1881  4136 V HwWifiServiceFactory: get AllImpl object = com.android.server.wifi.HwWifiServiceFactoryImpl@cec4eea
01-17 01:17:36.708  1881  4138 I HuaweiWifiWatchdogStateMachine: high data flow scenario: 0 --> 0 rx rate =0KB/s
01-17 01:17:36.709  1881  4138 I HuaweiWifiWatchdogStateMachine: POta txb txg rxg:0, 1, 0. Lr =0% Totpkt=1
01-17 01:17:36.709  1881  4137 I QosMonitor: postEventFromNative: msg=100,arg1=4,arg2=10
01-17 01:17:36.709  1881  4137 I QosMonitor: call ctrlHwWifiNetwork
01-17 01:17:36.710  1881  4137 I QosMonitor: postEventFromNative: msg=100,arg1=0,arg2=10
01-17 01:17:36.711  1881  4137 I MQoS    : rtt=324,tcpTxPkts=201510,tcpRxPkts=226335
01-17 01:17:36.711  1881 14033 I HwConnectivityServiceEx: set 1000, metered: false, value: false
01-17 01:17:36.711  1881 14033 I MQoS    : QOS_level:0(0),DataDisable;use level-0
01-17 01:17:36.711  1881  4138 I HuaweiWifiWatchdogStateMachine: PTcp RTT:0, rtt pkt=0, tcp_rx=0, tcp_tx=0, tcp_reTran=0, rtRate=0
01-17 01:17:36.711  1881  4138 I HuaweiWifiWatchdogStateMachine: rssi bad, mrssi=-72 < TargetRssi=-75
01-17 01:17:36.712  1881  4138 I HuaweiWifiWatchdogStateMachine: start computeQosLevel tcpRtt = 0 ,rssi = -72 ,mBestSpeedInPeriod = 0
01-17 01:17:36.712  1881  4138 I HuaweiWifiWatchdogStateMachine: smoothConsecutiveQosResults, currentQosLevel = 3
01-17 01:17:36.712  1881  4137 I QosMonitor: resetRtt: rttType = 3
01-17 01:17:36.712  1881  4137 I QosMonitor: call ctrlHwWifiNetwork
01-17 01:17:36.715  1005  1365 I VSyncReactor: still confirming period
01-17 01:17:36.731  1005  1365 I VSyncPredictor: setPeriod: 16666666
01-17 01:17:36.787  1881  2219 I HwAmbientLuxFilterAlgo: SceneBufferAmbientLux input error,end=30,start=-141,bufferSize=59
01-17 01:17:37.106  1881  4052 I TrafficMonitor: expired arrive. level:-1
01-17 01:17:37.107  1881  4052 I TrafficMonitor: during_ms:2005,period_ms:2000
01-17 01:17:37.107  1881  4052 I TrafficMonitor: count:363,rx_sum:0,tx_sum:0,rxBytes:0,during_ms:2005,rx_speed:0.0,tx_speed:0.0,rto:0.0
01-17 01:17:37.107  1881  4052 I HuaweiWifiWatchdogStateMachine: Get speed information rx_speed = 0 ,tx_speed = 0 ,isSpeedOk = false ,mBestSpeedInPeriod = 0
01-17 01:17:37.138  1881  2219 I HwAmbientLuxFilterAlgo: SceneBufferAmbientLux input error,end=30,start=-141,bufferSize=59
01-17 01:17:37.463  4623 30651 D HwCommBoosterService: reportBoosterPara enter
01-17 01:17:37.463  4623 30651 D HwCommBoosterManager: reportBoosterPara enter
01-17 01:17:37.463  4623 30651 D HwCommBoosterManager: pluginId: 2
01-17 01:17:37.464  4623  4894 D HwCommBoosterManager: handleBoosterMessageSendModuleDataToPlugin enter
01-17 01:17:37.489  1881  2219 I HwAmbientLuxFilterAlgo: SceneBufferAmbientLux input error,end=30,start=-141,bufferSize=59
01-17 01:17:37.719  4623  6727 I Booster_Qoe: Ada,index:8,NisPsSlow:0,NProba:334,rsrp(rssi):-73,rsrq(noise):-87,rtt(chload):54,BFH(uldelay):0,BFC(rtt):0 Real:0,0,0,0,0
01-17 01:17:37.719  4623  6727 I Booster_Qoe: Ada,index:2,NisPsSlow:0,NProba:334,rsrp(rssi):-73,rsrq(noise):-87,rtt(chload):54,BFH(uldelay):0,BFC(rtt):0 Real:0,0,0,0,0
01-17 01:17:37.721  4623  4894 E Booster_BroadcastProxy: [isDebugModemEnabled]get package info fail.
01-17 01:17:37.724  1881  4136 I WiFi_PRO_WifiProStateMachine: APP_SERVICE_QOE_NOTIFY Qoe info 10276,4,0,334,1,2,4,0,334,117000,195000,10,10,0,0,0,0 CID 2 mMasterWifiRssi -73 mMasterCardAmbr 1073000 mSlaveCardAmbr 1048576
01-17 01:17:37.725  1881  4136 V HwWifiServiceFactory: get AllImpl object = com.android.server.wifi.HwWifiServiceFactoryImpl@cec4eea
01-17 01:17:37.725  1881  4136 I HwWifiProServiceProxy: ctrlHwWifiNetwork pkgName: WIFIPRO_SERVICE interfaceId: 9
01-17 01:17:37.725  1881  4136 I WiFi_PRO_WifiProStateMachine: isWifi2WifiProcess = false, mIsNeedIgnoreQoeUpdate = false, mIsAppInBlacklist = false, mIsAppInBlacklistFullScreen = false, mIsWiFiNoInternet false, screen on = true, full screen = false, isLandscapeMode = false, mNotifyWifiLinkPoorReason = -1
01-17 01:17:37.725  1881  4136 I WiFi_PRO_WifiProStateMachine: mChannelQoeBadCnt = 0, mAppQoeBadCnt = 0, mNetworkSlowReason = 0, mNetworkSlowChannelBadCnt = 0
01-17 01:17:37.726  1881  4136 V HwWifiServiceFactory: get AllImpl object = com.android.server.wifi.HwWifiServiceFactoryImpl@cec4eea
01-17 01:17:37.726  1881  4136 I WiFi_PRO_WifiProStateMachine: Wifi Signal Bad
01-17 01:17:37.726  1881  4136 I WiFi_PRO_WifiProStateMachine: getQoeBadReason, economic user app qoe bad 9 time, not handle
01-17 01:17:37.738  8384  8409 E DFS     : MetaDentrySyncer-DentrySyncHandle: open failed
01-17 01:17:37.837  1881  2219 I HwAmbientLuxFilterAlgo: SceneBufferAmbientLux input error,end=30,start=-141,bufferSize=59
01-17 01:17:37.887 21558 21617 D com.huawei.agc.apms: Collector: sending [0] AppStart events.
01-17 01:17:37.888 21558 21617 D com.huawei.agc.apms: Collector: sending [0] ActivityLoad events.
01-17 01:17:37.888 21558 21617 D com.huawei.agc.apms: Collector: sending [0] ActivityRender events.
01-17 01:17:37.888 21558 21617 D com.huawei.agc.apms: Collector: sending [0] Http events.
01-17 01:17:37.888 21558 21617 D com.huawei.agc.apms: Collector: sending [0] WebViewLoad events.
01-17 01:17:37.888 21558 21617 D com.huawei.agc.apms: Collector: sending [0] WebViewError events.
01-17 01:17:37.888 21558 21617 D com.huawei.agc.apms: Collector: sending [0] FpsDrop events.
01-17 01:17:37.889 21558 21617 D com.huawei.agc.apms: Creating a new Non sampled Session: 9323b5a78637480c97d99d6615feb0bb
01-17 01:17:37.889 21558 21617 D com.huawei.agc.apms: tick took 3ms.
01-17 01:17:38.037  4623  4894 I OllieMsgCenter: publishEvt=2135097353
01-17 01:17:38.101  1881 13974 V HwWifiServiceFactory: get AllImpl object = com.android.server.wifi.HwWifiServiceFactoryImpl@cec4eea
01-17 01:17:38.103  1881 13974 V HwWifiServiceFactory: get AllImpl object = com.android.server.wifi.HwWifiServiceFactoryImpl@cec4eea
01-17 01:17:38.117  1881  4052 I TrafficMonitor: update:rxPkts:0,txPkts:0,rxBytes:0,txBytes:0
01-17 01:17:38.117  1881  4052 I TrafficMonitor: gettimer:interval=2000
01-17 01:17:38.188  1881  2219 I HwAmbientLuxFilterAlgo: SceneBufferAmbientLux input error,end=30,start=-141,bufferSize=59
01-17 01:17:38.465  4623 30651 D HwCommBoosterService: reportBoosterPara enter
01-17 01:17:38.465  4623 30651 D HwCommBoosterManager: reportBoosterPara enter
01-17 01:17:38.465  4623 30651 D HwCommBoosterManager: pluginId: 2
01-17 01:17:38.466  4623  4894 D HwCommBoosterManager: handleBoosterMessageSendModuleDataToPlugin enter
01-17 01:17:38.538  1881  2219 I HwAmbientLuxFilterAlgo: SceneBufferAmbientLux input error,end=30,start=-141,bufferSize=59
01-17 01:17:38.665  1415  1415 I Thermal-daemon:hw_thermal: [pa_0] tempNew :31  tempOld :32
01-17 01:17:38.666  1415  1415 I Thermal-daemon:hw_thermal: Report temperature: [pa_0] temp :31  reportThreshold:1
01-17 01:17:38.698 20358 20358 I HMSFindNetworkCore_61504300_NetworkMonitor: [FindNetwork null:2] networkMode not change.
01-17 01:17:38.753  4623  6727 I Booster_Qoe: Ada,index:8,NisPsSlow:0,NProba:321,rsrp(rssi):-72,rsrq(noise):-87,rtt(chload):54,BFH(uldelay):0,BFC(rtt):0 Real:0,0,0,0,0
01-17 01:17:38.753  4623  6727 I Booster_Qoe: Ada,index:2,NisPsSlow:0,NProba:321,rsrp(rssi):-72,rsrq(noise):-87,rtt(chload):54,BFH(uldelay):0,BFC(rtt):0 Real:0,0,0,0,0
01-17 01:17:38.755  4623  4894 E Booster_BroadcastProxy: [isDebugModemEnabled]get package info fail.
01-17 01:17:38.758  1881  4136 I WiFi_PRO_WifiProStateMachine: APP_SERVICE_QOE_NOTIFY Qoe info 10276,4,0,321,1,2,4,0,321,117000,195000,10,10,0,0,0,0 CID 2 mMasterWifiRssi -72 mMasterCardAmbr 1073000 mSlaveCardAmbr 1048576
01-17 01:17:38.758  1881  4136 V HwWifiServiceFactory: get AllImpl object = com.android.server.wifi.HwWifiServiceFactoryImpl@cec4eea
01-17 01:17:38.759  1881  4136 I HwWifiProServiceProxy: ctrlHwWifiNetwork pkgName: WIFIPRO_SERVICE interfaceId: 9
01-17 01:17:38.759  1881  4136 I WiFi_PRO_WifiProStateMachine: isWifi2WifiProcess = false, mIsNeedIgnoreQoeUpdate = false, mIsAppInBlacklist = false, mIsAppInBlacklistFullScreen = false, mIsWiFiNoInternet false, screen on = true, full screen = false, isLandscapeMode = false, mNotifyWifiLinkPoorReason = -1
01-17 01:17:38.759  1881  4136 I WiFi_PRO_WifiProStateMachine: mChannelQoeBadCnt = 0, mAppQoeBadCnt = 0, mNetworkSlowReason = 0, mNetworkSlowChannelBadCnt = 0
01-17 01:17:38.759  1881  4136 V HwWifiServiceFactory: get AllImpl object = com.android.server.wifi.HwWifiServiceFactoryImpl@cec4eea
01-17 01:17:38.759  1881  4136 I WiFi_PRO_WifiProStateMachine: getQoeBadReason, economic user app qoe bad 9 time, not handle
01-17 01:17:38.889  1881  2219 I HwAmbientLuxFilterAlgo: SceneBufferAmbientLux input error,end=30,start=-141,bufferSize=59
01-17 01:17:39.238  1881  2219 I HwAmbientLuxFilterAlgo: SceneBufferAmbientLux input error,end=30,start=-141,bufferSize=59
01-17 01:17:39.467  4623 30651 D HwCommBoosterService: reportBoosterPara enter
01-17 01:17:39.468  4623 30651 D HwCommBoosterManager: reportBoosterPara enter
01-17 01:17:39.468  4623 30651 D HwCommBoosterManager: pluginId: 2
01-17 01:17:39.469  4623  4894 D HwCommBoosterManager: handleBoosterMessageSendModuleDataToPlugin enter
01-17 01:17:39.588  1881  2219 I HwAmbientLuxFilterAlgo: SceneBufferAmbientLux input error,end=30,start=-141,bufferSize=59
01-17 01:17:39.618  4565  5327 I ash_dd  : com.huawei.appmarket not ctrl in charging, delay to D!
01-17 01:17:39.702  1881  4052 I WifiNl80211Manager: Noise: -87, Snr: 22, Chload: 54, rssi: -73, txBitrate: 117, rxBitrate: 195, frequency: 5745, UlDelay: 0, currentTxBytes: 2095669, currentTxPackets: 8461, currentTxFailed: 0, currentRxBytes: 6457324, currentRxPackets: 11443
01-17 01:17:39.705  1881  4052 V HwWifiServiceFactory: get AllImpl object = com.android.server.wifi.HwWifiServiceFactoryImpl@cec4eea
01-17 01:17:39.743 31214 31228 I bms_behavior: runState = 1, cvStatus = 1 
01-17 01:17:39.746 31214 31228 E bms_file: file /sys/class/hw_power/charger/direct_charge_turbo/turbo_charge_status is invalid
01-17 01:17:39.747 31214 31228 E bms_file: file /sys/class/hw_power/charger/direct_charger_sc4/direct_charge_succ is invalid
01-17 01:17:39.761 31214 31228 E bms_file: file /sys/class/hw_power/charger/direct_charger_sc4/direct_charge_succ is invalid
01-17 01:17:39.767  4623  6727 I Booster_Qoe: Ada,index:8,NisPsSlow:0,NProba:334,rsrp(rssi):-73,rsrq(noise):-87,rtt(chload):54,BFH(uldelay):0,BFC(rtt):0 Real:0,0,0,0,0
01-17 01:17:39.767  4623  6727 I Booster_Qoe: Ada,index:2,NisPsSlow:0,NProba:334,rsrp(rssi):-73,rsrq(noise):-87,rtt(chload):54,BFH(uldelay):0,BFC(rtt):0 Real:0,0,0,0,0
01-17 01:17:39.769  4623  4894 E Booster_BroadcastProxy: [isDebugModemEnabled]get package info fail.
01-17 01:17:39.771  1881  4136 I WiFi_PRO_WifiProStateMachine: APP_SERVICE_QOE_NOTIFY Qoe info 10276,4,0,334,1,2,4,0,334,117000,195000,10,10,0,0,0,0 CID 2 mMasterWifiRssi -73 mMasterCardAmbr 1073000 mSlaveCardAmbr 1048576
01-17 01:17:39.772  1881  4136 V HwWifiServiceFactory: get AllImpl object = com.android.server.wifi.HwWifiServiceFactoryImpl@cec4eea
01-17 01:17:39.772  1881  4136 I HwWifiProServiceProxy: ctrlHwWifiNetwork pkgName: WIFIPRO_SERVICE interfaceId: 9
01-17 01:17:39.773  1881  4136 I WiFi_PRO_WifiProStateMachine: isWifi2WifiProcess = false, mIsNeedIgnoreQoeUpdate = false, mIsAppInBlacklist = false, mIsAppInBlacklistFullScreen = false, mIsWiFiNoInternet false, screen on = true, full screen = false, isLandscapeMode = false, mNotifyWifiLinkPoorReason = -1
01-17 01:17:39.773  1881  4136 I WiFi_PRO_WifiProStateMachine: mChannelQoeBadCnt = 0, mAppQoeBadCnt = 0, mNetworkSlowReason = 0, mNetworkSlowChannelBadCnt = 0
01-17 01:17:39.773  1881  4136 V HwWifiServiceFactory: get AllImpl object = com.android.server.wifi.HwWifiServiceFactoryImpl@cec4eea
01-17 01:17:39.773  1881  4136 I WiFi_PRO_WifiProStateMachine: Wifi Signal Bad
01-17 01:17:39.774  1881  4136 I WiFi_PRO_WifiProStateMachine: getQoeBadReason, economic user app qoe bad 9 time, not handle
01-17 01:17:39.775 31214 31228 E bms_file: file /sys/class/hw_power/bat_heating/heat_up is invalid
01-17 01:17:39.778 31214 31228 E bms_file: file /sys/class/hw_power/charger/direct_charger_sc4/direct_charge_succ is invalid
01-17 01:17:39.797 31214 31228 E bms_file: file /sys/class/hw_power/charger/direct_charger_sc4/direct_charge_succ is invalid
01-17 01:17:39.798 31214 31228 E bms_file: file /sys/class/hw_power/charger/direct_charger_sc4/direct_charge_succ is invalid
01-17 01:17:39.798 31214 31228 I bms_behavior: monitor interval count 494, name: Battery
01-17 01:17:39.938  1881  2219 I HwAmbientLuxFilterAlgo: SceneBufferAmbientLux input error,end=30,start=-141,bufferSize=59
01-17 01:17:40.029  4565  5327 I ash_dd  : com.huawei.lbs not ctrl in charging, delay to D!
01-17 01:17:40.037  4623  4894 I OllieMsgCenter: publishEvt=2135097353
01-17 01:17:40.110  1005  1365 I VSyncReactor: still confirming period
01-17 01:17:40.119  1881  4052 I TrafficMonitor: update:rxPkts:0,txPkts:0,rxBytes:0,txBytes:0
01-17 01:17:40.120  1881  4052 I TrafficMonitor: gettimer:interval=2000
01-17 01:17:40.126  1005  1365 I VSyncPredictor: setPeriod: 16666666
01-17 01:17:40.287  1881  2219 I HwAmbientLuxFilterAlgo: SceneBufferAmbientLux input error,end=30,start=-141,bufferSize=59
01-17 01:17:40.470  4623 30651 D HwCommBoosterService: reportBoosterPara enter
01-17 01:17:40.470  4623 30651 D HwCommBoosterManager: reportBoosterPara enter
01-17 01:17:40.470  4623 30651 D HwCommBoosterManager: pluginId: 2
01-17 01:17:40.471  4623  4894 D HwCommBoosterManager: handleBoosterMessageSendModuleDataToPlugin enter
01-17 01:17:40.638  1881  2219 I HwAmbientLuxFilterAlgo: SceneBufferAmbientLux input error,end=30,start=-141,bufferSize=59
01-17 01:17:40.718  1881  4138 I WifiNl80211Manager: Noise: -87, Snr: 20, Chload: 54, rssi: -73, txBitrate: 117, rxBitrate: 195, frequency: 5745, UlDelay: 0, currentTxBytes: 2095669, currentTxPackets: 8461, currentTxFailed: 0, currentRxBytes: 6457354, currentRxPackets: 11444
01-17 01:17:40.718  1881  4137 I WiFi_PRO: MSG_RETURN_AP_CURRY_RSSI rssi = -73
01-17 01:17:40.719  1881  4137 I QosMonitor: queryRtt: rttType = 3
01-17 01:17:40.719  1881  4137 I QosMonitor: call ctrlHwWifiNetwork
01-17 01:17:40.719  1881  4138 I HuaweiWifiWatchdogStateMachine: POta txb txg rxg:0, 1, 0. Lr =0% Totpkt=1
01-17 01:17:40.719  1881  4136 I HwDualBandManager: handle2gApStrongWifiRssiChange
01-17 01:17:40.720  1881  4136 V HwWifiServiceFactory: get AllImpl object = com.android.server.wifi.HwWifiServiceFactoryImpl@cec4eea
01-17 01:17:40.720  1881  4137 I QosMonitor: postEventFromNative: msg=100,arg1=4,arg2=10
01-17 01:17:40.720  1881  4137 I QosMonitor: call ctrlHwWifiNetwork
01-17 01:17:40.721  1881  4137 I QosMonitor: postEventFromNative: msg=100,arg1=0,arg2=10
01-17 01:17:40.722  1881  4137 I MQoS    : rtt=324,tcpTxPkts=201510,tcpRxPkts=226335
01-17 01:17:40.722  1881 14033 I HwConnectivityServiceEx: set 1000, metered: false, value: false
01-17 01:17:40.722  1881 14033 I MQoS    : QOS_level:0(0),DataDisable;use level-0
01-17 01:17:40.722  1881 14033 I MQoS    : skip-low-Level:0(0),DataDisable;use level-0
01-17 01:17:40.724  1881  4138 I HuaweiWifiWatchdogStateMachine: PTcp RTT:0, rtt pkt=0, tcp_rx=0, tcp_tx=0, tcp_reTran=0, rtRate=0
01-17 01:17:40.724  1881  4138 I HuaweiWifiWatchdogStateMachine: rssi bad, mrssi=-73 < TargetRssi=-75
01-17 01:17:40.724  1881  4138 I HuaweiWifiWatchdogStateMachine: start computeQosLevel tcpRtt = 0 ,rssi = -73 ,mBestSpeedInPeriod = 0
01-17 01:17:40.724  1881  4138 I HuaweiWifiWatchdogStateMachine: smoothConsecutiveQosResults, currentQosLevel = 3
01-17 01:17:40.725  1881  4137 I QosMonitor: resetRtt: rttType = 3
01-17 01:17:40.725  1881  4137 I QosMonitor: call ctrlHwWifiNetwork
01-17 01:17:40.801  4623  6727 I Booster_Qoe: Ada,index:8,NisPsSlow:0,NProba:334,rsrp(rssi):-73,rsrq(noise):-87,rtt(chload):54,BFH(uldelay):0,BFC(rtt):0 Real:0,0,0,0,0
01-17 01:17:40.801  4623  6727 I Booster_Qoe: Ada,index:2,NisPsSlow:0,NProba:334,rsrp(rssi):-73,rsrq(noise):-87,rtt(chload):54,BFH(uldelay):0,BFC(rtt):0 Real:0,0,0,0,0
01-17 01:17:40.803  4623  4894 E Booster_BroadcastProxy: [isDebugModemEnabled]get package info fail.
01-17 01:17:40.805  1881  4136 I WiFi_PRO_WifiProStateMachine: APP_SERVICE_QOE_NOTIFY Qoe info 10276,4,0,334,1,2,4,0,334,117000,195000,10,10,0,0,0,0 CID 2 mMasterWifiRssi -73 mMasterCardAmbr 1073000 mSlaveCardAmbr 1048576
01-17 01:17:40.806  1881  4136 V HwWifiServiceFactory: get AllImpl object = com.android.server.wifi.HwWifiServiceFactoryImpl@cec4eea
01-17 01:17:40.806  1881  4136 I HwWifiProServiceProxy: ctrlHwWifiNetwork pkgName: WIFIPRO_SERVICE interfaceId: 9
01-17 01:17:40.806  1881  4136 I WiFi_PRO_WifiProStateMachine: isWifi2WifiProcess = false, mIsNeedIgnoreQoeUpdate = false, mIsAppInBlacklist = false, mIsAppInBlacklistFullScreen = false, mIsWiFiNoInternet false, screen on = true, full screen = false, isLandscapeMode = false, mNotifyWifiLinkPoorReason = -1
01-17 01:17:40.806  1881  4136 I WiFi_PRO_WifiProStateMachine: mChannelQoeBadCnt = 0, mAppQoeBadCnt = 0, mNetworkSlowReason = 0, mNetworkSlowChannelBadCnt = 0
01-17 01:17:40.807  1881  4136 V HwWifiServiceFactory: get AllImpl object = com.android.server.wifi.HwWifiServiceFactoryImpl@cec4eea
01-17 01:17:40.807  1881  4136 I WiFi_PRO_WifiProStateMachine: Wifi Signal Bad
01-17 01:17:40.807  1881  4136 I WiFi_PRO_WifiProStateMachine: getQoeBadReason, economic user app qoe bad 9 time, not handle
01-17 01:17:40.987  1881  2219 I HwAmbientLuxFilterAlgo: SceneBufferAmbientLux input error,end=30,start=-141,bufferSize=59
01-17 01:17:41.339  1881  2219 I HwAmbientLuxFilterAlgo: SceneBufferAmbientLux input error,end=30,start=-141,bufferSize=59
01-17 01:17:41.473  4623 30651 D HwCommBoosterService: reportBoosterPara enter
01-17 01:17:41.473  4623 30651 D HwCommBoosterManager: reportBoosterPara enter
01-17 01:17:41.473  4623 30651 D HwCommBoosterManager: pluginId: 2
01-17 01:17:41.474  4623  4894 D HwCommBoosterManager: handleBoosterMessageSendModuleDataToPlugin enter
01-17 01:17:41.688  1881  2219 I HwAmbientLuxFilterAlgo: SceneBufferAmbientLux input error,end=30,start=-141,bufferSize=59
01-17 01:17:41.815  4623  6727 I Booster_Qoe: Ada,index:8,NisPsSlow:0,NProba:334,rsrp(rssi):-73,rsrq(noise):-87,rtt(chload):54,BFH(uldelay):0,BFC(rtt):0 Real:0,0,0,0,0
01-17 01:17:41.815  4623  6727 I Booster_Qoe: Ada,index:2,NisPsSlow:0,NProba:334,rsrp(rssi):-73,rsrq(noise):-87,rtt(chload):54,BFH(uldelay):0,BFC(rtt):0 Real:0,0,0,0,0
01-17 01:17:41.821  4623  4894 E Booster_BroadcastProxy: [isDebugModemEnabled]get package info fail.
01-17 01:17:41.823  1881  4136 I WiFi_PRO_WifiProStateMachine: APP_SERVICE_QOE_NOTIFY Qoe info 10276,4,0,334,1,2,4,0,334,117000,195000,10,10,0,0,0,0 CID 2 mMasterWifiRssi -73 mMasterCardAmbr 1073000 mSlaveCardAmbr 1048576
01-17 01:17:41.824  1881  4136 V HwWifiServiceFactory: get AllImpl object = com.android.server.wifi.HwWifiServiceFactoryImpl@cec4eea
01-17 01:17:41.824  1881  4136 I HwWifiProServiceProxy: ctrlHwWifiNetwork pkgName: WIFIPRO_SERVICE interfaceId: 9
01-17 01:17:41.824  1881  4136 I WiFi_PRO_WifiProStateMachine: isWifi2WifiProcess = false, mIsNeedIgnoreQoeUpdate = false, mIsAppInBlacklist = false, mIsAppInBlacklistFullScreen = false, mIsWiFiNoInternet false, screen on = true, full screen = false, isLandscapeMode = false, mNotifyWifiLinkPoorReason = -1
01-17 01:17:41.824  1881  4136 I WiFi_PRO_WifiProStateMachine: mChannelQoeBadCnt = 0, mAppQoeBadCnt = 0, mNetworkSlowReason = 0, mNetworkSlowChannelBadCnt = 0
01-17 01:17:41.825  1881  4136 V HwWifiServiceFactory: get AllImpl object = com.android.server.wifi.HwWifiServiceFactoryImpl@cec4eea
01-17 01:17:41.825  1881  4136 I WiFi_PRO_WifiProStateMachine: Wifi Signal Bad
01-17 01:17:41.825  1881  4136 I WiFi_PRO_WifiProStateMachine: getQoeBadReason, economic user app qoe bad 9 time, not handle
01-17 01:17:42.038  1881  2219 I HwAmbientLuxFilterAlgo: SceneBufferAmbientLux input error,end=30,start=-141,bufferSize=59
01-17 01:17:42.038  4623  4894 I OllieMsgCenter: publishEvt=2135097353
01-17 01:17:42.122  1881  4052 I TrafficMonitor: update:rxPkts:0,txPkts:0,rxBytes:0,txBytes:0
01-17 01:17:42.123  1881  4052 I TrafficMonitor: gettimer:interval=2000
01-17 01:17:42.383  1143  1143 I aptouch_daemon: check_afe_status, afe[106 120 X201] [ctrl:X40020 ftr:X100] dif[26 -20] raw[35582 29217] [exp:X0 aN:0 lo:0]
01-17 01:17:42.388  1881  2219 I HwAmbientLuxFilterAlgo: SceneBufferAmbientLux input error,end=30,start=-141,bufferSize=59
01-17 01:17:42.434  4565  5327 I ash_dd  : com.xunmeng.pinduoduo not ctrl in charging, delay to D!
01-17 01:17:42.434  4565  5327 I ash_dd  : com.huawei.health not ctrl in charging, delay to D!
01-17 01:17:42.434  4565  5327 I ash_dd  : com.huawei.securityserver not ctrl in charging, delay to D!
01-17 01:17:42.435  4565  5327 I ash_dd  : com.huawei.recsys not ctrl in charging, delay to D!
01-17 01:17:42.435  4565  5327 I ash_dd  : com.baidu.input_huawei not ctrl in charging, delay to D!
01-17 01:17:42.474  4623 30651 D HwCommBoosterService: reportBoosterPara enter
01-17 01:17:42.474  4623 30651 D HwCommBoosterManager: reportBoosterPara enter
01-17 01:17:42.474  4623 30651 D HwCommBoosterManager: pluginId: 2
01-17 01:17:42.475  4623  4894 D HwCommBoosterManager: handleBoosterMessageSendModuleDataToPlugin enter
01-17 01:17:42.714  1881  4052 I WifiNl80211Manager: Noise: -87, Snr: 20, Chload: 54, rssi: -72, txBitrate: 117, rxBitrate: 195, frequency: 5745, UlDelay: 0, currentTxBytes: 2095669, currentTxPackets: 8461, currentTxFailed: 0, currentRxBytes: 6457384, currentRxPackets: 11445
01-17 01:17:42.719  1881  2203 V HwWifiServiceFactory: get AllImpl object = com.android.server.wifi.HwWifiServiceFactoryImpl@cec4eea
01-17 01:17:42.720  1881  1881 V HwWifiServiceFactory: get AllImpl object = com.android.server.wifi.HwWifiServiceFactoryImpl@cec4eea
01-17 01:17:42.720  1881 13974 V HwWifiServiceFactory: get AllImpl object = com.android.server.wifi.HwWifiServiceFactoryImpl@cec4eea
01-17 01:17:42.721  1881  2074 V HwWifiServiceFactory: get AllImpl object = com.android.server.wifi.HwWifiServiceFactoryImpl@cec4eea
01-17 01:17:42.722  1881  4155 V HwWifiServiceFactory: get AllImpl object = com.android.server.wifi.HwWifiServiceFactoryImpl@cec4eea
01-17 01:17:42.723  1881  4137 I QosMonitor: queryRtt: rttType = 3
01-17 01:17:42.723  1881  4137 I QosMonitor: call ctrlHwWifiNetwork
01-17 01:17:42.724  1881  4052 V HwWifiServiceFactory: get AllImpl object = com.android.server.wifi.HwWifiServiceFactoryImpl@cec4eea
01-17 01:17:42.724  4222  4445 I NetworkController: WifiSignalController: handleBroadcast
01-17 01:17:42.724  1881  4137 I QosMonitor: postEventFromNative: msg=100,arg1=4,arg2=10
01-17 01:17:42.724  1881  4136 V HwWifiServiceFactory: get AllImpl object = com.android.server.wifi.HwWifiServiceFactoryImpl@cec4eea
01-17 01:17:42.725  1881  4136 I HwWifiConnectivityMonitor: signal level changed: 2 --> 3, 802.11v = true
01-17 01:17:42.725  1881  4136 I HwWifiProServiceProxy: ctrlHwWifiNetwork pkgName: WIFIPRO_SERVICE interfaceId: 9
01-17 01:17:42.725  1881 13974 V HwWifiServiceFactory: get AllImpl object = com.android.server.wifi.HwWifiServiceFactoryImpl@cec4eea
01-17 01:17:42.726  1881  2074 V HwWifiServiceFactory: get AllImpl object = com.android.server.wifi.HwWifiServiceFactoryImpl@cec4eea
01-17 01:17:42.727  1881  4136 V HwWifiServiceFactory: get AllImpl object = com.android.server.wifi.HwWifiServiceFactoryImpl@cec4eea
01-17 01:17:42.727  4139  4162 I NcDft_WifiStatController: not need report or sync
01-17 01:17:42.727  1881  4136 V HwWifiServiceFactory: get AllImpl object = com.android.server.wifi.HwWifiServiceFactoryImpl@cec4eea
01-17 01:17:42.728  1881  4136 V HwWifiServiceFactory: get AllImpl object = com.android.server.wifi.HwWifiServiceFactoryImpl@cec4eea
01-17 01:17:42.729  1881  4053 V HwWifiServiceFactory: get AllImpl object = com.android.server.wifi.HwWifiServiceFactoryImpl@cec4eea
01-17 01:17:42.730  4687  5054 I MonitorBroadcastReceiver: onReceive, action:android.net.wifi.RSSI_CHANGED
01-17 01:17:42.730  1881  2074 V HwWifiServiceFactory: get AllImpl object = com.android.server.wifi.HwWifiServiceFactoryImpl@cec4eea
01-17 01:17:42.733  4687  5054 I LooperFactory: buildLooper:MBcDeliver
01-17 01:17:42.733  1881  2074 V HwWifiServiceFactory: get AllImpl object = com.android.server.wifi.HwWifiServiceFactoryImpl@cec4eea
01-17 01:17:42.734  1881 13974 V HwWifiServiceFactory: get AllImpl object = com.android.server.wifi.HwWifiServiceFactoryImpl@cec4eea
01-17 01:17:42.735  1881 13974 V HwWifiServiceFactory: get AllImpl object = com.android.server.wifi.HwWifiServiceFactoryImpl@cec4eea
01-17 01:17:42.736  1881 13974 V HwWifiServiceFactory: get AllImpl object = com.android.server.wifi.HwWifiServiceFactoryImpl@cec4eea
01-17 01:17:42.736  4222  4445 I HwNetworkControllerImpl: onReceive: action = android.net.wifi.RSSI_CHANGED
01-17 01:17:42.738  8384  8409 E DFS     : MetaDentrySyncer-DentrySyncHandle: open failed
01-17 01:17:42.739  1881  2219 I HwAmbientLuxFilterAlgo: SceneBufferAmbientLux input error,end=30,start=-141,bufferSize=59
01-17 01:17:42.741  1881  4136 I WiFi_PRO_WifiProStateMachine: isReachWifiScanThreshold, rssiLevel:3
01-17 01:17:42.742  1881  4136 V HwWifiServiceFactory: get AllImpl object = com.android.server.wifi.HwWifiServiceFactoryImpl@cec4eea
01-17 01:17:42.742  1881  4136 V HwWifiServiceFactory: get AllImpl object = com.android.server.wifi.HwWifiServiceFactoryImpl@cec4eea
01-17 01:17:42.742  4139  4169 I NcDft_WifiEwpInfoComponent: networkIsEquals: true
01-17 01:17:42.742  1005  1365 I VSyncReactor: still confirming period
01-17 01:17:42.743  1881  4137 I QosMonitor: resetRtt: rttType = 3
01-17 01:17:42.743  1881  4137 I QosMonitor: call ctrlHwWifiNetwork
01-17 01:17:42.743  4623  4894 I OllieMsgCenter: publishEvt=2130903260
01-17 01:17:42.743  4687  9704 I Softbus : [EnvironmentManager]: onReceive --> [android.net.wifi.RSSI_CHANGED]
01-17 01:17:42.743  4623  5451 I Hicom_Monitor: notifyWifiRssiChanged, pathId:2, newRssi:-72
01-17 01:17:42.743  1881  4053 V HwWifiServiceFactory: get AllImpl object = com.android.server.wifi.HwWifiServiceFactoryImpl@cec4eea
01-17 01:17:42.743  1881 13974 V HwWifiServiceFactory: get AllImpl object = com.android.server.wifi.HwWifiServiceFactoryImpl@cec4eea
01-17 01:17:42.744  1881  4073 I HwConnectivityServiceEx: set 1000, metered: false, value: false
01-17 01:17:42.745  1881 13974 V HwWifiServiceFactory: get AllImpl object = com.android.server.wifi.HwWifiServiceFactoryImpl@cec4eea
01-17 01:17:42.745  1881  4136 I WiFi_PRO_WifiProStateMachine: isReachWifiScanThreshold, ap is not strong enough, and has switch record
01-17 01:17:42.746  1881  4136 I HwWifiProServiceProxy: ctrlHwWifiNetwork pkgName: WIFIPRO_SERVICE interfaceId: 9
01-17 01:17:42.746  1881 13974 V HwWifiServiceFactory: get AllImpl object = com.android.server.wifi.HwWifiServiceFactoryImpl@cec4eea
01-17 01:17:42.747  1881  4136 I HwWifiProServiceProxy: ctrlHwWifiNetwork pkgName: WIFIPRO_SERVICE interfaceId: 9
01-17 01:17:42.748  1881 13974 V HwWifiServiceFactory: get AllImpl object = com.android.server.wifi.HwWifiServiceFactoryImpl@cec4eea
01-17 01:17:42.748  1881  4136 V HwWifiServiceFactory: get AllImpl object = com.android.server.wifi.HwWifiServiceFactoryImpl@cec4eea
01-17 01:17:42.748  1881  4136 I WiFi_PRO_WifiProStateMachine: isReachWifiScanThreshold, rssiLevel:3
01-17 01:17:42.748  1881  4136 V HwWifiServiceFactory: get AllImpl object = com.android.server.wifi.HwWifiServiceFactoryImpl@cec4eea
01-17 01:17:42.748  1881 13974 V HwWifiServiceFactory: get AllImpl object = com.android.server.wifi.HwWifiServiceFactoryImpl@cec4eea
01-17 01:17:42.748  1881  4136 V HwWifiServiceFactory: get AllImpl object = com.android.server.wifi.HwWifiServiceFactoryImpl@cec4eea
01-17 01:17:42.750  4623  4894 I NetworkPredictMatcher: checkIsNr netType: 6masterSlotId: 1
01-17 01:17:42.750  4623  4894 I NetworkPredictMatcher: checkIsNr netType: 6masterSlotId: 1
01-17 01:17:42.750  4623  4894 I NetworkPredictMatcher: checkIsNr netType: 6masterSlotId: 1
01-17 01:17:42.750  4623  4894 I NetworkPredictMatcher: checkIsNr netType: 6masterSlotId: 1
01-17 01:17:42.751  1881  4136 I WiFi_PRO_WifiProStateMachine: isReachWifiScanThreshold, ap is not strong enough, and has switch record
01-17 01:17:42.751  4687  5062 I CommonEventMonitor: onCapabilitiesChanged
01-17 01:17:42.752  1881  4136 I WiFi_PRO_WifiProStateMachine: wifi to wifi step 0.2: request scan
01-17 01:17:42.752  4623  4901 D SarControl_Manager: network onCapabilitiesChanged
01-17 01:17:42.753  1881  2074 V HwWifiServiceFactory: get AllImpl object = com.android.server.wifi.HwWifiServiceFactoryImpl@cec4eea
01-17 01:17:42.756  4623  4901 I SarControl_Manager: handleWifiBand, isChanged=false, wifi_band=1
01-17 01:17:42.756  4623  4901 D SarControl_Manager: handleConnectivityAction, networkInfo is TYPE_WIFI, is_wifi_connected=1
01-17 01:17:42.756  4623  4901 I SarControl_Manager: handleConnectivityAction, isChanged =false, is_wifi_connected=1
01-17 01:17:42.758  1881 13974 I HwConnectivityServiceEx: set 5525, metered: false, value: false
01-17 01:17:42.758  4687  5062 E CommonEventMonitor: info: tosting[type: WIFI[], state: CONNECTED/CONNECTED, reason: (unspecified), extra: ***, failover: false, available: true, roaming: false]
01-17 01:17:42.759  4687  5062 I CommonEventMonitor: hasNetworkState:num:1, type:9,false
01-17 01:17:42.759  1005  1365 I VSyncPredictor: setPeriod: 16666666
01-17 01:17:42.759  4687  5062 I CommonEventMonitor: isWifiConnected = trueisEthernetConnected = false
01-17 01:17:42.759  4687  5062 I SoftBusComm: [JNIWifiState] recv WifiState:4
01-17 01:17:42.759  4687  5062 I SoftBusLnn: wifi state change wifiState = 0
01-17 01:17:42.759  4687  5062 I SoftBusLnn: get LocalIp =3.37
01-17 01:17:42.759  4687  5062 I SoftBusLnn: wifi or ap wifiConnected = 1, apEnabled = 0, beforeConnected = 1, currentConnected = 1, isValidIp = 1
01-17 01:17:42.759  4687  5062 I SoftBusLnn: WifiStateEventHandler WifiState = 0
01-17 01:17:42.761  1881 13974 I HwConnectivityServiceEx: set 10145, metered: false, value: false
01-17 01:17:42.762 20358 20980 I HMSFindNetworkCore_61504300_NetworkMonitor: [FindNetwork null:2] onCapabilitiesChanged, isNetworkAvailable:true
01-17 01:17:42.766  1881 13974 I HwConnectivityServiceEx: set 10029, metered: false, value: false
01-17 01:17:42.848  4623  6727 I Booster_Qoe: Ada,index:8,NisPsSlow:0,NProba:321,rsrp(rssi):-72,rsrq(noise):-87,rtt(chload):54,BFH(uldelay):0,BFC(rtt):0 Real:0,0,0,0,0
01-17 01:17:42.848  4623  6727 I Booster_Qoe: Ada,index:2,NisPsSlow:0,NProba:321,rsrp(rssi):-72,rsrq(noise):-87,rtt(chload):54,BFH(uldelay):0,BFC(rtt):0 Real:0,0,0,0,0
01-17 01:17:42.850  4623  4894 E Booster_BroadcastProxy: [isDebugModemEnabled]get package info fail.
01-17 01:17:42.852  1881  4136 I WiFi_PRO_WifiProStateMachine: APP_SERVICE_QOE_NOTIFY Qoe info 10276,4,0,321,1,2,4,0,321,117000,195000,10,10,0,0,0,0 CID 2 mMasterWifiRssi -72 mMasterCardAmbr 1073000 mSlaveCardAmbr 1048576
01-17 01:17:42.853  1881  4136 V HwWifiServiceFactory: get AllImpl object = com.android.server.wifi.HwWifiServiceFactoryImpl@cec4eea
01-17 01:17:42.853  1881  4136 I HwWifiProServiceProxy: ctrlHwWifiNetwork pkgName: WIFIPRO_SERVICE interfaceId: 9
01-17 01:17:42.853  1881  4136 I WiFi_PRO_WifiProStateMachine: isWifi2WifiProcess = false, mIsNeedIgnoreQoeUpdate = false, mIsAppInBlacklist = false, mIsAppInBlacklistFullScreen = false, mIsWiFiNoInternet false, screen on = true, full screen = false, isLandscapeMode = false, mNotifyWifiLinkPoorReason = -1
01-17 01:17:42.854  1881  4136 I WiFi_PRO_WifiProStateMachine: mChannelQoeBadCnt = 0, mAppQoeBadCnt = 0, mNetworkSlowReason = 0, mNetworkSlowChannelBadCnt = 0
01-17 01:17:42.854  1881  4136 V HwWifiServiceFactory: get AllImpl object = com.android.server.wifi.HwWifiServiceFactoryImpl@cec4eea
01-17 01:17:42.854  1881  4136 I WiFi_PRO_WifiProStateMachine: getQoeBadReason, economic user app qoe bad 9 time, not handle
01-17 01:17:42.902  4565  5327 I ash_dd  : com.android.settings not ctrl in charging, delay to D!
01-17 01:17:43.087  1881  2219 I HwAmbientLuxFilterAlgo: SceneBufferAmbientLux input error,end=30,start=-141,bufferSize=59
01-17 01:17:43.117  1881  4052 I TrafficMonitor: expired arrive. level:-1
01-17 01:17:43.117  1881  4052 I TrafficMonitor: during_ms:2003,period_ms:2000
01-17 01:17:43.118  1881  4052 I TrafficMonitor: count:366,rx_sum:0,tx_sum:0,rxBytes:0,during_ms:2003,rx_speed:0.0,tx_speed:0.0,rto:0.0
01-17 01:17:43.118  1881  4052 I HuaweiWifiWatchdogStateMachine: Get speed information rx_speed = 0 ,tx_speed = 0 ,isSpeedOk = false ,mBestSpeedInPeriod = 0
01-17 01:17:43.438  1881  2219 I HwAmbientLuxFilterAlgo: SceneBufferAmbientLux input error,end=30,start=-141,bufferSize=59
01-17 01:17:43.476  4623  5609 D HwCommBoosterService: reportBoosterPara enter
01-17 01:17:43.476  4623  5609 D HwCommBoosterManager: reportBoosterPara enter
01-17 01:17:43.477  4623  5609 D HwCommBoosterManager: pluginId: 2
01-17 01:17:43.477  4623  4894 D HwCommBoosterManager: handleBoosterMessageSendModuleDataToPlugin enter
01-17 01:17:43.668  1415  1415 I Thermal-daemon:hw_thermal: [shell_back] tempNew :31  tempOld :32
01-17 01:17:43.670  1415  1415 I Thermal-daemon:hw_thermal: Report temperature: [shell_back] temp :31  reportThreshold:1
01-17 01:17:43.745  4687  9704 I LooperFactory: releaseLooper:MBcDeliver, other:[]
01-17 01:17:43.788  1881  2219 I HwAmbientLuxFilterAlgo: SceneBufferAmbientLux input error,end=30,start=-141,bufferSize=59
01-17 01:17:43.814  1881  2074 V HwWifiServiceFactory: get AllImpl object = com.android.server.wifi.HwWifiServiceFactoryImpl@cec4eea
01-17 01:17:43.814  1881  2074 D WifiEnhanceManagerUtil: call reportChrEnhanceEvent
01-17 01:17:43.814  1881  2074 I HwWifiChrEnhanceService: reportChrEnhanceEvent 909001021
01-17 01:17:43.815  1881  2074 I HwWifiScanChr: updateChrCount, appName:com.huawei.appmarket, key:serviceLimit
01-17 01:17:43.816  1881  2074 V HwWifiServiceFactory: get AllImpl object = com.android.server.wifi.HwWifiServiceFactoryImpl@cec4eea
01-17 01:17:43.863  4623  6727 I Booster_Qoe: Ada,index:8,NisPsSlow:0,NProba:321,rsrp(rssi):-72,rsrq(noise):-87,rtt(chload):54,BFH(uldelay):0,BFC(rtt):0 Real:0,0,0,0,0
01-17 01:17:43.863  4623  6727 I Booster_Qoe: Ada,index:2,NisPsSlow:0,NProba:321,rsrp(rssi):-72,rsrq(noise):-87,rtt(chload):54,BFH(uldelay):0,BFC(rtt):0 Real:0,0,0,0,0
01-17 01:17:43.869  4623  4894 E Booster_BroadcastProxy: [isDebugModemEnabled]get package info fail.
01-17 01:17:43.871  1881  4136 I WiFi_PRO_WifiProStateMachine: APP_SERVICE_QOE_NOTIFY Qoe info 10276,4,0,321,1,2,4,0,321,117000,195000,10,10,0,0,0,0 CID 2 mMasterWifiRssi -72 mMasterCardAmbr 1073000 mSlaveCardAmbr 1048576
01-17 01:17:43.872  1881  4136 V HwWifiServiceFactory: get AllImpl object = com.android.server.wifi.HwWifiServiceFactoryImpl@cec4eea
01-17 01:17:43.872  1881  4136 I HwWifiProServiceProxy: ctrlHwWifiNetwork pkgName: WIFIPRO_SERVICE interfaceId: 9
01-17 01:17:43.872  1881  4136 I WiFi_PRO_WifiProStateMachine: isWifi2WifiProcess = false, mIsNeedIgnoreQoeUpdate = false, mIsAppInBlacklist = false, mIsAppInBlacklistFullScreen = false, mIsWiFiNoInternet false, screen on = true, full screen = false, isLandscapeMode = false, mNotifyWifiLinkPoorReason = -1
01-17 01:17:43.872  1881  4136 I WiFi_PRO_WifiProStateMachine: mChannelQoeBadCnt = 0, mAppQoeBadCnt = 0, mNetworkSlowReason = 0, mNetworkSlowChannelBadCnt = 0
01-17 01:17:43.873  1881  4136 V HwWifiServiceFactory: get AllImpl object = com.android.server.wifi.HwWifiServiceFactoryImpl@cec4eea
01-17 01:17:43.873  1881  4136 I WiFi_PRO_WifiProStateMachine: getQoeBadReason, economic user app qoe bad 9 time, not handle
01-17 01:17:43.935  1881  2074 V HwWifiServiceFactory: get AllImpl object = com.android.server.wifi.HwWifiServiceFactoryImpl@cec4eea
01-17 01:17:43.935  1881  2074 D WifiEnhanceManagerUtil: call reportChrEnhanceEvent
01-17 01:17:43.935  1881  2074 I HwWifiChrEnhanceService: reportChrEnhanceEvent 909001021
01-17 01:17:43.935  1881  2074 I HwWifiScanChr: updateChrCount, appName:com.huawei.appmarket, key:serviceLimit
01-17 01:17:43.937  1881  2074 V HwWifiServiceFactory: get AllImpl object = com.android.server.wifi.HwWifiServiceFactoryImpl@cec4eea
01-17 01:17:43.944  1881  2074 V HwWifiServiceFactory: get AllImpl object = com.android.server.wifi.HwWifiServiceFactoryImpl@cec4eea
01-17 01:17:43.944  1881  2074 D WifiEnhanceManagerUtil: call reportChrEnhanceEvent
01-17 01:17:43.944  1881  2074 I HwWifiChrEnhanceService: reportChrEnhanceEvent 909001021
01-17 01:17:43.944  1881  2074 I HwWifiScanChr: updateChrCount, appName:com.huawei.appmarket, key:serviceLimit
01-17 01:17:43.945  1881  2074 V HwWifiServiceFactory: get AllImpl object = com.android.server.wifi.HwWifiServiceFactoryImpl@cec4eea
01-17 01:17:43.951  1881  2074 V HwWifiServiceFactory: get AllImpl object = com.android.server.wifi.HwWifiServiceFactoryImpl@cec4eea
01-17 01:17:43.951  1881  2074 D WifiEnhanceManagerUtil: call reportChrEnhanceEvent
01-17 01:17:43.951  1881  2074 I HwWifiChrEnhanceService: reportChrEnhanceEvent 909001021
01-17 01:17:43.951  1881  2074 I HwWifiScanChr: updateChrCount, appName:com.huawei.appmarket, key:serviceLimit
01-17 01:17:43.953  1881  2074 V HwWifiServiceFactory: get AllImpl object = com.android.server.wifi.HwWifiServiceFactoryImpl@cec4eea
01-17 01:17:43.958  1881  2353 V HwWifiServiceFactory: get AllImpl object = com.android.server.wifi.HwWifiServiceFactoryImpl@cec4eea
01-17 01:17:43.958  1881  2353 D WifiEnhanceManagerUtil: call reportChrEnhanceEvent
01-17 01:17:43.958  1881  2353 I HwWifiChrEnhanceService: reportChrEnhanceEvent 909001021
01-17 01:17:43.958  1881  2353 I HwWifiScanChr: updateChrCount, appName:com.huawei.appmarket, key:serviceLimit
01-17 01:17:43.959  1881  2353 V HwWifiServiceFactory: get AllImpl object = com.android.server.wifi.HwWifiServiceFactoryImpl@cec4eea
01-17 01:17:44.038  4623  4894 I OllieMsgCenter: publishEvt=2135097353
01-17 01:17:44.077  4494  5680 I SmartChgBase/Data: RawGetDataValue vbat
01-17 01:17:44.078  4494  5680 E SmartChgBase/File: file /data/user_de/0/com.huawei.systemmanager/files/smart_charge/base/mock/enable is invalid in IsFileExist
01-17 01:17:44.078  4494  5680 D SmartChargeImpl: getHidlValue, hidlTagName = vbat
01-17 01:17:44.078  1881  2353 I PowerManagerService: getPowerHidlValue scene: vbat
01-17 01:17:44.079  1881  2353 I PowerManagerService-JNI: nativeRtGetPowerHidlValue is NOT null
01-17 01:17:44.082   990   990 I power_hidl: ExeGetState type=vbat
01-17 01:17:44.083   990   990 I power_hidl: get property ro.board.platform=kirin990 len=92
01-17 01:17:44.083   990   990 I power_hidl: platform is kirin990
01-17 01:17:44.084   990   990 I power_hidl: ExeGetState success, type=vbat, index=21, value=4198851
01-17 01:17:44.084   990   990 I power_hidl: 
01-17 01:17:44.084  1881  2353 I PowerManagerService-JNI: rtCommGetPowerState powerHidlValue: 4198851
01-17 01:17:44.084  1881  2353 I PowerManagerService-JNI: , powerHidlResult: 0
01-17 01:17:44.084  1881  2353 I PowerManagerService: nativeRtGetPowerHidlValue: 4198851
01-17 01:17:44.085  4494  5680 I SmartChgBase/Data: get scene=vbat, value=4198851
01-17 01:17:44.085  4494  5680 I SmartChgBase/Data: , ret=0
01-17 01:17:44.085  4494  5680 I SmartChgBase/Data: RawGetDataValue batt_temp
01-17 01:17:44.086  4494  5680 E SmartChgBase/File: file /data/user_de/0/com.huawei.systemmanager/files/smart_charge/base/mock/enable is invalid in IsFileExist
01-17 01:17:44.086  4494  5680 I SmartCharge/CVT: cvt receive event is [2026-01-17 01:17:44/Timer@30]
01-17 01:17:44.086  4494  5680 I SmartChgBase/Data: RawGetDataValue charger_type
01-17 01:17:44.087  4494  5680 E SmartChgBase/File: file /data/user_de/0/com.huawei.systemmanager/files/smart_charge/base/mock/enable is invalid in IsFileExist
01-17 01:17:44.087  4494  5680 D SmartChargeImpl: getHidlValue, hidlTagName = charger_type
01-17 01:17:44.087  1881  2353 I PowerManagerService: getPowerHidlValue scene: charger_type
01-17 01:17:44.087  1881  2353 I PowerManagerService-JNI: nativeRtGetPowerHidlValue is NOT null
01-17 01:17:44.090   990   990 I power_hidl: ExeGetState type=charger_type
01-17 01:17:44.091   990   990 I power_hidl: ExeGetState success, type=charger_type, index=18, value=9
01-17 01:17:44.091  1881  2353 I PowerManagerService-JNI: rtCommGetPowerState powerHidlValue: 9, powerHidlResult: 0
01-17 01:17:44.092  1881  2353 I PowerManagerService: nativeRtGetPowerHidlValue: 9
01-17 01:17:44.092  4494  5680 I SmartChgBase/Data: get scene=charger_type, value=9, ret=0
01-17 01:17:44.092  4494  5680 I SmartChgBase/Data: RawGetDataValue vbat
01-17 01:17:44.092  4494  5680 E SmartChgBase/File: file /data/user_de/0/com.huawei.systemmanager/files/smart_charge/base/mock/enable is invalid in IsFileExist
01-17 01:17:44.092  4494  5680 D SmartChargeImpl: getHidlValue, hidlTagName = vbat
01-17 01:17:44.093  1881  2353 I PowerManagerService: getPowerHidlValue scene: vbat
01-17 01:17:44.093  1881  2353 I PowerManagerService-JNI: nativeRtGetPowerHidlValue is NOT null
01-17 01:17:44.096   990   990 I power_hidl: ExeGetState type=vbat
01-17 01:17:44.097   990   990 I power_hidl: get property ro.board.platform=kirin990 len=92
01-17 01:17:44.097   990   990 I power_hidl: platform is kirin990
01-17 01:17:44.097   990   990 I power_hidl: ExeGetState success, type=vbat, index=21, value=4198851
01-17 01:17:44.097   990   990 I power_hidl: 
01-17 01:17:44.098  1881  2353 I PowerManagerService-JNI: rtCommGetPowerState powerHidlValue: 4198851
01-17 01:17:44.098  1881  2353 I PowerManagerService-JNI: , powerHidlResult: 0
01-17 01:17:44.098  1881  2353 I PowerManagerService: nativeRtGetPowerHidlValue: 4198851
01-17 01:17:44.099  4494  5680 I SmartChgBase/Data: get scene=vbat, value=4198851
01-17 01:17:44.099  4494  5680 I SmartChgBase/Data: , ret=0
01-17 01:17:44.099  4494  5680 I SmartChgBase/Data: RawGetDataValue capacity
01-17 01:17:44.099  4494  5680 E SmartChgBase/File: file /data/user_de/0/com.huawei.systemmanager/files/smart_charge/base/mock/enable is invalid in IsFileExist
01-17 01:17:44.125  1881  4052 I TrafficMonitor: update:rxPkts:1,txPkts:1,rxBytes:56,txBytes:555
01-17 01:17:44.125  1881  4052 I TrafficMonitor: gettimer:interval=2000
01-17 01:17:44.137  1881  2219 I HwAmbientLuxFilterAlgo: SceneBufferAmbientLux input error,end=30,start=-141,bufferSize=59
01-17 01:17:44.478  4623  5609 D HwCommBoosterService: reportBoosterPara enter
01-17 01:17:44.478  4623  5609 D HwCommBoosterManager: reportBoosterPara enter
01-17 01:17:44.478  4623  5609 D HwCommBoosterManager: pluginId: 2
01-17 01:17:44.479  4623  4894 D HwCommBoosterManager: handleBoosterMessageSendModuleDataToPlugin enter
01-17 01:17:44.487  1881  2219 I HwAmbientLuxFilterAlgo: SceneBufferAmbientLux input error,end=30,start=-141,bufferSize=59
01-17 01:17:44.729  1881  4138 I WifiNl80211Manager: Noise: -87, Snr: 19, Chload: 54, rssi: -72, txBitrate: 117, rxBitrate: 195, frequency: 5745, UlDelay: 0, currentTxBytes: 2095669, currentTxPackets: 8461, currentTxFailed: 0, currentRxBytes: 6457470, currentRxPackets: 11447
01-17 01:17:44.730  1881  4137 I WiFi_PRO: MSG_RETURN_AP_CURRY_RSSI rssi = -72
01-17 01:17:44.730  1881  4137 I QosMonitor: queryRtt: rttType = 3
01-17 01:17:44.730  1881  4136 I HwDualBandManager: handle2gApStrongWifiRssiChange
01-17 01:17:44.730  1881  4138 I HuaweiWifiWatchdogStateMachine: high data flow: protection_counter = 0,  not_detect_counter = 316
01-17 01:17:44.730  1881  4138 I HuaweiWifiWatchdogStateMachine: high data flow scenario: 0 --> 0 rx rate =0KB/s
01-17 01:17:44.731  1881  4137 I QosMonitor: call ctrlHwWifiNetwork
01-17 01:17:44.731  1881  4138 I HuaweiWifiWatchdogStateMachine: POta txb txg rxg:0, 1, 0. Lr =0% Totpkt=1
01-17 01:17:44.731  1881  4136 V HwWifiServiceFactory: get AllImpl object = com.android.server.wifi.HwWifiServiceFactoryImpl@cec4eea
01-17 01:17:44.732  1881  4137 I QosMonitor: postEventFromNative: msg=100,arg1=4,arg2=10
01-17 01:17:44.732  1881  4137 I QosMonitor: call ctrlHwWifiNetwork
01-17 01:17:44.733  1881  4137 I QosMonitor: postEventFromNative: msg=100,arg1=0,arg2=10
01-17 01:17:44.734  1881  4137 I MQoS    : rtt=324,tcpTxPkts=201511,tcpRxPkts=226335
01-17 01:17:44.734  1881 14033 I MQoS    : QOS_level:0(0),DataDisable;use level-0
01-17 01:17:44.735  1881  4138 I HuaweiWifiWatchdogStateMachine: PTcp RTT:0, rtt pkt=0, tcp_rx=0, tcp_tx=1, tcp_reTran=0, rtRate=0
01-17 01:17:44.736  1881  4138 I HuaweiWifiWatchdogStateMachine: rssi bad, mrssi=-72 < TargetRssi=-75
01-17 01:17:44.736  1881  4138 I HuaweiWifiWatchdogStateMachine: start computeQosLevel tcpRtt = 0 ,rssi = -72 ,mBestSpeedInPeriod = 0
01-17 01:17:44.736  1881  4138 I HuaweiWifiWatchdogStateMachine: smoothConsecutiveQosResults, currentQosLevel = 3
01-17 01:17:44.736  1881  4137 I QosMonitor: resetRtt: rttType = 3
01-17 01:17:44.736  1881  4137 I QosMonitor: call ctrlHwWifiNetwork
01-17 01:17:44.798 31214 31228 I bms_behavior: runState = 1, cvStatus = 1 
01-17 01:17:44.802 31214 31228 E bms_file: file /sys/class/hw_power/charger/direct_charge_turbo/turbo_charge_status is invalid
01-17 01:17:44.803 31214 31228 E bms_file: file /sys/class/hw_power/charger/direct_charger_sc4/direct_charge_succ is invalid
01-17 01:17:44.829 31214 31228 E bms_file: file /sys/class/hw_power/charger/direct_charger_sc4/direct_charge_succ is invalid
01-17 01:17:44.838  1881  2219 I HwAmbientLuxFilterAlgo: SceneBufferAmbientLux input error,end=30,start=-141,bufferSize=59
01-17 01:17:44.843 31214 31228 E bms_file: file /sys/class/hw_power/bat_heating/heat_up is invalid
01-17 01:17:44.847 31214 31228 E bms_file: file /sys/class/hw_power/charger/direct_charger_sc4/direct_charge_succ is invalid
01-17 01:17:44.862 31214 31228 E bms_file: file /sys/class/hw_power/charger/direct_charger_sc4/direct_charge_succ is invalid
