01-17 01:17:15.619  1005  1365 I VSyncPredictor: setPeriod: 16666666
01-17 01:17:15.787  1881  2219 I HwAmbientLuxFilterAlgo: SceneBufferAmbientLux input error,end=30,start=-141,bufferSize=59
01-17 01:17:15.835  1881 13974 I HwConnectivityServiceEx: set 1000, metered: false, value: false
01-17 01:17:16.023  4623  4894 I OllieMsgCenter: publishEvt=2135097353
01-17 01:17:16.084  1881  4052 I TrafficMonitor: update:rxPkts:0,txPkts:0,rxBytes:0,txBytes:0
01-17 01:17:16.084  1881  4052 I TrafficMonitor: gettimer:interval=2000
01-17 01:17:16.138  1881  2219 I HwAmbientLuxFilterAlgo: SceneBufferAmbientLux input error,end=30,start=-141,bufferSize=59
01-17 01:17:16.224  4623  6727 I Booster_Qoe: Ada,index:8,NisPsSlow:0,NProba:334,rsrp(rssi):-73,rsrq(noise):-87,rtt(chload):59,BFH(uldelay):0,BFC(rtt):2 Real:0,0,2,0,0
01-17 01:17:16.224  4623  6727 I Booster_Qoe: Ada,index:2,NisPsSlow:0,NProba:334,rsrp(rssi):-73,rsrq(noise):-87,rtt(chload):59,BFH(uldelay):0,BFC(rtt):2 Real:0,0,2,0,0
01-17 01:17:16.226  4623  4894 E Booster_BroadcastProxy: [isDebugModemEnabled]get package info fail.
01-17 01:17:16.229  1881  4136 I WiFi_PRO_WifiProStateMachine: APP_SERVICE_QOE_NOTIFY Qoe info 10276,4,0,334,1,2,4,0,334,117000,195000,10,10,0,0,0,0 CID 2 mMasterWifiRssi -73 mMasterCardAmbr 1073000 mSlaveCardAmbr 1048576
01-17 01:17:16.230  1881  4136 V HwWifiServiceFactory: get AllImpl object = com.android.server.wifi.HwWifiServiceFactoryImpl@cec4eea
01-17 01:17:16.230  1881  4136 I HwWifiProServiceProxy: ctrlHwWifiNetwork pkgName: WIFIPRO_SERVICE interfaceId: 9
01-17 01:17:16.230  1881  4136 I WiFi_PRO_WifiProStateMachine: isWifi2WifiProcess = false, mIsNeedIgnoreQoeUpdate = false, mIsAppInBlacklist = false, mIsAppInBlacklistFullScreen = false, mIsWiFiNoInternet false, screen on = true, full screen = false, isLandscapeMode = false, mNotifyWifiLinkPoorReason = -1
01-17 01:17:16.230  1881  4136 I WiFi_PRO_WifiProStateMachine: mChannelQoeBadCnt = 0, mAppQoeBadCnt = 0, mNetworkSlowReason = 0, mNetworkSlowChannelBadCnt = 0
01-17 01:17:16.231  1881  4136 V HwWifiServiceFactory: get AllImpl object = com.android.server.wifi.HwWifiServiceFactoryImpl@cec4eea
01-17 01:17:16.231  1881  4136 I WiFi_PRO_WifiProStateMachine: Wifi Signal Bad
01-17 01:17:16.231  1881  4136 I WiFi_PRO_WifiProStateMachine: getQoeBadReason, economic user app qoe bad 9 time, not handle
01-17 01:17:16.271 23699 23792 D bt_btm  : btm_ble_process_ext_adv_pkt: HwBtmBleProcessAdv 5d:54:**:**:**:c8
01-17 01:17:16.272 23699 23792 D bt_btm  : btm_identity_addr_to_random_pseudo
01-17 01:17:16.272 23699 23792 D bt_btm  : btm_ble_process_adv_addr: bda=5d:54:**:**:**:c8
01-17 01:17:16.272 23699 23792 D bt_btm  : btm_ble_resolve_random_addr
01-17 01:17:16.272 23699 23792 D hw_bt_btm: btm_ble_process_adv_pkt_cont: service_data_len = 24
01-17 01:17:16.272 23699 23792 D bt_btm  : btm_ble_process_ext_adv_pkt: HwBtmBleProcessAdv 5d:54:**:**:**:c8
01-17 01:17:16.272 23699 23792 D bt_btm  : btm_identity_addr_to_random_pseudo
01-17 01:17:16.272 23699 23792 D bt_btm  : btm_ble_process_adv_addr: bda=5d:54:**:**:**:c8
01-17 01:17:16.272 23699 23792 D bt_btm  : btm_ble_resolve_random_addr
01-17 01:17:16.275  4139  4139 I BleNotifyFault: parseScanResultData: [1, 20, 1, 1, 8, 31, 2, 39, 40, 87, -24, -124, 114, 70, 107, 54, 103, 89, 117, 115, 88, 56]
01-17 01:17:16.276  4139  4139 I BleNotifyFault: handleRequest: trace:081F02272857E884, eventId:913000050, uuidText:gYusX8
01-17 01:17:16.418  4623  6024 D HwCommBoosterService: reportBoosterPara enter
01-17 01:17:16.418  4623  6024 D HwCommBoosterManager: reportBoosterPara enter
01-17 01:17:16.418  4623  6024 D HwCommBoosterManager: pluginId: 2
01-17 01:17:16.418  4623  4894 D HwCommBoosterManager: handleBoosterMessageSendModuleDataToPlugin enter
01-17 01:17:16.487  1881  2219 I HwAmbientLuxFilterAlgo: SceneBufferAmbientLux input error,end=30,start=-141,bufferSize=59
01-17 01:17:16.656  1881  4138 I WifiNl80211Manager: Noise: -87, Snr: 18, Chload: 59, rssi: -74, txBitrate: 117, rxBitrate: 195, frequency: 5745, UlDelay: 0, currentTxBytes: 2095187, currentTxPackets: 8455, currentTxFailed: 0, currentRxBytes: 6456892, currentRxPackets: 11429
01-17 01:17:16.656  1881  4138 D HuaweiWifiWatchdogStateMachine: nothing to do
01-17 01:17:16.657  1881  4137 I WiFi_PRO: MSG_RETURN_AP_CURRY_RSSI rssi = -74
01-17 01:17:16.657  1881  4138 I HuaweiWifiWatchdogStateMachine: POta txb txg rxg:0, 8, 0. Lr =0% Totpkt=8
01-17 01:17:16.657  1881  4137 I QosMonitor: queryRtt: rttType = 3
01-17 01:17:16.657  1881  4137 I QosMonitor: call ctrlHwWifiNetwork
01-17 01:17:16.657  1881  4136 I HwDualBandManager: handle2gApStrongWifiRssiChange
01-17 01:17:16.658  1881  4136 V HwWifiServiceFactory: get AllImpl object = com.android.server.wifi.HwWifiServiceFactoryImpl@cec4eea
01-17 01:17:16.658  1881  4137 I QosMonitor: postEventFromNative: msg=100,arg1=4,arg2=10
01-17 01:17:16.659  1881  4137 I QosMonitor: call ctrlHwWifiNetwork
01-17 01:17:16.660  1881  4137 I QosMonitor: postEventFromNative: msg=100,arg1=0,arg2=10
01-17 01:17:16.660  1881  4137 I MQoS    : rtt=324,tcpTxPkts=201506,tcpRxPkts=226335
01-17 01:17:16.661  1881 14033 I MQoS    : QOS_level:0(0),DataDisable;use level-0
01-17 01:17:16.661  1881 14033 I MQoS    : skip-low-Level:0(0),DataDisable;use level-0
01-17 01:17:16.661  1881  4138 I HuaweiWifiWatchdogStateMachine: PTcp RTT:0, rtt pkt=0, tcp_rx=3, tcp_tx=3, tcp_reTran=0, rtRate=0
01-17 01:17:16.662  1881  4138 I HuaweiWifiWatchdogStateMachine: rssi bad, mrssi=-74 < TargetRssi=-75
01-17 01:17:16.662  1881  4138 I HuaweiWifiWatchdogStateMachine: start computeQosLevel tcpRtt = 0 ,rssi = -74 ,mBestSpeedInPeriod = 0
01-17 01:17:16.662  1881  4138 I HuaweiWifiWatchdogStateMachine: smoothConsecutiveQosResults, currentQosLevel = 3
01-17 01:17:16.663  1881  4137 I QosMonitor: resetRtt: rttType = 3
01-17 01:17:16.663  1881  4137 I QosMonitor: call ctrlHwWifiNetwork
01-17 01:17:16.838  1881  2219 I HwAmbientLuxFilterAlgo: SceneBufferAmbientLux input error,end=30,start=-141,bufferSize=59
01-17 01:17:17.170  7721  9696 I CAWARENESS_34468_DeviceInfoUtil: isUsbConnected true
01-17 01:17:17.170  7721  9696 I CAWARENESS_34468_MemoryMonitor: release memory
01-17 01:17:17.188  1881  2219 I HwAmbientLuxFilterAlgo: SceneBufferAmbientLux input error,end=30,start=-141,bufferSize=59
01-17 01:17:17.197  7721  9696 I i.engineservic: Explicit concurrent copying GC freed 59692(3376KB) AllocSpace objects, 9(188KB) LOS objects, 55% free, 4870KB/10MB,  current_footprint is 10MB, capacity is 512MB, growth limit is 512MB, paused 82us,32us total 25.839ms cpu time 25.573ms DisableRefAccess:0.916ms(0.914ms), NotOnTop
01-17 01:17:17.197  7721  9696 I CAWARENESS_34468_MemoryMonitor: VersionCode: 1000034468 Hiai name: 14.0.7.303 memory(kB) static totalPss: 45282, dalvikPss: 7943, nativePss: 17066, otherPss: 16142, swapPss: 4131
01-17 01:17:17.197  7721  9696 I CAWARENESS_34468_MemoryMonitor: App Summary:summary.code: 3112 kB	summary.stack: 620 kB	summary.graphics: 0 kB	summary.java-heap: 9148 kB	summary.native-heap: 16964 kB	summary.system: 11794 kB	summary.total-pss: 45282 kB	summary.private-other: 3644 kB	summary.total-swap: 19448 kB	
01-17 01:17:17.239  4623  6727 I Booster_Qoe: Ada,index:8,NisPsSlow:0,NProba:334,rsrp(rssi):-74,rsrq(noise):-87,rtt(chload):59,BFH(uldelay):0,BFC(rtt):0 Real:0,0,0,0,0
01-17 01:17:17.239  4623  6727 I Booster_Qoe: Ada,index:2,NisPsSlow:0,NProba:334,rsrp(rssi):-74,rsrq(noise):-87,rtt(chload):59,BFH(uldelay):0,BFC(rtt):0 Real:0,0,0,0,0
01-17 01:17:17.245  4623  4894 E Booster_BroadcastProxy: [isDebugModemEnabled]get package info fail.
01-17 01:17:17.247  1881  4136 I WiFi_PRO_WifiProStateMachine: APP_SERVICE_QOE_NOTIFY Qoe info 10276,4,0,334,1,2,4,0,334,117000,195000,10,10,0,0,0,0 CID 2 mMasterWifiRssi -74 mMasterCardAmbr 1073000 mSlaveCardAmbr 1048576
01-17 01:17:17.247  1881  4136 V HwWifiServiceFactory: get AllImpl object = com.android.server.wifi.HwWifiServiceFactoryImpl@cec4eea
01-17 01:17:17.247  1881  4136 I HwWifiProServiceProxy: ctrlHwWifiNetwork pkgName: WIFIPRO_SERVICE interfaceId: 9
01-17 01:17:17.247  1881  4136 I WiFi_PRO_WifiProStateMachine: isWifi2WifiProcess = false, mIsNeedIgnoreQoeUpdate = false, mIsAppInBlacklist = false, mIsAppInBlacklistFullScreen = false, mIsWiFiNoInternet false, screen on = true, full screen = false, isLandscapeMode = false, mNotifyWifiLinkPoorReason = -1
01-17 01:17:17.248  1881  4136 I WiFi_PRO_WifiProStateMachine: mChannelQoeBadCnt = 0, mAppQoeBadCnt = 0, mNetworkSlowReason = 0, mNetworkSlowChannelBadCnt = 0
01-17 01:17:17.248  1881  4136 V HwWifiServiceFactory: get AllImpl object = com.android.server.wifi.HwWifiServiceFactoryImpl@cec4eea
01-17 01:17:17.248  1881  4136 I WiFi_PRO_WifiProStateMachine: Wifi Signal Bad
01-17 01:17:17.248  1881  4136 I WiFi_PRO_WifiProStateMachine: getQoeBadReason, economic user app qoe bad 9 time, not handle
01-17 01:17:17.420  4623  6024 D HwCommBoosterService: reportBoosterPara enter
01-17 01:17:17.420  4623  6024 D HwCommBoosterManager: reportBoosterPara enter
01-17 01:17:17.420  4623  6024 D HwCommBoosterManager: pluginId: 2
01-17 01:17:17.421  4623  4894 D HwCommBoosterManager: handleBoosterMessageSendModuleDataToPlugin enter
01-17 01:17:17.538  1881  2219 I HwAmbientLuxFilterAlgo: SceneBufferAmbientLux input error,end=30,start=-141,bufferSize=59
01-17 01:17:17.735  8384  8409 E DFS     : MetaDentrySyncer-DentrySyncHandle: open failed
01-17 01:17:17.888  1881  2219 I HwAmbientLuxFilterAlgo: SceneBufferAmbientLux input error,end=30,start=-141,bufferSize=59
01-17 01:17:18.025  4623  4894 I OllieMsgCenter: publishEvt=2135097353
01-17 01:17:18.088  1881  4052 I TrafficMonitor: update:rxPkts:0,txPkts:0,rxBytes:0,txBytes:0
01-17 01:17:18.088  1881  4052 I TrafficMonitor: gettimer:interval=2000
01-17 01:17:18.238  1881  2219 I HwAmbientLuxFilterAlgo: SceneBufferAmbientLux input error,end=30,start=-141,bufferSize=59
01-17 01:17:18.272  4623  6727 I Booster_Qoe: Ada,index:8,NisPsSlow:0,NProba:334,rsrp(rssi):-74,rsrq(noise):-87,rtt(chload):59,BFH(uldelay):0,BFC(rtt):0 Real:0,0,0,0,0
01-17 01:17:18.272  4623  6727 I Booster_Qoe: Ada,index:2,NisPsSlow:0,NProba:334,rsrp(rssi):-74,rsrq(noise):-87,rtt(chload):59,BFH(uldelay):0,BFC(rtt):0 Real:0,0,0,0,0
01-17 01:17:18.274  4623  4894 E Booster_BroadcastProxy: [isDebugModemEnabled]get package info fail.
01-17 01:17:18.276  1881  4136 I WiFi_PRO_WifiProStateMachine: APP_SERVICE_QOE_NOTIFY Qoe info 10276,4,0,334,1,2,4,0,334,117000,195000,10,10,0,0,0,0 CID 2 mMasterWifiRssi -74 mMasterCardAmbr 1073000 mSlaveCardAmbr 1048576
01-17 01:17:18.277  1881  4136 V HwWifiServiceFactory: get AllImpl object = com.android.server.wifi.HwWifiServiceFactoryImpl@cec4eea
01-17 01:17:18.278  1881  4136 I HwWifiProServiceProxy: ctrlHwWifiNetwork pkgName: WIFIPRO_SERVICE interfaceId: 9
01-17 01:17:18.278  1881  4136 I WiFi_PRO_WifiProStateMachine: isWifi2WifiProcess = false, mIsNeedIgnoreQoeUpdate = false, mIsAppInBlacklist = false, mIsAppInBlacklistFullScreen = false, mIsWiFiNoInternet false, screen on = true, full screen = false, isLandscapeMode = false, mNotifyWifiLinkPoorReason = -1
01-17 01:17:18.278  1881  4136 I WiFi_PRO_WifiProStateMachine: mChannelQoeBadCnt = 0, mAppQoeBadCnt = 0, mNetworkSlowReason = 0, mNetworkSlowChannelBadCnt = 0
01-17 01:17:18.278  1881  4136 V HwWifiServiceFactory: get AllImpl object = com.android.server.wifi.HwWifiServiceFactoryImpl@cec4eea
01-17 01:17:18.278  1881  4136 I WiFi_PRO_WifiProStateMachine: Wifi Signal Bad
01-17 01:17:18.279  1881  4136 I WiFi_PRO_WifiProStateMachine: getQoeBadReason, economic user app qoe bad 9 time, not handle
01-17 01:17:18.422  4623  6024 D HwCommBoosterService: reportBoosterPara enter
01-17 01:17:18.422  4623  6024 D HwCommBoosterManager: reportBoosterPara enter
01-17 01:17:18.422  4623  6024 D HwCommBoosterManager: pluginId: 2
01-17 01:17:18.422  4623  4894 D HwCommBoosterManager: handleBoosterMessageSendModuleDataToPlugin enter
01-17 01:17:18.588  1881  2219 I HwAmbientLuxFilterAlgo: SceneBufferAmbientLux input error,end=30,start=-141,bufferSize=59
01-17 01:17:18.595  1881  4052 I WifiNl80211Manager: Noise: -87, Snr: 20, Chload: 46, rssi: -74, txBitrate: 117, rxBitrate: 195, frequency: 5745, UlDelay: 0, currentTxBytes: 2095249, currentTxPackets: 8456, currentTxFailed: 0, currentRxBytes: 6456950, currentRxPackets: 11431
01-17 01:17:18.598  1881  4052 V HwWifiServiceFactory: get AllImpl object = com.android.server.wifi.HwWifiServiceFactoryImpl@cec4eea
01-17 01:17:18.641  1415  1415 I Thermal-daemon:hw_thermal: [pa_0] tempNew :32  tempOld :31
01-17 01:17:18.642  1415  1415 I Thermal-daemon:hw_thermal: Report temperature: [pa_0] temp :32  reportThreshold:1
01-17 01:17:18.937  1881  2219 I HwAmbientLuxFilterAlgo: SceneBufferAmbientLux input error,end=30,start=-141,bufferSize=59
01-17 01:17:19.082  1881  4052 I TrafficMonitor: expired arrive. level:-1
01-17 01:17:19.082  1881  4052 I TrafficMonitor: during_ms:2005,period_ms:2000
01-17 01:17:19.083  1881  4052 I TrafficMonitor: count:354,rx_sum:0,tx_sum:0,rxBytes:0,during_ms:2005,rx_speed:0.0,tx_speed:0.0,rto:0.0
01-17 01:17:19.083  1881  4052 I HuaweiWifiWatchdogStateMachine: Get speed information rx_speed = 0 ,tx_speed = 0 ,isSpeedOk = false ,mBestSpeedInPeriod = 0
01-17 01:17:19.096  1005  1365 I VSyncReactor: still confirming period
01-17 01:17:19.113  1005  1365 I VSyncPredictor: setPeriod: 16666666
01-17 01:17:19.287  4623  6727 I Booster_Qoe: Ada,index:8,NisPsSlow:0,NProba:334,rsrp(rssi):-74,rsrq(noise):-87,rtt(chload):46,BFH(uldelay):0,BFC(rtt):0 Real:0,0,0,0,0
01-17 01:17:19.287  4623  6727 I Booster_Qoe: Ada,index:2,NisPsSlow:0,NProba:334,rsrp(rssi):-74,rsrq(noise):-87,rtt(chload):46,BFH(uldelay):0,BFC(rtt):0 Real:0,0,0,0,0
01-17 01:17:19.287  1881  2219 I HwAmbientLuxFilterAlgo: SceneBufferAmbientLux input error,end=30,start=-141,bufferSize=59
01-17 01:17:19.290  4623  4894 E Booster_BroadcastProxy: [isDebugModemEnabled]get package info fail.
01-17 01:17:19.292  1881  4136 I WiFi_PRO_WifiProStateMachine: APP_SERVICE_QOE_NOTIFY Qoe info 10276,4,0,334,1,2,4,0,334,117000,195000,10,10,0,0,0,0 CID 2 mMasterWifiRssi -74 mMasterCardAmbr 1073000 mSlaveCardAmbr 1048576
01-17 01:17:19.292  1881  4136 V HwWifiServiceFactory: get AllImpl object = com.android.server.wifi.HwWifiServiceFactoryImpl@cec4eea
01-17 01:17:19.293  1881  4136 I HwWifiProServiceProxy: ctrlHwWifiNetwork pkgName: WIFIPRO_SERVICE interfaceId: 9
01-17 01:17:19.293  1881  4136 I WiFi_PRO_WifiProStateMachine: isWifi2WifiProcess = false, mIsNeedIgnoreQoeUpdate = false, mIsAppInBlacklist = false, mIsAppInBlacklistFullScreen = false, mIsWiFiNoInternet false, screen on = true, full screen = false, isLandscapeMode = false, mNotifyWifiLinkPoorReason = -1
01-17 01:17:19.293  1881  4136 I WiFi_PRO_WifiProStateMachine: mChannelQoeBadCnt = 0, mAppQoeBadCnt = 0, mNetworkSlowReason = 0, mNetworkSlowChannelBadCnt = 0
01-17 01:17:19.293  1881  4136 V HwWifiServiceFactory: get AllImpl object = com.android.server.wifi.HwWifiServiceFactoryImpl@cec4eea
01-17 01:17:19.294  1881  4136 I WiFi_PRO_WifiProStateMachine: Wifi Signal Bad
01-17 01:17:19.294  1881  4136 I WiFi_PRO_WifiProStateMachine: getQoeBadReason, economic user app qoe bad 9 time, not handle
01-17 01:17:19.424  4623  6024 D HwCommBoosterService: reportBoosterPara enter
01-17 01:17:19.424  4623  6024 D HwCommBoosterManager: reportBoosterPara enter
01-17 01:17:19.424  4623  6024 D HwCommBoosterManager: pluginId: 2
01-17 01:17:19.425  4623  4894 D HwCommBoosterManager: handleBoosterMessageSendModuleDataToPlugin enter
01-17 01:17:19.469  4139  4163 I NcDft_NcDftChip: NcChipDftEvent receive:NcChipDftEvent{Id=909009105, Length=16, Flag=1}
01-17 01:17:19.470  4139  4161 I NcDft_HotspotComponent: handleChipEvent
01-17 01:17:19.523 31214 31228 I bms_behavior: runState = 1, cvStatus = 1 
01-17 01:17:19.526 31214 31228 E bms_file: file /sys/class/hw_power/charger/direct_charge_turbo/turbo_charge_status is invalid
01-17 01:17:19.527 31214 31228 E bms_file: file /sys/class/hw_power/charger/direct_charger_sc4/direct_charge_succ is invalid
01-17 01:17:19.547 31214 31228 E bms_file: file /sys/class/hw_power/charger/direct_charger_sc4/direct_charge_succ is invalid
01-17 01:17:19.570 31214 31228 E bms_file: file /sys/class/hw_power/bat_heating/heat_up is invalid
01-17 01:17:19.573 31214 31228 E bms_file: file /sys/class/hw_power/charger/direct_charger_sc4/direct_charge_succ is invalid
01-17 01:17:19.585 31214 31228 E bms_file: file /sys/class/hw_power/charger/direct_charger_sc4/direct_charge_succ is invalid
01-17 01:17:19.586 31214 31228 E bms_file: file /sys/class/hw_power/charger/direct_charger_sc4/direct_charge_succ is invalid
01-17 01:17:19.586 31214 31228 I bms_behavior: monitor interval count 490, name: Battery
01-17 01:17:19.636  4139  4163 I NcDft_NcDftChip: NcChipDftEvent receive:NcChipDftEvent{Id=909009102, Length=24, Flag=1}
01-17 01:17:19.636  4139  4163 I NcDft_NcDftChip: NcChipDftEvent receive:NcChipDftEvent{Id=909009105, Length=16, Flag=1}
01-17 01:17:19.637  4139  4161 I NcDft_HotspotComponent: handleChipEvent
01-17 01:17:19.637  4139  4161 I NcDft_HmacWifiRoamFail: srcFreq:149srcRssi-75triggerType0
01-17 01:17:19.637  4139  4161 I NcDft_HotspotComponent: handleChipEvent
01-17 01:17:19.638  1881  2219 I HwAmbientLuxFilterAlgo: SceneBufferAmbientLux input error,end=30,start=-141,bufferSize=59
01-17 01:17:19.988  1881  2219 I HwAmbientLuxFilterAlgo: SceneBufferAmbientLux input error,end=30,start=-141,bufferSize=59
01-17 01:17:20.025  4623  4894 I OllieMsgCenter: publishEvt=2135097353
01-17 01:17:20.091  1881  4052 I TrafficMonitor: update:rxPkts:0,txPkts:0,rxBytes:0,txBytes:0
01-17 01:17:20.091  1881  4052 I TrafficMonitor: gettimer:interval=2000
01-17 01:17:20.320  4623  6727 I Booster_Qoe: Ada,index:8,NisPsSlow:0,NProba:334,rsrp(rssi):-75,rsrq(noise):-87,rtt(chload):46,BFH(uldelay):0,BFC(rtt):0 Real:0,0,0,0,0
01-17 01:17:20.321  4623  6727 I Booster_Qoe: Ada,index:2,NisPsSlow:0,NProba:334,rsrp(rssi):-75,rsrq(noise):-87,rtt(chload):46,BFH(uldelay):0,BFC(rtt):0 Real:0,0,0,0,0
01-17 01:17:20.323  4623  4894 E Booster_BroadcastProxy: [isDebugModemEnabled]get package info fail.
01-17 01:17:20.324  1881  4136 I WiFi_PRO_WifiProStateMachine: APP_SERVICE_QOE_NOTIFY Qoe info 10276,4,0,334,1,2,4,0,334,117000,195000,10,10,0,0,0,0 CID 2 mMasterWifiRssi -75 mMasterCardAmbr 1073000 mSlaveCardAmbr 1048576
01-17 01:17:20.325  1881  4136 V HwWifiServiceFactory: get AllImpl object = com.android.server.wifi.HwWifiServiceFactoryImpl@cec4eea
01-17 01:17:20.325  1881  4136 I HwWifiProServiceProxy: ctrlHwWifiNetwork pkgName: WIFIPRO_SERVICE interfaceId: 9
01-17 01:17:20.326  1881  4136 I WiFi_PRO_WifiProStateMachine: isWifi2WifiProcess = false, mIsNeedIgnoreQoeUpdate = false, mIsAppInBlacklist = false, mIsAppInBlacklistFullScreen = false, mIsWiFiNoInternet false, screen on = true, full screen = false, isLandscapeMode = false, mNotifyWifiLinkPoorReason = -1
01-17 01:17:20.326  1881  4136 I WiFi_PRO_WifiProStateMachine: mChannelQoeBadCnt = 0, mAppQoeBadCnt = 0, mNetworkSlowReason = 0, mNetworkSlowChannelBadCnt = 0
01-17 01:17:20.326  1881  4136 V HwWifiServiceFactory: get AllImpl object = com.android.server.wifi.HwWifiServiceFactoryImpl@cec4eea
01-17 01:17:20.326  1881  4136 I WiFi_PRO_WifiProStateMachine: Wifi Signal Bad
01-17 01:17:20.326  1881  4136 I WiFi_PRO_WifiProStateMachine: getQoeBadReason, economic user app qoe bad 9 time, not handle
01-17 01:17:20.337  1881  2219 I HwAmbientLuxFilterAlgo: SceneBufferAmbientLux input error,end=30,start=-141,bufferSize=59
01-17 01:17:20.426  4623  6024 D HwCommBoosterService: reportBoosterPara enter
01-17 01:17:20.426  4623  6024 D HwCommBoosterManager: reportBoosterPara enter
01-17 01:17:20.426  4623  6024 D HwCommBoosterManager: pluginId: 2
01-17 01:17:20.426  4623  4894 D HwCommBoosterManager: handleBoosterMessageSendModuleDataToPlugin enter
01-17 01:17:20.666  1881  4138 I WifiNl80211Manager: Noise: -87, Snr: 17, Chload: 46, rssi: -75, txBitrate: 117, rxBitrate: 195, frequency: 5745, UlDelay: 0, currentTxBytes: 2095249, currentTxPackets: 8456, currentTxFailed: 0, currentRxBytes: 6456980, currentRxPackets: 11432
01-17 01:17:20.667  1881  4138 D HuaweiWifiWatchdogStateMachine: nothing to do
01-17 01:17:20.667  1881  4137 I WiFi_PRO: MSG_RETURN_AP_CURRY_RSSI rssi = -75
01-17 01:17:20.667  1881  4137 I QosMonitor: queryRtt: rttType = 3
01-17 01:17:20.667  1881  4136 I HwDualBandManager: handle2gApStrongWifiRssiChange
01-17 01:17:20.668  1881  4136 V HwWifiServiceFactory: get AllImpl object = com.android.server.wifi.HwWifiServiceFactoryImpl@cec4eea
01-17 01:17:20.668  1881  4138 I HuaweiWifiWatchdogStateMachine: high data flow: protection_counter = 0,  not_detect_counter = 313
01-17 01:17:20.668  1881  4138 I HuaweiWifiWatchdogStateMachine: high data flow scenario: 0 --> 0 rx rate =0KB/s
01-17 01:17:20.668  1881  4138 I HuaweiWifiWatchdogStateMachine: POta txb txg rxg:0, 1, 0. Lr =0% Totpkt=1
01-17 01:17:20.668  1881  4137 I QosMonitor: call ctrlHwWifiNetwork
01-17 01:17:20.669  1881  4137 I QosMonitor: postEventFromNative: msg=100,arg1=4,arg2=10
01-17 01:17:20.669  1881  4137 I QosMonitor: call ctrlHwWifiNetwork
01-17 01:17:20.670  1881  4137 I QosMonitor: postEventFromNative: msg=100,arg1=0,arg2=10
01-17 01:17:20.670  1881  4137 I MQoS    : rtt=324,tcpTxPkts=201506,tcpRxPkts=226335
01-17 01:17:20.670  1881 14033 I HwConnectivityServiceEx: set 1000, metered: false, value: false
01-17 01:17:20.670  1881 14033 I MQoS    : QOS_level:0(0),DataDisable;use level-0
01-17 01:17:20.671  1881  4138 I HuaweiWifiWatchdogStateMachine: PTcp RTT:0, rtt pkt=0, tcp_rx=0, tcp_tx=0, tcp_reTran=0, rtRate=0
01-17 01:17:20.671  1881  4138 I HuaweiWifiWatchdogStateMachine: rssi bad, mrssi=-75 < TargetRssi=-75
01-17 01:17:20.671  1881  4138 I HuaweiWifiWatchdogStateMachine: start computeQosLevel tcpRtt = 0 ,rssi = -75 ,mBestSpeedInPeriod = 0
01-17 01:17:20.671  1881  4138 I HuaweiWifiWatchdogStateMachine: smoothConsecutiveQosResults, currentQosLevel = 3
01-17 01:17:20.671  1881  4137 I QosMonitor: resetRtt: rttType = 3
01-17 01:17:20.671  1881  4137 I QosMonitor: call ctrlHwWifiNetwork
01-17 01:17:20.688  1881  2219 I HwAmbientLuxFilterAlgo: SceneBufferAmbientLux input error,end=30,start=-141,bufferSize=59
01-17 01:17:21.038  1881  2219 I HwAmbientLuxFilterAlgo: SceneBufferAmbientLux input error,end=30,start=-141,bufferSize=59
01-17 01:17:21.335  4623  6727 I Booster_Qoe: Ada,index:8,NisPsSlow:0,NProba:334,rsrp(rssi):-75,rsrq(noise):-87,rtt(chload):46,BFH(uldelay):0,BFC(rtt):0 Real:0,0,0,0,0
01-17 01:17:21.335  4623  6727 I Booster_Qoe: Ada,index:2,NisPsSlow:0,NProba:334,rsrp(rssi):-75,rsrq(noise):-87,rtt(chload):46,BFH(uldelay):0,BFC(rtt):0 Real:0,0,0,0,0
01-17 01:17:21.341  4623  4894 E Booster_BroadcastProxy: [isDebugModemEnabled]get package info fail.
01-17 01:17:21.343  1881  4136 I WiFi_PRO_WifiProStateMachine: APP_SERVICE_QOE_NOTIFY Qoe info 10276,4,0,334,1,2,4,0,334,117000,195000,10,10,0,0,0,0 CID 2 mMasterWifiRssi -75 mMasterCardAmbr 1073000 mSlaveCardAmbr 1048576
01-17 01:17:21.344  1881  4136 V HwWifiServiceFactory: get AllImpl object = com.android.server.wifi.HwWifiServiceFactoryImpl@cec4eea
01-17 01:17:21.344  1881  4136 I HwWifiProServiceProxy: ctrlHwWifiNetwork pkgName: WIFIPRO_SERVICE interfaceId: 9
01-17 01:17:21.344  1881  4136 I WiFi_PRO_WifiProStateMachine: isWifi2WifiProcess = false, mIsNeedIgnoreQoeUpdate = false, mIsAppInBlacklist = false, mIsAppInBlacklistFullScreen = false, mIsWiFiNoInternet false, screen on = true, full screen = false, isLandscapeMode = false, mNotifyWifiLinkPoorReason = -1
01-17 01:17:21.345  1881  4136 I WiFi_PRO_WifiProStateMachine: mChannelQoeBadCnt = 0, mAppQoeBadCnt = 0, mNetworkSlowReason = 0, mNetworkSlowChannelBadCnt = 0
01-17 01:17:21.345  1881  4136 V HwWifiServiceFactory: get AllImpl object = com.android.server.wifi.HwWifiServiceFactoryImpl@cec4eea
01-17 01:17:21.346  1881  4136 I WiFi_PRO_WifiProStateMachine: Wifi Signal Bad
01-17 01:17:21.346  1881  4136 I WiFi_PRO_WifiProStateMachine: getQoeBadReason, economic user app qoe bad 9 time, not handle
01-17 01:17:21.388  1881  2219 I HwAmbientLuxFilterAlgo: SceneBufferAmbientLux input error,end=30,start=-141,bufferSize=59
01-17 01:17:21.428  4623  6024 D HwCommBoosterService: reportBoosterPara enter
01-17 01:17:21.428  4623  6024 D HwCommBoosterManager: reportBoosterPara enter
01-17 01:17:21.428  4623  6024 D HwCommBoosterManager: pluginId: 2
01-17 01:17:21.429  4623  4894 D HwCommBoosterManager: handleBoosterMessageSendModuleDataToPlugin enter
01-17 01:17:21.605  1881  4052 I WifiNl80211Manager: Noise: -87, Snr: 20, Chload: 46, rssi: -74, txBitrate: 117, rxBitrate: 195, frequency: 5745, UlDelay: 0, currentTxBytes: 2095249, currentTxPackets: 8456, currentTxFailed: 0, currentRxBytes: 6456980, currentRxPackets: 11432
01-17 01:17:21.609  1881  4052 V HwWifiServiceFactory: get AllImpl object = com.android.server.wifi.HwWifiServiceFactoryImpl@cec4eea
01-17 01:17:21.630  1005  1365 I VSyncReactor: still confirming period
01-17 01:17:21.646  1005  1365 I VSyncPredictor: setPeriod: 16666666
01-17 01:17:21.738  1881  2219 I HwAmbientLuxFilterAlgo: SceneBufferAmbientLux input error,end=30,start=-141,bufferSize=59
01-17 01:17:22.027  4623  4894 I OllieMsgCenter: publishEvt=2135097353
01-17 01:17:22.087  1881  2219 I HwAmbientLuxFilterAlgo: SceneBufferAmbientLux input error,end=30,start=-141,bufferSize=59
01-17 01:17:22.092  1881  4052 I TrafficMonitor: update:rxPkts:0,txPkts:0,rxBytes:0,txBytes:0
01-17 01:17:22.092  1881  4052 I TrafficMonitor: gettimer:interval=2000
01-17 01:17:22.367  4623  6727 I Booster_Qoe: Ada,index:8,NisPsSlow:0,NProba:334,rsrp(rssi):-74,rsrq(noise):-87,rtt(chload):46,BFH(uldelay):0,BFC(rtt):0 Real:0,0,0,0,0
01-17 01:17:22.368  4623  6727 I Booster_Qoe: Ada,index:2,NisPsSlow:0,NProba:334,rsrp(rssi):-74,rsrq(noise):-87,rtt(chload):46,BFH(uldelay):0,BFC(rtt):0 Real:0,0,0,0,0
01-17 01:17:22.369  4623  4894 E Booster_BroadcastProxy: [isDebugModemEnabled]get package info fail.
01-17 01:17:22.371  1881  4136 I WiFi_PRO_WifiProStateMachine: APP_SERVICE_QOE_NOTIFY Qoe info 10276,4,0,334,1,2,4,0,334,117000,195000,10,10,0,0,0,0 CID 2 mMasterWifiRssi -74 mMasterCardAmbr 1073000 mSlaveCardAmbr 1048576
01-17 01:17:22.372  1881  4136 V HwWifiServiceFactory: get AllImpl object = com.android.server.wifi.HwWifiServiceFactoryImpl@cec4eea
01-17 01:17:22.372  1881  4136 I HwWifiProServiceProxy: ctrlHwWifiNetwork pkgName: WIFIPRO_SERVICE interfaceId: 9
01-17 01:17:22.372  1881  4136 I WiFi_PRO_WifiProStateMachine: isWifi2WifiProcess = false, mIsNeedIgnoreQoeUpdate = false, mIsAppInBlacklist = false, mIsAppInBlacklistFullScreen = false, mIsWiFiNoInternet false, screen on = true, full screen = false, isLandscapeMode = false, mNotifyWifiLinkPoorReason = -1
01-17 01:17:22.372  1881  4136 I WiFi_PRO_WifiProStateMachine: mChannelQoeBadCnt = 0, mAppQoeBadCnt = 0, mNetworkSlowReason = 0, mNetworkSlowChannelBadCnt = 0
01-17 01:17:22.372  1881  4136 V HwWifiServiceFactory: get AllImpl object = com.android.server.wifi.HwWifiServiceFactoryImpl@cec4eea
01-17 01:17:22.373  1881  4136 I WiFi_PRO_WifiProStateMachine: Wifi Signal Bad
01-17 01:17:22.373  1881  4136 I WiFi_PRO_WifiProStateMachine: getQoeBadReason, economic user app qoe bad 9 time, not handle
01-17 01:17:22.429  4623  6024 D HwCommBoosterService: reportBoosterPara enter
01-17 01:17:22.430  4623  6024 D HwCommBoosterManager: reportBoosterPara enter
01-17 01:17:22.430  4623  6024 D HwCommBoosterManager: pluginId: 2
01-17 01:17:22.430  4623  4894 D HwCommBoosterManager: handleBoosterMessageSendModuleDataToPlugin enter
01-17 01:17:22.437  1881  2219 I HwAmbientLuxFilterAlgo: SceneBufferAmbientLux input error,end=30,start=-141,bufferSize=59
01-17 01:17:22.599  1403  2350 W dubaid  : [SocTempRainflow.cpp] FormatTempData# Matrix index: 0, Point 1: 32.000000, Point 2: 33.000000, Value: 1.000000, range:1.000000, means:32.500000
01-17 01:17:22.736  8384  8409 E DFS     : MetaDentrySyncer-DentrySyncHandle: open failed
01-17 01:17:22.789  1881  2219 I HwAmbientLuxFilterAlgo: SceneBufferAmbientLux input error,end=30,start=-141,bufferSize=59
01-17 01:17:23.138  1881  2219 I HwAmbientLuxFilterAlgo: SceneBufferAmbientLux input error,end=30,start=-141,bufferSize=59
01-17 01:17:23.383  4623  6727 I Booster_Qoe: Ada,index:8,NisPsSlow:0,NProba:334,rsrp(rssi):-74,rsrq(noise):-87,rtt(chload):46,BFH(uldelay):0,BFC(rtt):0 Real:0,0,0,0,0
01-17 01:17:23.383  4623  6727 I Booster_Qoe: Ada,index:2,NisPsSlow:0,NProba:334,rsrp(rssi):-74,rsrq(noise):-87,rtt(chload):46,BFH(uldelay):0,BFC(rtt):0 Real:0,0,0,0,0
01-17 01:17:23.389  4623  4894 E Booster_BroadcastProxy: [isDebugModemEnabled]get package info fail.
01-17 01:17:23.391  1881  4136 I WiFi_PRO_WifiProStateMachine: APP_SERVICE_QOE_NOTIFY Qoe info 10276,4,0,334,1,2,4,0,334,117000,195000,10,10,0,0,0,0 CID 2 mMasterWifiRssi -74 mMasterCardAmbr 1073000 mSlaveCardAmbr 1048576
01-17 01:17:23.392  1881  4136 V HwWifiServiceFactory: get AllImpl object = com.android.server.wifi.HwWifiServiceFactoryImpl@cec4eea
01-17 01:17:23.392  1881  4136 I HwWifiProServiceProxy: ctrlHwWifiNetwork pkgName: WIFIPRO_SERVICE interfaceId: 9
01-17 01:17:23.393  1881  4136 I WiFi_PRO_WifiProStateMachine: isWifi2WifiProcess = false, mIsNeedIgnoreQoeUpdate = false, mIsAppInBlacklist = false, mIsAppInBlacklistFullScreen = false, mIsWiFiNoInternet false, screen on = true, full screen = false, isLandscapeMode = false, mNotifyWifiLinkPoorReason = -1
01-17 01:17:23.393  1881  4136 I WiFi_PRO_WifiProStateMachine: mChannelQoeBadCnt = 0, mAppQoeBadCnt = 0, mNetworkSlowReason = 0, mNetworkSlowChannelBadCnt = 0
01-17 01:17:23.393  1881  4136 V HwWifiServiceFactory: get AllImpl object = com.android.server.wifi.HwWifiServiceFactoryImpl@cec4eea
01-17 01:17:23.393  1881  4136 I WiFi_PRO_WifiProStateMachine: Wifi Signal Bad
01-17 01:17:23.394  1881  4136 I WiFi_PRO_WifiProStateMachine: getQoeBadReason, economic user app qoe bad 9 time, not handle
01-17 01:17:23.432  4623  6024 D HwCommBoosterService: reportBoosterPara enter
01-17 01:17:23.432  4623  6024 D HwCommBoosterManager: reportBoosterPara enter
01-17 01:17:23.432  4623  6024 D HwCommBoosterManager: pluginId: 2
01-17 01:17:23.432  4623  4894 D HwCommBoosterManager: handleBoosterMessageSendModuleDataToPlugin enter
01-17 01:17:23.488  1881  2219 I HwAmbientLuxFilterAlgo: SceneBufferAmbientLux input error,end=30,start=-141,bufferSize=59
01-17 01:17:23.838  1881  2219 I HwAmbientLuxFilterAlgo: SceneBufferAmbientLux input error,end=30,start=-141,bufferSize=59
01-17 01:17:24.029  4623  4894 I OllieMsgCenter: publishEvt=2135097353
01-17 01:17:24.095  1881  4052 I TrafficMonitor: update:rxPkts:0,txPkts:0,rxBytes:0,txBytes:0
01-17 01:17:24.095  1881  4052 I TrafficMonitor: gettimer:interval=2000
01-17 01:17:24.188  1881  2219 I HwAmbientLuxFilterAlgo: SceneBufferAmbientLux input error,end=30,start=-141,bufferSize=59
01-17 01:17:24.416  4623  6727 I Booster_Qoe: Ada,index:8,NisPsSlow:0,NProba:334,rsrp(rssi):-73,rsrq(noise):-87,rtt(chload):46,BFH(uldelay):0,BFC(rtt):0 Real:0,0,0,0,0
01-17 01:17:24.416  4623  6727 I Booster_Qoe: Ada,index:2,NisPsSlow:0,NProba:334,rsrp(rssi):-73,rsrq(noise):-87,rtt(chload):46,BFH(uldelay):0,BFC(rtt):0 Real:0,0,0,0,0
01-17 01:17:24.418  4623  4894 E Booster_BroadcastProxy: [isDebugModemEnabled]get package info fail.
01-17 01:17:24.420  1881  4136 I WiFi_PRO_WifiProStateMachine: APP_SERVICE_QOE_NOTIFY Qoe info 10276,4,0,334,1,2,4,0,334,117000,195000,10,10,0,0,0,0 CID 2 mMasterWifiRssi -73 mMasterCardAmbr 1073000 mSlaveCardAmbr 1048576
01-17 01:17:24.421  1881  4136 V HwWifiServiceFactory: get AllImpl object = com.android.server.wifi.HwWifiServiceFactoryImpl@cec4eea
01-17 01:17:24.421  1881  4136 I HwWifiProServiceProxy: ctrlHwWifiNetwork pkgName: WIFIPRO_SERVICE interfaceId: 9
01-17 01:17:24.421  1881  4136 I WiFi_PRO_WifiProStateMachine: isWifi2WifiProcess = false, mIsNeedIgnoreQoeUpdate = false, mIsAppInBlacklist = false, mIsAppInBlacklistFullScreen = false, mIsWiFiNoInternet false, screen on = true, full screen = false, isLandscapeMode = false, mNotifyWifiLinkPoorReason = -1
01-17 01:17:24.421  1881  4136 I WiFi_PRO_WifiProStateMachine: mChannelQoeBadCnt = 0, mAppQoeBadCnt = 0, mNetworkSlowReason = 0, mNetworkSlowChannelBadCnt = 0
01-17 01:17:24.422  1881  4136 V HwWifiServiceFactory: get AllImpl object = com.android.server.wifi.HwWifiServiceFactoryImpl@cec4eea
01-17 01:17:24.422  1881  4136 I WiFi_PRO_WifiProStateMachine: Wifi Signal Bad
01-17 01:17:24.422  1881  4136 I WiFi_PRO_WifiProStateMachine: getQoeBadReason, economic user app qoe bad 9 time, not handle
01-17 01:17:24.434  4623  6024 D HwCommBoosterService: reportBoosterPara enter
01-17 01:17:24.434  4623  6024 D HwCommBoosterManager: reportBoosterPara enter
01-17 01:17:24.434  4623  6024 D HwCommBoosterManager: pluginId: 2
01-17 01:17:24.434  4623  4894 D HwCommBoosterManager: handleBoosterMessageSendModuleDataToPlugin enter
01-17 01:17:24.538  1881  2219 I HwAmbientLuxFilterAlgo: SceneBufferAmbientLux input error,end=30,start=-141,bufferSize=59
01-17 01:17:24.587 31214 31228 I bms_behavior: runState = 1, cvStatus = 1 
01-17 01:17:24.590 31214 31228 E bms_file: file /sys/class/hw_power/charger/direct_charge_turbo/turbo_charge_status is invalid
01-17 01:17:24.591 31214 31228 E bms_file: file /sys/class/hw_power/charger/direct_charger_sc4/direct_charge_succ is invalid
01-17 01:17:24.605 31214 31228 E bms_file: file /sys/class/hw_power/charger/direct_charger_sc4/direct_charge_succ is invalid
01-17 01:17:24.616  1881  4052 I WifiNl80211Manager: Noise: -87, Snr: 20, Chload: 46, rssi: -73, txBitrate: 117, rxBitrate: 195, frequency: 5745, UlDelay: 0, currentTxBytes: 2095249, currentTxPackets: 8456, currentTxFailed: 0, currentRxBytes: 6457086, currentRxPackets: 11435
01-17 01:17:24.617 31214 31228 E bms_file: file /sys/class/hw_power/bat_heating/heat_up is invalid
01-17 01:17:24.619  1881  4052 V HwWifiServiceFactory: get AllImpl object = com.android.server.wifi.HwWifiServiceFactoryImpl@cec4eea
01-17 01:17:24.620 31214 31228 E bms_file: file /sys/class/hw_power/charger/direct_charger_sc4/direct_charge_succ is invalid
01-17 01:17:24.638 31214 31228 E bms_file: file /sys/class/hw_power/charger/direct_charger_sc4/direct_charge_succ is invalid
01-17 01:17:24.639 31214 31228 E bms_file: file /sys/class/hw_power/charger/direct_charger_sc4/direct_charge_succ is invalid
01-17 01:17:24.639 31214 31228 I bms_behavior: monitor interval count 491, name: Battery
01-17 01:17:24.678  1881  4138 I WifiNl80211Manager: Noise: -87, Snr: 20, Chload: 46, rssi: -73, txBitrate: 117, rxBitrate: 195, frequency: 5745, UlDelay: 0, currentTxBytes: 2095249, currentTxPackets: 8456, currentTxFailed: 0, currentRxBytes: 6457086, currentRxPackets: 11435
01-17 01:17:24.678  1881  4137 I WiFi_PRO: MSG_RETURN_AP_CURRY_RSSI rssi = -73
01-17 01:17:24.678  1881  4138 I HuaweiWifiWatchdogStateMachine: POta txb txg rxg:0, 1, 0. Lr =0% Totpkt=1
01-17 01:17:24.678  1881  4137 I QosMonitor: queryRtt: rttType = 3
01-17 01:17:24.678  1881  4137 I QosMonitor: call ctrlHwWifiNetwork
01-17 01:17:24.679  1881  4136 I HwDualBandManager: handle2gApStrongWifiRssiChange
01-17 01:17:24.679  1881  4136 V HwWifiServiceFactory: get AllImpl object = com.android.server.wifi.HwWifiServiceFactoryImpl@cec4eea
01-17 01:17:24.679  1881  4137 I QosMonitor: postEventFromNative: msg=100,arg1=4,arg2=10
01-17 01:17:24.680  1881  4137 I QosMonitor: call ctrlHwWifiNetwork
01-17 01:17:24.680  1881  4137 I QosMonitor: postEventFromNative: msg=100,arg1=0,arg2=10
01-17 01:17:24.681  1881  4137 I MQoS    : rtt=324,tcpTxPkts=201506,tcpRxPkts=226335
01-17 01:17:24.682  1881 14033 I HwConnectivityServiceEx: set 1000, metered: false, value: false
01-17 01:17:24.682  1881 14033 I MQoS    : QOS_level:0(0),DataDisable;use level-0
01-17 01:17:24.682  1881 14033 I MQoS    : skip-low-Level:0(0),DataDisable;use level-0
01-17 01:17:24.683  1881  4138 I HuaweiWifiWatchdogStateMachine: PTcp RTT:0, rtt pkt=0, tcp_rx=0, tcp_tx=0, tcp_reTran=0, rtRate=0
01-17 01:17:24.683  1881  4138 I HuaweiWifiWatchdogStateMachine: rssi bad, mrssi=-73 < TargetRssi=-75
01-17 01:17:24.683  1881  4138 I HuaweiWifiWatchdogStateMachine: start computeQosLevel tcpRtt = 0 ,rssi = -73 ,mBestSpeedInPeriod = 0
01-17 01:17:24.683  1881  4138 I HuaweiWifiWatchdogStateMachine: smoothConsecutiveQosResults, currentQosLevel = 3
01-17 01:17:24.684  1881  4137 I QosMonitor: resetRtt: rttType = 3
01-17 01:17:24.684  1881  4137 I QosMonitor: call ctrlHwWifiNetwork
01-17 01:17:24.888  1881  2219 I HwAmbientLuxFilterAlgo: SceneBufferAmbientLux input error,end=30,start=-141,bufferSize=59
01-17 01:17:25.091  1005  1365 I VSyncReactor: still confirming period
01-17 01:17:25.091  1881  4052 I TrafficMonitor: expired arrive. level:-1
01-17 01:17:25.091  1881  4052 I TrafficMonitor: during_ms:2003,period_ms:2000
01-17 01:17:25.091  1881  4052 I TrafficMonitor: count:357,rx_sum:0,tx_sum:0,rxBytes:0,during_ms:2003,rx_speed:0.0,tx_speed:0.0,rto:0.0
01-17 01:17:25.091  1881  4052 I HuaweiWifiWatchdogStateMachine: Get speed information rx_speed = 0 ,tx_speed = 0 ,isSpeedOk = false ,mBestSpeedInPeriod = 0
01-17 01:17:25.107  1005  1365 I VSyncPredictor: setPeriod: 16666666
01-17 01:17:25.237  1881  2219 I HwAmbientLuxFilterAlgo: SceneBufferAmbientLux input error,end=30,start=-141,bufferSize=59
01-17 01:17:25.431  4623  6727 I Booster_Qoe: Ada,index:8,NisPsSlow:0,NProba:334,rsrp(rssi):-73,rsrq(noise):-87,rtt(chload):46,BFH(uldelay):0,BFC(rtt):0 Real:0,0,0,0,0
01-17 01:17:25.431  4623  6727 I Booster_Qoe: Ada,index:2,NisPsSlow:0,NProba:334,rsrp(rssi):-73,rsrq(noise):-87,rtt(chload):46,BFH(uldelay):0,BFC(rtt):0 Real:0,0,0,0,0
01-17 01:17:25.433  4623  4894 E Booster_BroadcastProxy: [isDebugModemEnabled]get package info fail.
01-17 01:17:25.435  1881  4136 I WiFi_PRO_WifiProStateMachine: APP_SERVICE_QOE_NOTIFY Qoe info 10276,4,0,334,1,2,4,0,334,117000,195000,10,10,0,0,0,0 CID 2 mMasterWifiRssi -73 mMasterCardAmbr 1073000 mSlaveCardAmbr 1048576
01-17 01:17:25.436  4623  6024 D HwCommBoosterService: reportBoosterPara enter
01-17 01:17:25.436  4623  6024 D HwCommBoosterManager: reportBoosterPara enter
01-17 01:17:25.436  4623  6024 D HwCommBoosterManager: pluginId: 2
01-17 01:17:25.437  4623  4894 D HwCommBoosterManager: handleBoosterMessageSendModuleDataToPlugin enter
01-17 01:17:25.436  1881  4136 V HwWifiServiceFactory: get AllImpl object = com.android.server.wifi.HwWifiServiceFactoryImpl@cec4eea
01-17 01:17:25.437  1881  4136 I HwWifiProServiceProxy: ctrlHwWifiNetwork pkgName: WIFIPRO_SERVICE interfaceId: 9
01-17 01:17:25.439  1881  4136 I WiFi_PRO_WifiProStateMachine: isWifi2WifiProcess = false, mIsNeedIgnoreQoeUpdate = false, mIsAppInBlacklist = false, mIsAppInBlacklistFullScreen = false, mIsWiFiNoInternet false, screen on = true, full screen = false, isLandscapeMode = false, mNotifyWifiLinkPoorReason = -1
01-17 01:17:25.439  1881  4136 I WiFi_PRO_WifiProStateMachine: mChannelQoeBadCnt = 0, mAppQoeBadCnt = 0, mNetworkSlowReason = 0, mNetworkSlowChannelBadCnt = 0
01-17 01:17:25.439  1881  4136 V HwWifiServiceFactory: get AllImpl object = com.android.server.wifi.HwWifiServiceFactoryImpl@cec4eea
01-17 01:17:25.440  1881  4136 I WiFi_PRO_WifiProStateMachine: Wifi Signal Bad
01-17 01:17:25.440  1881  4136 I WiFi_PRO_WifiProStateMachine: getQoeBadReason, economic user app qoe bad 9 time, not handle
01-17 01:17:25.443  4139  4163 I NcDft_NcDftChip: NcChipDftEvent receive:NcChipDftEvent{Id=909009521, Length=464, Flag=0}
01-17 01:17:25.443  4139  4163 I NcDft_NcDftChip: Special event skipped begin, eventId: 909009521, toSkiped: true
01-17 01:17:25.587  1881  2219 I HwAmbientLuxFilterAlgo: SceneBufferAmbientLux input error,end=30,start=-141,bufferSize=59
01-17 01:17:25.937  1881  2219 I HwAmbientLuxFilterAlgo: SceneBufferAmbientLux input error,end=30,start=-141,bufferSize=59
01-17 01:17:26.031  4623  4894 I OllieMsgCenter: publishEvt=2135097353
01-17 01:17:26.098  1881  4052 I TrafficMonitor: update:rxPkts:0,txPkts:0,rxBytes:0,txBytes:0
01-17 01:17:26.098  1881  4052 I TrafficMonitor: gettimer:interval=2000
01-17 01:17:26.287  1881  2219 I HwAmbientLuxFilterAlgo: SceneBufferAmbientLux input error,end=30,start=-141,bufferSize=59
01-17 01:17:26.438  4623  6024 D HwCommBoosterService: reportBoosterPara enter
01-17 01:17:26.438  4623  6024 D HwCommBoosterManager: reportBoosterPara enter
01-17 01:17:26.438  4623  6024 D HwCommBoosterManager: pluginId: 2
01-17 01:17:26.438  4623  4894 D HwCommBoosterManager: handleBoosterMessageSendModuleDataToPlugin enter
01-17 01:17:26.466  4623  6727 I Booster_Qoe: Ada,index:8,NisPsSlow:0,NProba:334,rsrp(rssi):-73,rsrq(noise):-87,rtt(chload):46,BFH(uldelay):0,BFC(rtt):0 Real:0,0,0,0,0
01-17 01:17:26.466  4623  6727 I Booster_Qoe: Ada,index:2,NisPsSlow:0,NProba:334,rsrp(rssi):-73,rsrq(noise):-87,rtt(chload):46,BFH(uldelay):0,BFC(rtt):0 Real:0,0,0,0,0
01-17 01:17:26.468  4623  4894 E Booster_BroadcastProxy: [isDebugModemEnabled]get package info fail.
01-17 01:17:26.470  1881  4136 I WiFi_PRO_WifiProStateMachine: APP_SERVICE_QOE_NOTIFY Qoe info 10276,4,0,334,1,2,4,0,334,117000,195000,10,10,0,0,0,0 CID 2 mMasterWifiRssi -73 mMasterCardAmbr 1073000 mSlaveCardAmbr 1048576
01-17 01:17:26.471  1881  4136 V HwWifiServiceFactory: get AllImpl object = com.android.server.wifi.HwWifiServiceFactoryImpl@cec4eea
01-17 01:17:26.471  1881  4136 I HwWifiProServiceProxy: ctrlHwWifiNetwork pkgName: WIFIPRO_SERVICE interfaceId: 9
01-17 01:17:26.471  1881  4136 I WiFi_PRO_WifiProStateMachine: isWifi2WifiProcess = false, mIsNeedIgnoreQoeUpdate = false, mIsAppInBlacklist = false, mIsAppInBlacklistFullScreen = false, mIsWiFiNoInternet false, screen on = true, full screen = false, isLandscapeMode = false, mNotifyWifiLinkPoorReason = -1
01-17 01:17:26.471  1881  4136 I WiFi_PRO_WifiProStateMachine: mChannelQoeBadCnt = 0, mAppQoeBadCnt = 0, mNetworkSlowReason = 0, mNetworkSlowChannelBadCnt = 0
01-17 01:17:26.472  1881  4136 V HwWifiServiceFactory: get AllImpl object = com.android.server.wifi.HwWifiServiceFactoryImpl@cec4eea
01-17 01:17:26.472  1881  4136 I WiFi_PRO_WifiProStateMachine: Wifi Signal Bad
01-17 01:17:26.472  1881  4136 I WiFi_PRO_WifiProStateMachine: getQoeBadReason, economic user app qoe bad 9 time, not handle
01-17 01:17:26.637  1881  2219 I HwAmbientLuxFilterAlgo: SceneBufferAmbientLux input error,end=30,start=-141,bufferSize=59
01-17 01:17:26.989  1881  2219 I HwAmbientLuxFilterAlgo: SceneBufferAmbientLux input error,end=30,start=-141,bufferSize=59
01-17 01:17:27.337  1881  2219 I HwAmbientLuxFilterAlgo: SceneBufferAmbientLux input error,end=30,start=-141,bufferSize=59
01-17 01:17:27.440  4623  6024 D HwCommBoosterService: reportBoosterPara enter
01-17 01:17:27.441  4623  6024 D HwCommBoosterManager: reportBoosterPara enter
01-17 01:17:27.441  4623  6024 D HwCommBoosterManager: pluginId: 2
01-17 01:17:27.441  4623  4894 D HwCommBoosterManager: handleBoosterMessageSendModuleDataToPlugin enter
01-17 01:17:27.479  4623  6727 I Booster_Qoe: Ada,index:8,NisPsSlow:0,NProba:321,rsrp(rssi):-72,rsrq(noise):-87,rtt(chload):46,BFH(uldelay):0,BFC(rtt):0 Real:0,0,0,0,0
01-17 01:17:27.479  4623  6727 I Booster_Qoe: Ada,index:2,NisPsSlow:0,NProba:321,rsrp(rssi):-72,rsrq(noise):-87,rtt(chload):46,BFH(uldelay):0,BFC(rtt):0 Real:0,0,0,0,0
01-17 01:17:27.485  4623  4894 E Booster_BroadcastProxy: [isDebugModemEnabled]get package info fail.
01-17 01:17:27.487  1881  4136 I WiFi_PRO_WifiProStateMachine: APP_SERVICE_QOE_NOTIFY Qoe info 10276,4,0,321,1,2,4,0,321,117000,195000,10,10,0,0,0,0 CID 2 mMasterWifiRssi -72 mMasterCardAmbr 1073000 mSlaveCardAmbr 1048576
01-17 01:17:27.488  1881  4136 V HwWifiServiceFactory: get AllImpl object = com.android.server.wifi.HwWifiServiceFactoryImpl@cec4eea
01-17 01:17:27.488  1881  4136 I HwWifiProServiceProxy: ctrlHwWifiNetwork pkgName: WIFIPRO_SERVICE interfaceId: 9
01-17 01:17:27.488  1881  4136 I WiFi_PRO_WifiProStateMachine: isWifi2WifiProcess = false, mIsNeedIgnoreQoeUpdate = false, mIsAppInBlacklist = false, mIsAppInBlacklistFullScreen = false, mIsWiFiNoInternet false, screen on = true, full screen = false, isLandscapeMode = false, mNotifyWifiLinkPoorReason = -1
01-17 01:17:27.488  1881  4136 I WiFi_PRO_WifiProStateMachine: mChannelQoeBadCnt = 0, mAppQoeBadCnt = 0, mNetworkSlowReason = 0, mNetworkSlowChannelBadCnt = 0
01-17 01:17:27.489  1881  4136 V HwWifiServiceFactory: get AllImpl object = com.android.server.wifi.HwWifiServiceFactoryImpl@cec4eea
01-17 01:17:27.489  1881  4136 I WiFi_PRO_WifiProStateMachine: getQoeBadReason, economic user app qoe bad 9 time, not handle
01-17 01:17:27.627  1881  4052 I WifiNl80211Manager: Noise: -87, Snr: 22, Chload: 46, rssi: -72, txBitrate: 117, rxBitrate: 195, frequency: 5745, UlDelay: 0, currentTxBytes: 2095249, currentTxPackets: 8456, currentTxFailed: 0, currentRxBytes: 6457116, currentRxPackets: 11436
01-17 01:17:27.634  1881  2203 V HwWifiServiceFactory: get AllImpl object = com.android.server.wifi.HwWifiServiceFactoryImpl@cec4eea
01-17 01:17:27.634  1881  4052 V HwWifiServiceFactory: get AllImpl object = com.android.server.wifi.HwWifiServiceFactoryImpl@cec4eea
01-17 01:17:27.635  1881  4957 V HwWifiServiceFactory: get AllImpl object = com.android.server.wifi.HwWifiServiceFactoryImpl@cec4eea
01-17 01:17:27.636  4222  4445 I NetworkController: WifiSignalController: handleBroadcast
01-17 01:17:27.637  1881  1881 V HwWifiServiceFactory: get AllImpl object = com.android.server.wifi.HwWifiServiceFactoryImpl@cec4eea
01-17 01:17:27.637  1881 17120 V HwWifiServiceFactory: get AllImpl object = com.android.server.wifi.HwWifiServiceFactoryImpl@cec4eea
01-17 01:17:27.641  4687  5054 I MonitorBroadcastReceiver: onReceive, action:android.net.wifi.RSSI_CHANGED
01-17 01:17:27.641  1881  2074 V HwWifiServiceFactory: get AllImpl object = com.android.server.wifi.HwWifiServiceFactoryImpl@cec4eea
01-17 01:17:27.642  1881  4957 V HwWifiServiceFactory: get AllImpl object = com.android.server.wifi.HwWifiServiceFactoryImpl@cec4eea
01-17 01:17:27.642  1881  2353 V HwWifiServiceFactory: get AllImpl object = com.android.server.wifi.HwWifiServiceFactoryImpl@cec4eea
01-17 01:17:27.642  1881  2074 V HwWifiServiceFactory: get AllImpl object = com.android.server.wifi.HwWifiServiceFactoryImpl@cec4eea
01-17 01:17:27.642  4623  5451 I Hicom_Monitor: notifyWifiRssiChanged, pathId:2, newRssi:-72
01-17 01:17:27.642  1881  2353 V HwWifiServiceFactory: get AllImpl object = com.android.server.wifi.HwWifiServiceFactoryImpl@cec4eea
01-17 01:17:27.643  1881  4136 V HwWifiServiceFactory: get AllImpl object = com.android.server.wifi.HwWifiServiceFactoryImpl@cec4eea
01-17 01:17:27.643  1881  4136 I HwWifiConnectivityMonitor: signal level changed: 2 --> 3, 802.11v = true
01-17 01:17:27.643  1881  4137 I QosMonitor: queryRtt: rttType = 3
01-17 01:17:27.643  1881  4137 I QosMonitor: call ctrlHwWifiNetwork
01-17 01:17:27.643  1881  2353 V HwWifiServiceFactory: get AllImpl object = com.android.server.wifi.HwWifiServiceFactoryImpl@cec4eea
01-17 01:17:27.643  1881 13974 V HwWifiServiceFactory: get AllImpl object = com.android.server.wifi.HwWifiServiceFactoryImpl@cec4eea
01-17 01:17:27.644  1881  4137 I QosMonitor: postEventFromNative: msg=100,arg1=4,arg2=10
01-17 01:17:27.644  1881  4136 I HwWifiProServiceProxy: ctrlHwWifiNetwork pkgName: WIFIPRO_SERVICE interfaceId: 9
01-17 01:17:27.645  1881  2074 V HwWifiServiceFactory: get AllImpl object = com.android.server.wifi.HwWifiServiceFactoryImpl@cec4eea
01-17 01:17:27.647  4139  4162 I NcDft_WifiStatController: not need report or sync
01-17 01:17:27.647  4222  4445 I HwNetworkControllerImpl: onReceive: action = android.net.wifi.RSSI_CHANGED
01-17 01:17:27.647  1881  2353 I HwConnectivityServiceEx: set 10066, metered: false, value: false
01-17 01:17:27.647  4687  5054 I LooperFactory: buildLooper:MBcDeliver
01-17 01:17:27.647  1881  4137 I QosMonitor: resetRtt: rttType = 3
01-17 01:17:27.647  1881  4137 I QosMonitor: call ctrlHwWifiNetwork
01-17 01:17:27.648  4623  4894 I OllieMsgCenter: publishEvt=2130903260
01-17 01:17:27.648  4687  9698 I Softbus : [EnvironmentManager]: onReceive --> [android.net.wifi.RSSI_CHANGED]
01-17 01:17:27.650  1881 13974 V HwWifiServiceFactory: get AllImpl object = com.android.server.wifi.HwWifiServiceFactoryImpl@cec4eea
01-17 01:17:27.652  1881  4053 V HwWifiServiceFactory: get AllImpl object = com.android.server.wifi.HwWifiServiceFactoryImpl@cec4eea
01-17 01:17:27.653  4139  4169 I NcDft_WifiEwpInfoComponent: networkIsEquals: true
01-17 01:17:27.654  1881  4136 V HwWifiServiceFactory: get AllImpl object = com.android.server.wifi.HwWifiServiceFactoryImpl@cec4eea
01-17 01:17:27.654  1881  4136 V HwWifiServiceFactory: get AllImpl object = com.android.server.wifi.HwWifiServiceFactoryImpl@cec4eea
01-17 01:17:27.655  1881  4136 V HwWifiServiceFactory: get AllImpl object = com.android.server.wifi.HwWifiServiceFactoryImpl@cec4eea
01-17 01:17:27.655  1881  4053 V HwWifiServiceFactory: get AllImpl object = com.android.server.wifi.HwWifiServiceFactoryImpl@cec4eea
01-17 01:17:27.656  1881  4155 V HwWifiServiceFactory: get AllImpl object = com.android.server.wifi.HwWifiServiceFactoryImpl@cec4eea
01-17 01:17:27.658  1005  1365 I VSyncReactor: still confirming period
01-17 01:17:27.658  1881  4136 I WiFi_PRO_WifiProStateMachine: isReachWifiScanThreshold, rssiLevel:3
01-17 01:17:27.658  1881 13974 V HwWifiServiceFactory: get AllImpl object = com.android.server.wifi.HwWifiServiceFactoryImpl@cec4eea
01-17 01:17:27.658  1881  4073 I HwConnectivityServiceEx: set 1000, metered: false, value: false
01-17 01:17:27.661  1881  4136 V HwWifiServiceFactory: get AllImpl object = com.android.server.wifi.HwWifiServiceFactoryImpl@cec4eea
01-17 01:17:27.661  1881  4136 V HwWifiServiceFactory: get AllImpl object = com.android.server.wifi.HwWifiServiceFactoryImpl@cec4eea
01-17 01:17:27.664  1881 13974 V HwWifiServiceFactory: get AllImpl object = com.android.server.wifi.HwWifiServiceFactoryImpl@cec4eea
