01-17 01:17:27.665  1881 13974 V HwWifiServiceFactory: get AllImpl object = com.android.server.wifi.HwWifiServiceFactoryImpl@cec4eea
01-17 01:17:27.665  4687  5062 I CommonEventMonitor: onCapabilitiesChanged
01-17 01:17:27.666  4623  4901 D SarControl_Manager: network onCapabilitiesChanged
01-17 01:17:27.666  1881 13974 V HwWifiServiceFactory: get AllImpl object = com.android.server.wifi.HwWifiServiceFactoryImpl@cec4eea
01-17 01:17:27.668  1881 13974 I HwConnectivityServiceEx: set 5525, metered: false, value: false
01-17 01:17:27.669  4687  5062 E CommonEventMonitor: info: tosting[type: WIFI[], state: CONNECTED/CONNECTED, reason: (unspecified), extra: ***, failover: false, available: true, roaming: false]
01-17 01:17:27.669  1881 13974 V HwWifiServiceFactory: get AllImpl object = com.android.server.wifi.HwWifiServiceFactoryImpl@cec4eea
01-17 01:17:27.670  1881  2353 V HwWifiServiceFactory: get AllImpl object = com.android.server.wifi.HwWifiServiceFactoryImpl@cec4eea
01-17 01:17:27.670  4623  4894 I NetworkPredictMatcher: checkIsNr netType: 6masterSlotId: 1
01-17 01:17:27.671  4623  4894 I NetworkPredictMatcher: checkIsNr netType: 6masterSlotId: 1
01-17 01:17:27.671  4623  4894 I NetworkPredictMatcher: checkIsNr netType: 6masterSlotId: 1
01-17 01:17:27.671  4623  4894 I NetworkPredictMatcher: checkIsNr netType: 6masterSlotId: 1
01-17 01:17:27.671  1881  4136 I WiFi_PRO_WifiProStateMachine: isReachWifiScanThreshold, ap is not strong enough, and has switch record
01-17 01:17:27.671  1881  4136 I HwWifiProServiceProxy: ctrlHwWifiNetwork pkgName: WIFIPRO_SERVICE interfaceId: 9
01-17 01:17:27.671  4687  5062 I CommonEventMonitor: hasNetworkState:num:1, type:9,false
01-17 01:17:27.672  4687  5062 I CommonEventMonitor: isWifiConnected = trueisEthernetConnected = false
01-17 01:17:27.672  1881  4136 I HwWifiProServiceProxy: ctrlHwWifiNetwork pkgName: WIFIPRO_SERVICE interfaceId: 9
01-17 01:17:27.672  4623  4901 I SarControl_Manager: handleWifiBand, isChanged=false, wifi_band=1
01-17 01:17:27.673  1881  4136 V HwWifiServiceFactory: get AllImpl object = com.android.server.wifi.HwWifiServiceFactoryImpl@cec4eea
01-17 01:17:27.673  4687  5062 I SoftBusComm: [JNIWifiState] recv WifiState:4
01-17 01:17:27.673  4687  5062 I SoftBusLnn: wifi state change wifiState = 0
01-17 01:17:27.673  1881  4136 I WiFi_PRO_WifiProStateMachine: isReachWifiScanThreshold, rssiLevel:3
01-17 01:17:27.673  1881  4136 V HwWifiServiceFactory: get AllImpl object = com.android.server.wifi.HwWifiServiceFactoryImpl@cec4eea
01-17 01:17:27.673  1881  4136 V HwWifiServiceFactory: get AllImpl object = com.android.server.wifi.HwWifiServiceFactoryImpl@cec4eea
01-17 01:17:27.674  1005  1365 I VSyncPredictor: setPeriod: 16666666
01-17 01:17:27.674  4623  4901 D SarControl_Manager: handleConnectivityAction, networkInfo is TYPE_WIFI, is_wifi_connected=1
01-17 01:17:27.674  4623  4901 I SarControl_Manager: handleConnectivityAction, isChanged =false, is_wifi_connected=1
01-17 01:17:27.675  4687  5062 I SoftBusLnn: get LocalIp =3.37
01-17 01:17:27.675  4687  5062 I SoftBusLnn: wifi or ap wifiConnected = 1, apEnabled = 0, beforeConnected = 1, currentConnected = 1, isValidIp = 1
01-17 01:17:27.675  4687  5062 I SoftBusLnn: WifiStateEventHandler WifiState = 0
01-17 01:17:27.678  1881  4136 I WiFi_PRO_WifiProStateMachine: isReachWifiScanThreshold, ap is not strong enough, and has switch record
01-17 01:17:27.678  1881  4136 I WiFi_PRO_WifiProStateMachine: wifi to wifi step 0.2: request scan
01-17 01:17:27.679  1881 13974 I HwConnectivityServiceEx: set 10145, metered: false, value: false
01-17 01:17:27.681  1881  2214 E system_server: Cannot read thread CPU times for PID 1881
01-17 01:17:27.682 20358 20980 I HMSFindNetworkCore_61504300_NetworkMonitor: [FindNetwork null:2] onCapabilitiesChanged, isNetworkAvailable:true
01-17 01:17:27.686  1881 13974 I HwConnectivityServiceEx: set 10029, metered: false, value: false
01-17 01:17:27.686  1881  2219 I HwAmbientLuxFilterAlgo: SceneBufferAmbientLux input error,end=30,start=-141,bufferSize=59
01-17 01:17:27.737  8384  8409 E DFS     : MetaDentrySyncer-DentrySyncHandle: open failed
01-17 01:17:27.821  4565  5327 I ash_dd  : com.huawei.hidisk not ctrl in charging, delay to D!
01-17 01:17:28.032  4623  4894 I OllieMsgCenter: publishEvt=2135097353
01-17 01:17:28.038  1881  2219 I HwAmbientLuxFilterAlgo: SceneBufferAmbientLux input error,end=30,start=-141,bufferSize=59
01-17 01:17:28.099  1881  4052 I TrafficMonitor: update:rxPkts:0,txPkts:4,rxBytes:0,txBytes:222
01-17 01:17:28.099  1881  4052 I TrafficMonitor: gettimer:interval=2000
01-17 01:17:28.388  1881  2219 I HwAmbientLuxFilterAlgo: SceneBufferAmbientLux input error,end=30,start=-141,bufferSize=59
01-17 01:17:28.443  4623  6024 D HwCommBoosterService: reportBoosterPara enter
01-17 01:17:28.443  4623  6024 D HwCommBoosterManager: reportBoosterPara enter
01-17 01:17:28.443  4623  6024 D HwCommBoosterManager: pluginId: 2
01-17 01:17:28.444  4623  4894 D HwCommBoosterManager: handleBoosterMessageSendModuleDataToPlugin enter
01-17 01:17:28.512  4623  6727 I Booster_Qoe: Ada,index:8,NisPsSlow:0,NProba:321,rsrp(rssi):-72,rsrq(noise):-87,rtt(chload):46,BFH(uldelay):0,BFC(rtt):0 Real:0,0,0,0,0
01-17 01:17:28.512  4623  6727 I Booster_Qoe: Ada,index:2,NisPsSlow:0,NProba:321,rsrp(rssi):-72,rsrq(noise):-87,rtt(chload):46,BFH(uldelay):0,BFC(rtt):0 Real:0,0,0,0,0
01-17 01:17:28.515  4623  4894 E Booster_BroadcastProxy: [isDebugModemEnabled]get package info fail.
01-17 01:17:28.517  1881  4136 I WiFi_PRO_WifiProStateMachine: APP_SERVICE_QOE_NOTIFY Qoe info 10276,4,0,321,1,2,4,0,321,117000,195000,10,10,0,0,0,0 CID 2 mMasterWifiRssi -72 mMasterCardAmbr 1073000 mSlaveCardAmbr 1048576
01-17 01:17:28.518  1881  4136 V HwWifiServiceFactory: get AllImpl object = com.android.server.wifi.HwWifiServiceFactoryImpl@cec4eea
01-17 01:17:28.518  1881  4136 I HwWifiProServiceProxy: ctrlHwWifiNetwork pkgName: WIFIPRO_SERVICE interfaceId: 9
01-17 01:17:28.518  1881  4136 I WiFi_PRO_WifiProStateMachine: isWifi2WifiProcess = false, mIsNeedIgnoreQoeUpdate = false, mIsAppInBlacklist = false, mIsAppInBlacklistFullScreen = false, mIsWiFiNoInternet false, screen on = true, full screen = false, isLandscapeMode = false, mNotifyWifiLinkPoorReason = -1
01-17 01:17:28.518  1881  4136 I WiFi_PRO_WifiProStateMachine: mChannelQoeBadCnt = 0, mAppQoeBadCnt = 0, mNetworkSlowReason = 0, mNetworkSlowChannelBadCnt = 0
01-17 01:17:28.519  1881  4136 V HwWifiServiceFactory: get AllImpl object = com.android.server.wifi.HwWifiServiceFactoryImpl@cec4eea
01-17 01:17:28.519  1881  4136 I WiFi_PRO_WifiProStateMachine: getQoeBadReason, economic user app qoe bad 9 time, not handle
01-17 01:17:28.649  1415  1415 I Thermal-daemon:hw_thermal: [charger_ic] tempNew :32  tempOld :33
01-17 01:17:28.650  1415  1415 I Thermal-daemon:hw_thermal: Report temperature: [charger_ic] temp :32  reportThreshold:1
01-17 01:17:28.650  4687  9698 I LooperFactory: releaseLooper:MBcDeliver, other:[]
01-17 01:17:28.651  1415  1415 I Thermal-daemon:hw_thermal: [pa_0] tempNew :31  tempOld :32
01-17 01:17:28.651  1415  1415 I Thermal-daemon:hw_thermal: Report temperature: [pa_0] temp :31  reportThreshold:1
01-17 01:17:28.688  1881  4138 I WifiNl80211Manager: Noise: -87, Snr: 22, Chload: 66, rssi: -72, txBitrate: 117, rxBitrate: 195, frequency: 5745, UlDelay: 0, currentTxBytes: 2095607, currentTxPackets: 8460, currentTxFailed: 0, currentRxBytes: 6457146, currentRxPackets: 11437
01-17 01:17:28.688  1881  4138 D HuaweiWifiWatchdogStateMachine: nothing to do
01-17 01:17:28.689  1881  4137 I WiFi_PRO: MSG_RETURN_AP_CURRY_RSSI rssi = -72
01-17 01:17:28.689  1881  4137 I QosMonitor: queryRtt: rttType = 3
01-17 01:17:28.689  1881  4136 I HwDualBandManager: handle2gApStrongWifiRssiChange
01-17 01:17:28.689  1881  4137 I QosMonitor: call ctrlHwWifiNetwork
01-17 01:17:28.689  1881  4138 I HuaweiWifiWatchdogStateMachine: high data flow: protection_counter = 0,  not_detect_counter = 314
01-17 01:17:28.689  1881  4138 I HuaweiWifiWatchdogStateMachine: high data flow scenario: 0 --> 0 rx rate =0KB/s
01-17 01:17:28.690  1881  4136 V HwWifiServiceFactory: get AllImpl object = com.android.server.wifi.HwWifiServiceFactoryImpl@cec4eea
01-17 01:17:28.690  1881  4138 I HuaweiWifiWatchdogStateMachine: POta txb txg rxg:0, 5, 0. Lr =0% Totpkt=5
01-17 01:17:28.691  1881  4137 I QosMonitor: postEventFromNative: msg=100,arg1=4,arg2=10
01-17 01:17:28.691  1881  4137 I QosMonitor: call ctrlHwWifiNetwork
01-17 01:17:28.692  1881  4137 I QosMonitor: postEventFromNative: msg=100,arg1=0,arg2=10
01-17 01:17:28.692  1881  4137 I MQoS    : rtt=324,tcpTxPkts=201510,tcpRxPkts=226335
01-17 01:17:28.692  1881 14033 I MQoS    : QOS_level:0(0),DataDisable;use level-0
01-17 01:17:28.694  1881  4138 I HuaweiWifiWatchdogStateMachine: PTcp RTT:0, rtt pkt=0, tcp_rx=0, tcp_tx=4, tcp_reTran=0, rtRate=0
01-17 01:17:28.695  1881  4138 I HuaweiWifiWatchdogStateMachine: rssi bad, mrssi=-72 < TargetRssi=-75
01-17 01:17:28.695  1881  4138 I HuaweiWifiWatchdogStateMachine: start computeQosLevel tcpRtt = 0 ,rssi = -72 ,mBestSpeedInPeriod = 0
01-17 01:17:28.695  1881  4138 I HuaweiWifiWatchdogStateMachine: smoothConsecutiveQosResults, currentQosLevel = 3
01-17 01:17:28.696  1881  4137 I QosMonitor: resetRtt: rttType = 3
01-17 01:17:28.696  1881  4137 I QosMonitor: call ctrlHwWifiNetwork
01-17 01:17:28.737  1881  2219 I HwAmbientLuxFilterAlgo: SceneBufferAmbientLux input error,end=30,start=-141,bufferSize=59
01-17 01:17:28.738  1881 13974 V HwWifiServiceFactory: get AllImpl object = com.android.server.wifi.HwWifiServiceFactoryImpl@cec4eea
01-17 01:17:28.738  1881 13974 D WifiEnhanceManagerUtil: call reportChrEnhanceEvent
01-17 01:17:28.738  1881 13974 I HwWifiChrEnhanceService: reportChrEnhanceEvent 909001021
01-17 01:17:28.738  1881 13974 I HwWifiScanChr: updateChrCount, appName:com.huawei.appmarket, key:serviceLimit
01-17 01:17:28.740  1881 13974 V HwWifiServiceFactory: get AllImpl object = com.android.server.wifi.HwWifiServiceFactoryImpl@cec4eea
01-17 01:17:28.848  1881 13974 V HwWifiServiceFactory: get AllImpl object = com.android.server.wifi.HwWifiServiceFactoryImpl@cec4eea
01-17 01:17:28.848  1881 13974 D WifiEnhanceManagerUtil: call reportChrEnhanceEvent
01-17 01:17:28.848  1881 13974 I HwWifiChrEnhanceService: reportChrEnhanceEvent 909001021
01-17 01:17:28.848  1881 13974 I HwWifiScanChr: updateChrCount, appName:com.huawei.appmarket, key:serviceLimit
01-17 01:17:28.849  1881 13974 V HwWifiServiceFactory: get AllImpl object = com.android.server.wifi.HwWifiServiceFactoryImpl@cec4eea
01-17 01:17:28.853  1881 13974 V HwWifiServiceFactory: get AllImpl object = com.android.server.wifi.HwWifiServiceFactoryImpl@cec4eea
01-17 01:17:28.853  1881 13974 D WifiEnhanceManagerUtil: call reportChrEnhanceEvent
01-17 01:17:28.853  1881 13974 I HwWifiChrEnhanceService: reportChrEnhanceEvent 909001021
01-17 01:17:28.853  1881 13974 I HwWifiScanChr: updateChrCount, appName:com.huawei.appmarket, key:serviceLimit
01-17 01:17:28.854  1881 13974 V HwWifiServiceFactory: get AllImpl object = com.android.server.wifi.HwWifiServiceFactoryImpl@cec4eea
01-17 01:17:28.857  1881  2074 V HwWifiServiceFactory: get AllImpl object = com.android.server.wifi.HwWifiServiceFactoryImpl@cec4eea
01-17 01:17:28.857  1881  2074 D WifiEnhanceManagerUtil: call reportChrEnhanceEvent
01-17 01:17:28.857  1881  2074 I HwWifiChrEnhanceService: reportChrEnhanceEvent 909001021
01-17 01:17:28.857  1881  2074 I HwWifiScanChr: updateChrCount, appName:com.huawei.appmarket, key:serviceLimit
01-17 01:17:28.858  1881  2074 V HwWifiServiceFactory: get AllImpl object = com.android.server.wifi.HwWifiServiceFactoryImpl@cec4eea
01-17 01:17:28.860  1881 13974 V HwWifiServiceFactory: get AllImpl object = com.android.server.wifi.HwWifiServiceFactoryImpl@cec4eea
01-17 01:17:28.860  1881 13974 D WifiEnhanceManagerUtil: call reportChrEnhanceEvent
01-17 01:17:28.860  1881 13974 I HwWifiChrEnhanceService: reportChrEnhanceEvent 909001021
01-17 01:17:28.861  1881 13974 I HwWifiScanChr: updateChrCount, appName:com.huawei.appmarket, key:serviceLimit
01-17 01:17:28.861  1881 13974 V HwWifiServiceFactory: get AllImpl object = com.android.server.wifi.HwWifiServiceFactoryImpl@cec4eea
01-17 01:17:29.088  1881  2219 I HwAmbientLuxFilterAlgo: SceneBufferAmbientLux input error,end=30,start=-141,bufferSize=59
01-17 01:17:29.438  1881  2219 I HwAmbientLuxFilterAlgo: SceneBufferAmbientLux input error,end=30,start=-141,bufferSize=59
01-17 01:17:29.446  4623  6024 D HwCommBoosterService: reportBoosterPara enter
01-17 01:17:29.446  4623  6024 D HwCommBoosterManager: reportBoosterPara enter
01-17 01:17:29.446  4623  6024 D HwCommBoosterManager: pluginId: 2
01-17 01:17:29.447  4623  4894 D HwCommBoosterManager: handleBoosterMessageSendModuleDataToPlugin enter
01-17 01:17:29.527  4623  6727 I Booster_Qoe: Ada,index:8,NisPsSlow:0,NProba:321,rsrp(rssi):-72,rsrq(noise):-87,rtt(chload):66,BFH(uldelay):0,BFC(rtt):0 Real:0,0,0,0,0
01-17 01:17:29.527  4623  6727 I Booster_Qoe: Ada,index:2,NisPsSlow:0,NProba:321,rsrp(rssi):-72,rsrq(noise):-87,rtt(chload):66,BFH(uldelay):0,BFC(rtt):0 Real:0,0,0,0,0
01-17 01:17:29.533  4623  4894 E Booster_BroadcastProxy: [isDebugModemEnabled]get package info fail.
01-17 01:17:29.536  1881  4136 I WiFi_PRO_WifiProStateMachine: APP_SERVICE_QOE_NOTIFY Qoe info 10276,4,0,321,1,2,4,0,321,117000,195000,10,10,0,2,0,0 CID 2 mMasterWifiRssi -72 mMasterCardAmbr 1073000 mSlaveCardAmbr 1048576
01-17 01:17:29.536  1881  4136 V HwWifiServiceFactory: get AllImpl object = com.android.server.wifi.HwWifiServiceFactoryImpl@cec4eea
01-17 01:17:29.537  1881  4136 I HwWifiProServiceProxy: ctrlHwWifiNetwork pkgName: WIFIPRO_SERVICE interfaceId: 9
01-17 01:17:29.537  1881  4136 I WiFi_PRO_WifiProStateMachine: isWifi2WifiProcess = false, mIsNeedIgnoreQoeUpdate = false, mIsAppInBlacklist = false, mIsAppInBlacklistFullScreen = false, mIsWiFiNoInternet false, screen on = true, full screen = false, isLandscapeMode = false, mNotifyWifiLinkPoorReason = -1
01-17 01:17:29.537  1881  4136 I WiFi_PRO_WifiProStateMachine: mChannelQoeBadCnt = 0, mAppQoeBadCnt = 0, mNetworkSlowReason = 0, mNetworkSlowChannelBadCnt = 0
01-17 01:17:29.538  1881  4136 V HwWifiServiceFactory: get AllImpl object = com.android.server.wifi.HwWifiServiceFactoryImpl@cec4eea
01-17 01:17:29.538  1881  4136 I WiFi_PRO_WifiProStateMachine: getQoeBadReason, economic user app qoe bad 9 time, not handle
01-17 01:17:29.640 31214 31228 I bms_behavior: runState = 1, cvStatus = 1 
01-17 01:17:29.643 31214 31228 E bms_file: file /sys/class/hw_power/charger/direct_charge_turbo/turbo_charge_status is invalid
01-17 01:17:29.644 31214 31228 E bms_file: file /sys/class/hw_power/charger/direct_charger_sc4/direct_charge_succ is invalid
01-17 01:17:29.661 31214 31228 E bms_file: file /sys/class/hw_power/charger/direct_charger_sc4/direct_charge_succ is invalid
01-17 01:17:29.672 31214 31228 E bms_file: file /sys/class/hw_power/bat_heating/heat_up is invalid
01-17 01:17:29.676 31214 31228 E bms_file: file /sys/class/hw_power/charger/direct_charger_sc4/direct_charge_succ is invalid
01-17 01:17:29.693 31214 31228 E bms_file: file /sys/class/hw_power/charger/direct_charger_sc4/direct_charge_succ is invalid
01-17 01:17:29.694 31214 31228 E bms_file: file /sys/class/hw_power/charger/direct_charger_sc4/direct_charge_succ is invalid
01-17 01:17:29.695 31214 31228 I bms_behavior: monitor interval count 492, name: Battery
01-17 01:17:29.788  1881  2219 I HwAmbientLuxFilterAlgo: SceneBufferAmbientLux input error,end=30,start=-141,bufferSize=59
01-17 01:17:30.033  4623  4894 I OllieMsgCenter: publishEvt=2135097353
01-17 01:17:30.102  1881  4052 I TrafficMonitor: update:rxPkts:0,txPkts:0,rxBytes:0,txBytes:0
01-17 01:17:30.103  1881  4052 I TrafficMonitor: gettimer:interval=2000
01-17 01:17:30.138  1881  2219 I HwAmbientLuxFilterAlgo: SceneBufferAmbientLux input error,end=30,start=-141,bufferSize=59
01-17 01:17:30.448  4623  6024 D HwCommBoosterService: reportBoosterPara enter
01-17 01:17:30.448  4623  6024 D HwCommBoosterManager: reportBoosterPara enter
01-17 01:17:30.448  4623  6024 D HwCommBoosterManager: pluginId: 2
01-17 01:17:30.449  4623  4894 D HwCommBoosterManager: handleBoosterMessageSendModuleDataToPlugin enter
01-17 01:17:30.488  1881  2219 I HwAmbientLuxFilterAlgo: SceneBufferAmbientLux input error,end=30,start=-141,bufferSize=59
01-17 01:17:30.560  4623  6727 I Booster_Qoe: Ada,index:8,NisPsSlow:0,NProba:334,rsrp(rssi):-73,rsrq(noise):-87,rtt(chload):66,BFH(uldelay):0,BFC(rtt):0 Real:0,0,0,0,0
01-17 01:17:30.560  4623  6727 I Booster_Qoe: Ada,index:2,NisPsSlow:0,NProba:334,rsrp(rssi):-73,rsrq(noise):-87,rtt(chload):66,BFH(uldelay):0,BFC(rtt):0 Real:0,0,0,0,0
01-17 01:17:30.563  4623  4894 E Booster_BroadcastProxy: [isDebugModemEnabled]get package info fail.
01-17 01:17:30.565  1881  4136 I WiFi_PRO_WifiProStateMachine: APP_SERVICE_QOE_NOTIFY Qoe info 10276,4,0,334,1,2,4,0,334,117000,195000,10,10,0,0,0,0 CID 2 mMasterWifiRssi -73 mMasterCardAmbr 1073000 mSlaveCardAmbr 1048576
01-17 01:17:30.566  1881  4136 V HwWifiServiceFactory: get AllImpl object = com.android.server.wifi.HwWifiServiceFactoryImpl@cec4eea
01-17 01:17:30.567  1881  4136 I HwWifiProServiceProxy: ctrlHwWifiNetwork pkgName: WIFIPRO_SERVICE interfaceId: 9
01-17 01:17:30.567  1881  4136 I WiFi_PRO_WifiProStateMachine: isWifi2WifiProcess = false, mIsNeedIgnoreQoeUpdate = false, mIsAppInBlacklist = false, mIsAppInBlacklistFullScreen = false, mIsWiFiNoInternet false, screen on = true, full screen = false, isLandscapeMode = false, mNotifyWifiLinkPoorReason = -1
01-17 01:17:30.567  1881  4136 I WiFi_PRO_WifiProStateMachine: mChannelQoeBadCnt = 0, mAppQoeBadCnt = 0, mNetworkSlowReason = 0, mNetworkSlowChannelBadCnt = 0
01-17 01:17:30.568  1881  4136 V HwWifiServiceFactory: get AllImpl object = com.android.server.wifi.HwWifiServiceFactoryImpl@cec4eea
01-17 01:17:30.568  1881  4136 I WiFi_PRO_WifiProStateMachine: Wifi Signal Bad
01-17 01:17:30.568  1881  4136 I WiFi_PRO_WifiProStateMachine: getQoeBadReason, economic user app qoe bad 9 time, not handle
01-17 01:17:30.646  1881  4052 I WifiNl80211Manager: Noise: -87, Snr: 22, Chload: 66, rssi: -72, txBitrate: 117, rxBitrate: 195, frequency: 5745, UlDelay: 0, currentTxBytes: 2095607, currentTxPackets: 8460, currentTxFailed: 0, currentRxBytes: 6457176, currentRxPackets: 11438
01-17 01:17:30.649  1881  4052 V HwWifiServiceFactory: get AllImpl object = com.android.server.wifi.HwWifiServiceFactoryImpl@cec4eea
01-17 01:17:30.672  1005  1365 I VSyncReactor: still confirming period
01-17 01:17:30.688  1005  1365 I VSyncPredictor: setPeriod: 16666666
01-17 01:17:30.837  1881  2219 I HwAmbientLuxFilterAlgo: SceneBufferAmbientLux input error,end=30,start=-141,bufferSize=59
01-17 01:17:31.071  4565  5327 I ash_dd  : com.huawei.vassistant not ctrl in charging, delay to D!
01-17 01:17:31.098  1881  4052 I TrafficMonitor: expired arrive. level:-1
01-17 01:17:31.098  1881  4052 I TrafficMonitor: during_ms:2004,period_ms:2000
01-17 01:17:31.099  1881  4052 I TrafficMonitor: count:360,rx_sum:0,tx_sum:0,rxBytes:0,during_ms:2004,rx_speed:0.0,tx_speed:0.0,rto:0.0
01-17 01:17:31.099  1881  4052 I HuaweiWifiWatchdogStateMachine: Get speed information rx_speed = 0 ,tx_speed = 0 ,isSpeedOk = false ,mBestSpeedInPeriod = 0
01-17 01:17:31.188  1881  2219 I HwAmbientLuxFilterAlgo: SceneBufferAmbientLux input error,end=30,start=-141,bufferSize=59
01-17 01:17:31.451  4623  6024 D HwCommBoosterService: reportBoosterPara enter
01-17 01:17:31.451  4623  6024 D HwCommBoosterManager: reportBoosterPara enter
01-17 01:17:31.451  4623  6024 D HwCommBoosterManager: pluginId: 2
01-17 01:17:31.452  4623  4894 D HwCommBoosterManager: handleBoosterMessageSendModuleDataToPlugin enter
01-17 01:17:31.538  1881  2219 I HwAmbientLuxFilterAlgo: SceneBufferAmbientLux input error,end=30,start=-141,bufferSize=59
01-17 01:17:31.579  4623  6727 I Booster_Qoe: Ada,index:8,NisPsSlow:0,NProba:321,rsrp(rssi):-72,rsrq(noise):-87,rtt(chload):66,BFH(uldelay):0,BFC(rtt):0 Real:0,0,0,0,0
01-17 01:17:31.579  4623  6727 I Booster_Qoe: Ada,index:2,NisPsSlow:0,NProba:321,rsrp(rssi):-72,rsrq(noise):-87,rtt(chload):66,BFH(uldelay):0,BFC(rtt):0 Real:0,0,0,0,0
01-17 01:17:31.581  4623  4894 E Booster_BroadcastProxy: [isDebugModemEnabled]get package info fail.
01-17 01:17:31.583  1881  4136 I WiFi_PRO_WifiProStateMachine: APP_SERVICE_QOE_NOTIFY Qoe info 10276,4,0,321,1,2,4,0,321,117000,195000,10,10,0,0,0,0 CID 2 mMasterWifiRssi -72 mMasterCardAmbr 1073000 mSlaveCardAmbr 1048576
01-17 01:17:31.584  1881  4136 V HwWifiServiceFactory: get AllImpl object = com.android.server.wifi.HwWifiServiceFactoryImpl@cec4eea
01-17 01:17:31.585  1881  4136 I HwWifiProServiceProxy: ctrlHwWifiNetwork pkgName: WIFIPRO_SERVICE interfaceId: 9
01-17 01:17:31.585  1881  4136 I WiFi_PRO_WifiProStateMachine: isWifi2WifiProcess = false, mIsNeedIgnoreQoeUpdate = false, mIsAppInBlacklist = false, mIsAppInBlacklistFullScreen = false, mIsWiFiNoInternet false, screen on = true, full screen = false, isLandscapeMode = false, mNotifyWifiLinkPoorReason = -1
01-17 01:17:31.585  1881  4136 I WiFi_PRO_WifiProStateMachine: mChannelQoeBadCnt = 0, mAppQoeBadCnt = 0, mNetworkSlowReason = 0, mNetworkSlowChannelBadCnt = 0
01-17 01:17:31.585  1881  4136 V HwWifiServiceFactory: get AllImpl object = com.android.server.wifi.HwWifiServiceFactoryImpl@cec4eea
01-17 01:17:31.586  1881  4136 I WiFi_PRO_WifiProStateMachine: getQoeBadReason, economic user app qoe bad 9 time, not handle
01-17 01:17:31.647  1881  4129 V HwWifiServiceFactory: get AllImpl object = com.android.server.wifi.HwWifiServiceFactoryImpl@cec4eea
01-17 01:17:31.826  1881  2360 I HwBatteryService: power_ui state= 1 mQuickChargeStatus=1
01-17 01:17:31.826  1881  2360 I HwBatteryService: handleWirelessTxStatus
01-17 01:17:31.826  1881  2360 I HwBatteryService: switch not open, return, mWirelessTxFlag : 0
01-17 01:17:31.826  1881  2360 W HwBatteryService: need return. Invalid value: 0
01-17 01:17:31.826  1881  2360 D HwBatteryService: setHwChargeTimeRemaining, time = -1 String time: 0
01-17 01:17:31.827  1881  2360 I HwBatteryService: IS_WATCH : false
01-17 01:17:31.857  1881  2401 I BatteryService: Processing new values: info={.chargerAcOnline = false, .chargerUsbOnline = true, .chargerWirelessOnline = false, .maxChargingCurrent = 2000000, .maxChargingVoltage = 4630000, .batteryStatus = CHARGING, .batteryHealth = GOOD, .batteryPresent = true, .batteryLevel = 70, .batteryVoltage = 4202, .batteryTemperature = 310, .batteryCurrent = 1126, .batteryCycleCount = 8, .batteryFullCharge = 3627, .batteryChargeCounter = 781000, .batteryTechnology = Li-poly}, mBatteryLevelCritical=false, mPlugType=2, batteryStatus=2
01-17 01:17:31.858  1881  2401 E BatteryService: no autopoweroff in settings
01-17 01:17:31.887  1881  2219 I HwAmbientLuxFilterAlgo: SceneBufferAmbientLux input error,end=30,start=-141,bufferSize=59
01-17 01:17:32.034  4623  4894 I OllieMsgCenter: publishEvt=2135097353
01-17 01:17:32.105  1881  4052 I TrafficMonitor: update:rxPkts:0,txPkts:0,rxBytes:0,txBytes:0
01-17 01:17:32.105  1881  4052 I TrafficMonitor: gettimer:interval=2000
01-17 01:17:32.238  1881  2219 I HwAmbientLuxFilterAlgo: SceneBufferAmbientLux input error,end=30,start=-141,bufferSize=59
01-17 01:17:32.453  4623  6024 D HwCommBoosterService: reportBoosterPara enter
01-17 01:17:32.453  4623  6024 D HwCommBoosterManager: reportBoosterPara enter
01-17 01:17:32.454  4623  6024 D HwCommBoosterManager: pluginId: 2
01-17 01:17:32.454  4623  4894 D HwCommBoosterManager: handleBoosterMessageSendModuleDataToPlugin enter
01-17 01:17:32.588  1881  2219 I HwAmbientLuxFilterAlgo: SceneBufferAmbientLux input error,end=30,start=-141,bufferSize=59
01-17 01:17:32.598  1403  2350 W dubaid  : [SocTempRainflow.cpp] FormatTempData# Matrix index: 0, Point 1: 32.000000, Point 2: 33.000000, Value: 1.000000, range:1.000000, means:32.500000
01-17 01:17:32.609  4623  6727 I Booster_Qoe: Ada,index:8,NisPsSlow:0,NProba:321,rsrp(rssi):-72,rsrq(noise):-87,rtt(chload):66,BFH(uldelay):0,BFC(rtt):0 Real:0,0,0,0,0
01-17 01:17:32.609  4623  6727 I Booster_Qoe: Ada,index:2,NisPsSlow:0,NProba:321,rsrp(rssi):-72,rsrq(noise):-87,rtt(chload):66,BFH(uldelay):0,BFC(rtt):0 Real:0,0,0,0,0
01-17 01:17:32.611  4623  4894 E Booster_BroadcastProxy: [isDebugModemEnabled]get package info fail.
01-17 01:17:32.612  1881  4136 I WiFi_PRO_WifiProStateMachine: APP_SERVICE_QOE_NOTIFY Qoe info 10276,4,0,321,1,2,4,0,321,117000,195000,10,10,0,0,0,0 CID 2 mMasterWifiRssi -72 mMasterCardAmbr 1073000 mSlaveCardAmbr 1048576
01-17 01:17:32.613  1881  4136 V HwWifiServiceFactory: get AllImpl object = com.android.server.wifi.HwWifiServiceFactoryImpl@cec4eea
01-17 01:17:32.614  1881  4136 I HwWifiProServiceProxy: ctrlHwWifiNetwork pkgName: WIFIPRO_SERVICE interfaceId: 9
01-17 01:17:32.614  1881  4136 I WiFi_PRO_WifiProStateMachine: isWifi2WifiProcess = false, mIsNeedIgnoreQoeUpdate = false, mIsAppInBlacklist = false, mIsAppInBlacklistFullScreen = false, mIsWiFiNoInternet false, screen on = true, full screen = false, isLandscapeMode = false, mNotifyWifiLinkPoorReason = -1
01-17 01:17:32.614  1881  4136 I WiFi_PRO_WifiProStateMachine: mChannelQoeBadCnt = 0, mAppQoeBadCnt = 0, mNetworkSlowReason = 0, mNetworkSlowChannelBadCnt = 0
01-17 01:17:32.614  1881  4136 V HwWifiServiceFactory: get AllImpl object = com.android.server.wifi.HwWifiServiceFactoryImpl@cec4eea
01-17 01:17:32.615  1881  4136 I WiFi_PRO_WifiProStateMachine: getQoeBadReason, economic user app qoe bad 9 time, not handle
01-17 01:17:32.688 20358 20358 I HMSFindNetworkCore_61504300_NetworkMonitor: [FindNetwork null:2] networkMode not change.
01-17 01:17:32.690  4565  5327 I ash_dd  : com.huawei.intelligent not ctrl when screen on, delay to D!
01-17 01:17:32.690  4565  5327 I ash_dd  : com.huawei.hiaction not ctrl when screen on, delay to D!
01-17 01:17:32.691  4565  5327 I ash_dd  : com.huawei.iconnect not ctrl in charging, delay to D!
01-17 01:17:32.691  4565  5327 I ash_dd  : com.huawei.airlink not ctrl in charging, delay to D!
01-17 01:17:32.691  4565  5327 I ash_dd  : com.huawei.systemmanager not ctrl when screen on, delay to D!
01-17 01:17:32.691  4565  5327 I ash_dd  : com.huawei.contentsensor not ctrl when screen on, delay to D!
01-17 01:17:32.691  4565  5327 I ash_dd  : com.huawei.nearby not ctrl in charging, delay to D!
01-17 01:17:32.702  1881  4138 I WifiNl80211Manager: Noise: -87, Snr: 20, Chload: 66, rssi: -72, txBitrate: 117, rxBitrate: 195, frequency: 5745, UlDelay: 0, currentTxBytes: 2095607, currentTxPackets: 8460, currentTxFailed: 0, currentRxBytes: 6457206, currentRxPackets: 11439
01-17 01:17:32.703  1881  4137 I WiFi_PRO: MSG_RETURN_AP_CURRY_RSSI rssi = -72
01-17 01:17:32.703  1881  4137 I QosMonitor: queryRtt: rttType = 3
01-17 01:17:32.703  1881  4136 I HwDualBandManager: handle2gApStrongWifiRssiChange
01-17 01:17:32.703  1881  4137 I QosMonitor: call ctrlHwWifiNetwork
01-17 01:17:32.704  1881  4136 V HwWifiServiceFactory: get AllImpl object = com.android.server.wifi.HwWifiServiceFactoryImpl@cec4eea
01-17 01:17:32.705  1881  4137 I QosMonitor: postEventFromNative: msg=100,arg1=4,arg2=10
01-17 01:17:32.706  1881  4137 I QosMonitor: resetRtt: rttType = 3
01-17 01:17:32.706  1881  4137 I QosMonitor: call ctrlHwWifiNetwork
01-17 01:17:32.737  8384  8409 E DFS     : MetaDentrySyncer-DentrySyncHandle: open failed
01-17 01:17:32.937  1881  2219 I HwAmbientLuxFilterAlgo: SceneBufferAmbientLux input error,end=30,start=-141,bufferSize=59
01-17 01:17:33.288  1881  2219 I HwAmbientLuxFilterAlgo: SceneBufferAmbientLux input error,end=30,start=-141,bufferSize=59
01-17 01:17:33.358 23699 23792 D bt_btm  : btm_ble_process_ext_adv_pkt: HwBtmBleProcessAdv 5d:54:**:**:**:c8
01-17 01:17:33.359 23699 23792 D bt_btm  : btm_identity_addr_to_random_pseudo
01-17 01:17:33.359 23699 23792 D bt_btm  : btm_ble_process_adv_addr: bda=5d:54:**:**:**:c8
01-17 01:17:33.359 23699 23792 D bt_btm  : btm_ble_resolve_random_addr
01-17 01:17:33.359 23699 23792 D hw_bt_btm: btm_ble_process_adv_pkt_cont: service_data_len = 24
01-17 01:17:33.367 23699 23792 D bt_btm  : btm_ble_process_ext_adv_pkt: HwBtmBleProcessAdv 5d:54:**:**:**:c8
01-17 01:17:33.367 23699 23792 D bt_btm  : btm_identity_addr_to_random_pseudo
01-17 01:17:33.367 23699 23792 D bt_btm  : btm_ble_process_adv_addr: bda=5d:54:**:**:**:c8
01-17 01:17:33.367 23699 23792 D bt_btm  : btm_ble_resolve_random_addr
01-17 01:17:33.370  4139  4139 I BleNotifyFault: parseScanResultData: [1, 20, 1, 1, 8, 31, 2, 39, 40, 87, -24, -124, 114, 70, 107, 54, 103, 89, 117, 115, 88, 56]
01-17 01:17:33.371  4139  4139 I BleNotifyFault: handleRequest: trace:081F02272857E884, eventId:913000050, uuidText:gYusX8
01-17 01:17:33.454  4623  6024 D HwCommBoosterService: reportBoosterPara enter
01-17 01:17:33.454  4623  6024 D HwCommBoosterManager: reportBoosterPara enter
01-17 01:17:33.454  4623  6024 D HwCommBoosterManager: pluginId: 2
01-17 01:17:33.454  4623  4894 D HwCommBoosterManager: handleBoosterMessageSendModuleDataToPlugin enter
01-17 01:17:33.623  4623  6727 I Booster_Qoe: Ada,index:8,NisPsSlow:0,NProba:321,rsrp(rssi):-72,rsrq(noise):-87,rtt(chload):66,BFH(uldelay):0,BFC(rtt):0 Real:0,0,0,0,0
01-17 01:17:33.623  4623  6727 I Booster_Qoe: Ada,index:2,NisPsSlow:0,NProba:321,rsrp(rssi):-72,rsrq(noise):-87,rtt(chload):66,BFH(uldelay):0,BFC(rtt):0 Real:0,0,0,0,0
01-17 01:17:33.626  4623  4894 E Booster_BroadcastProxy: [isDebugModemEnabled]get package info fail.
01-17 01:17:33.628  1881  4136 I WiFi_PRO_WifiProStateMachine: APP_SERVICE_QOE_NOTIFY Qoe info 10276,4,0,321,1,2,4,0,321,117000,195000,10,10,0,0,0,0 CID 2 mMasterWifiRssi -72 mMasterCardAmbr 1073000 mSlaveCardAmbr 1048576
01-17 01:17:33.628  1881  4136 V HwWifiServiceFactory: get AllImpl object = com.android.server.wifi.HwWifiServiceFactoryImpl@cec4eea
01-17 01:17:33.628  1881  4136 I HwWifiProServiceProxy: ctrlHwWifiNetwork pkgName: WIFIPRO_SERVICE interfaceId: 9
01-17 01:17:33.629  1881  4136 I WiFi_PRO_WifiProStateMachine: isWifi2WifiProcess = false, mIsNeedIgnoreQoeUpdate = false, mIsAppInBlacklist = false, mIsAppInBlacklistFullScreen = false, mIsWiFiNoInternet false, screen on = true, full screen = false, isLandscapeMode = false, mNotifyWifiLinkPoorReason = -1
01-17 01:17:33.629  1881  4136 I WiFi_PRO_WifiProStateMachine: mChannelQoeBadCnt = 0, mAppQoeBadCnt = 0, mNetworkSlowReason = 0, mNetworkSlowChannelBadCnt = 0
01-17 01:17:33.629  1881  4136 V HwWifiServiceFactory: get AllImpl object = com.android.server.wifi.HwWifiServiceFactoryImpl@cec4eea
01-17 01:17:33.630  1881  4136 I WiFi_PRO_WifiProStateMachine: getQoeBadReason, economic user app qoe bad 9 time, not handle
01-17 01:17:33.637  1881  2219 I HwAmbientLuxFilterAlgo: SceneBufferAmbientLux input error,end=30,start=-141,bufferSize=59
01-17 01:17:33.657  1881  4052 I WifiNl80211Manager: Noise: -87, Snr: 20, Chload: 54, rssi: -73, txBitrate: 117, rxBitrate: 195, frequency: 5745, UlDelay: 0, currentTxBytes: 2095669, currentTxPackets: 8461, currentTxFailed: 0, currentRxBytes: 6457264, currentRxPackets: 11441
01-17 01:17:33.658  1415  1415 I Thermal-daemon:hw_thermal: [pa_0] tempNew :32  tempOld :31
01-17 01:17:33.659  1415  1415 I Thermal-daemon:hw_thermal: Report temperature: [pa_0] temp :32  reportThreshold:1
01-17 01:17:33.663  1881  1881 V HwWifiServiceFactory: get AllImpl object = com.android.server.wifi.HwWifiServiceFactoryImpl@cec4eea
01-17 01:17:33.665  1881  2203 V HwWifiServiceFactory: get AllImpl object = com.android.server.wifi.HwWifiServiceFactoryImpl@cec4eea
01-17 01:17:33.665  1881  4155 V HwWifiServiceFactory: get AllImpl object = com.android.server.wifi.HwWifiServiceFactoryImpl@cec4eea
01-17 01:17:33.666  4222  4445 I NetworkController: WifiSignalController: handleBroadcast
01-17 01:17:33.667  1881  2074 V HwWifiServiceFactory: get AllImpl object = com.android.server.wifi.HwWifiServiceFactoryImpl@cec4eea
01-17 01:17:33.668  1881 13974 V HwWifiServiceFactory: get AllImpl object = com.android.server.wifi.HwWifiServiceFactoryImpl@cec4eea
01-17 01:17:33.672  1881 13974 V HwWifiServiceFactory: get AllImpl object = com.android.server.wifi.HwWifiServiceFactoryImpl@cec4eea
01-17 01:17:33.673  1881  4052 V HwWifiServiceFactory: get AllImpl object = com.android.server.wifi.HwWifiServiceFactoryImpl@cec4eea
01-17 01:17:33.674  4139  4169 I NcDft_WifiEwpInfoComponent: networkIsEquals: true
01-17 01:17:33.674  1881 13974 V HwWifiServiceFactory: get AllImpl object = com.android.server.wifi.HwWifiServiceFactoryImpl@cec4eea
01-17 01:17:33.675  4687  5054 I MonitorBroadcastReceiver: onReceive, action:android.net.wifi.RSSI_CHANGED
01-17 01:17:33.675  1881 13974 V HwWifiServiceFactory: get AllImpl object = com.android.server.wifi.HwWifiServiceFactoryImpl@cec4eea
01-17 01:17:33.676  4687  5054 I LooperFactory: buildLooper:MBcDeliver
01-17 01:17:33.676  1881 13974 V HwWifiServiceFactory: get AllImpl object = com.android.server.wifi.HwWifiServiceFactoryImpl@cec4eea
01-17 01:17:33.677  4623  5451 I Hicom_Monitor: notifyWifiRssiChanged, pathId:2, newRssi:-73
01-17 01:17:33.678  1881  4073 I HwConnectivityServiceEx: set 1000, metered: false, value: false
01-17 01:17:33.679  1881  4053 V HwWifiServiceFactory: get AllImpl object = com.android.server.wifi.HwWifiServiceFactoryImpl@cec4eea
01-17 01:17:33.679  4222  4445 I HwNetworkControllerImpl: onReceive: action = android.net.wifi.RSSI_CHANGED
01-17 01:17:33.680  4687  9701 I Softbus : [EnvironmentManager]: onReceive --> [android.net.wifi.RSSI_CHANGED]
01-17 01:17:33.681  1881 13974 V HwWifiServiceFactory: get AllImpl object = com.android.server.wifi.HwWifiServiceFactoryImpl@cec4eea
01-17 01:17:33.683  1881  4136 V HwWifiServiceFactory: get AllImpl object = com.android.server.wifi.HwWifiServiceFactoryImpl@cec4eea
01-17 01:17:33.683  1881  4136 I HwWifiConnectivityMonitor: signal level changed: 3 --> 2, 802.11v = true
01-17 01:17:33.683  1881  4136 I HwWifiConnectivityMonitor: Enter handleNewRssiRcvd m11vBssidSupported else
01-17 01:17:33.683  1881  4136 I HwWifiProServiceProxy: ctrlHwWifiNetwork pkgName: WIFIPRO_SERVICE interfaceId: 9
01-17 01:17:33.683  1881  4053 V HwWifiServiceFactory: get AllImpl object = com.android.server.wifi.HwWifiServiceFactoryImpl@cec4eea
01-17 01:17:33.683  4623  4901 D SarControl_Manager: network onCapabilitiesChanged
01-17 01:17:33.684  1881 13974 V HwWifiServiceFactory: get AllImpl object = com.android.server.wifi.HwWifiServiceFactoryImpl@cec4eea
01-17 01:17:33.684  1881  4137 I QosMonitor: queryRtt: rttType = 3
01-17 01:17:33.684  1881  4137 I QosMonitor: call ctrlHwWifiNetwork
01-17 01:17:33.684  1881  2074 V HwWifiServiceFactory: get AllImpl object = com.android.server.wifi.HwWifiServiceFactoryImpl@cec4eea
01-17 01:17:33.685  1881  4136 V HwWifiServiceFactory: get AllImpl object = com.android.server.wifi.HwWifiServiceFactoryImpl@cec4eea
01-17 01:17:33.685  1005  1365 I VSyncReactor: still confirming period
01-17 01:17:33.685  1881  4136 V HwWifiServiceFactory: get AllImpl object = com.android.server.wifi.HwWifiServiceFactoryImpl@cec4eea
01-17 01:17:33.685  1881  4136 V HwWifiServiceFactory: get AllImpl object = com.android.server.wifi.HwWifiServiceFactoryImpl@cec4eea
01-17 01:17:33.686  1881  2074 V HwWifiServiceFactory: get AllImpl object = com.android.server.wifi.HwWifiServiceFactoryImpl@cec4eea
01-17 01:17:33.686  1881  4137 I QosMonitor: postEventFromNative: msg=100,arg1=4,arg2=10
01-17 01:17:33.683  4687  5062 I CommonEventMonitor: onCapabilitiesChanged
01-17 01:17:33.689  1881  2074 I HwConnectivityServiceEx: set 5525, metered: false, value: false
01-17 01:17:33.689  4687  5062 E CommonEventMonitor: info: tosting[type: WIFI[], state: CONNECTED/CONNECTED, reason: (unspecified), extra: ***, failover: false, available: true, roaming: false]
01-17 01:17:33.690  4687  5062 I CommonEventMonitor: hasNetworkState:num:1, type:9,false
01-17 01:17:33.690  4687  5062 I CommonEventMonitor: isWifiConnected = trueisEthernetConnected = false
01-17 01:17:33.690  4687  5062 I SoftBusComm: [JNIWifiState] recv WifiState:4
01-17 01:17:33.690  4687  5062 I SoftBusLnn: wifi state change wifiState = 0
01-17 01:17:33.690  4687  5062 I SoftBusLnn: get LocalIp =3.37
01-17 01:17:33.690  4687  5062 I SoftBusLnn: wifi or ap wifiConnected = 1, apEnabled = 0, beforeConnected = 1, currentConnected = 1, isValidIp = 1
01-17 01:17:33.690  4687  5062 I SoftBusLnn: WifiStateEventHandler WifiState = 0
01-17 01:17:33.690  1881  4137 I QosMonitor: resetRtt: rttType = 3
01-17 01:17:33.690  4623  4901 I SarControl_Manager: handleWifiBand, isChanged=false, wifi_band=1
01-17 01:17:33.691  1881  4137 I QosMonitor: call ctrlHwWifiNetwork
01-17 01:17:33.691  4623  4901 D SarControl_Manager: handleConnectivityAction, networkInfo is TYPE_WIFI, is_wifi_connected=1
01-17 01:17:33.691  4623  4901 I SarControl_Manager: handleConnectivityAction, isChanged =false, is_wifi_connected=1
01-17 01:17:33.691 20358 20980 I HMSFindNetworkCore_61504300_NetworkMonitor: [FindNetwork null:2] onCapabilitiesChanged, isNetworkAvailable:true
01-17 01:17:33.692  4623  4894 I OllieMsgCenter: publishEvt=2130903260
01-17 01:17:33.693  1881  2074 V HwWifiServiceFactory: get AllImpl object = com.android.server.wifi.HwWifiServiceFactoryImpl@cec4eea
01-17 01:17:33.694  1881  4136 I WiFi_PRO_WifiProStateMachine: isReachWifiScanThreshold, rssiLevel:2
01-17 01:17:33.694  1881 13974 I HwConnectivityServiceEx: set 10145, metered: false, value: false
01-17 01:17:33.694  1881  4136 I WiFi_PRO_WifiProStateMachine: isReachWifiScanThreshold, ap is week
01-17 01:17:33.694  1881  4136 I HwWifiProServiceProxy: ctrlHwWifiNetwork pkgName: WIFIPRO_SERVICE interfaceId: 9
01-17 01:17:33.695  1881 13974 V HwWifiServiceFactory: get AllImpl object = com.android.server.wifi.HwWifiServiceFactoryImpl@cec4eea
01-17 01:17:33.695  1881  2353 I HwConnectivityServiceEx: set 10029, metered: false, value: false
01-17 01:17:33.696  1881  2353 V HwWifiServiceFactory: get AllImpl object = com.android.server.wifi.HwWifiServiceFactoryImpl@cec4eea
01-17 01:17:33.696  1881  4136 I HwWifiProServiceProxy: ctrlHwWifiNetwork pkgName: WIFIPRO_SERVICE interfaceId: 9
01-17 01:17:33.697  1881  4136 V HwWifiServiceFactory: get AllImpl object = com.android.server.wifi.HwWifiServiceFactoryImpl@cec4eea
01-17 01:17:33.697  1881  4136 I WiFi_PRO_WifiProStateMachine: isReachWifiScanThreshold, rssiLevel:2
01-17 01:17:33.698  1881  4136 I WiFi_PRO_WifiProStateMachine: isReachWifiScanThreshold, ap is week
01-17 01:17:33.698  1881  4136 I WiFi_PRO_WifiProStateMachine: wifi to wifi step 0.2: request scan
01-17 01:17:33.688  4139  4162 I NcDft_WifiStatController: not need report or sync
01-17 01:17:33.701  1881  2074 V HwWifiServiceFactory: get AllImpl object = com.android.server.wifi.HwWifiServiceFactoryImpl@cec4eea
01-17 01:17:33.701  1005  1365 I VSyncPredictor: setPeriod: 16666666
01-17 01:17:33.702  1881 13974 V HwWifiServiceFactory: get AllImpl object = com.android.server.wifi.HwWifiServiceFactoryImpl@cec4eea
01-17 01:17:33.703  4623  4894 I NetworkPredictMatcher: checkIsNr netType: 6masterSlotId: 1
01-17 01:17:33.703  4623  4894 I NetworkPredictMatcher: checkIsNr netType: 6masterSlotId: 1
01-17 01:17:33.703  4623  4894 I NetworkPredictMatcher: checkIsNr netType: 6masterSlotId: 1
01-17 01:17:33.703  4623  4894 I NetworkPredictMatcher: checkIsNr netType: 6masterSlotId: 1
01-17 01:17:33.989  1881  2219 I HwAmbientLuxFilterAlgo: SceneBufferAmbientLux input error,end=30,start=-141,bufferSize=59
01-17 01:17:34.034  4623  4894 I SpeedTestNotifier: is low speed scene
01-17 01:17:34.035  4623  4894 I OllieMsgCenter: publishEvt=2135097353
01-17 01:17:34.109  1881  4052 I TrafficMonitor: update:rxPkts:0,txPkts:0,rxBytes:0,txBytes:0
01-17 01:17:34.109  1881  4052 I TrafficMonitor: gettimer:interval=2000
01-17 01:17:34.154   993 25571 D AudioPolicyService: getUidState(10004) cacheIter->second.first, return cacheIter->second.second(15)
01-17 01:17:34.156   993 17709 D AudioPolicyService: getUidState(10004) !cacheIter->second.first, return PROCESS_STATE_UNKNOWN
01-17 01:17:34.164  1881  1881 I JobScheduler: Maybe queuing ready jobs size:0,time:1768583854155
01-17 01:17:34.337  1881  2219 I HwAmbientLuxFilterAlgo: SceneBufferAmbientLux input error,end=30,start=-141,bufferSize=59
01-17 01:17:34.456  4623 30651 D HwCommBoosterService: reportBoosterPara enter
01-17 01:17:34.456  4623 30651 D HwCommBoosterManager: reportBoosterPara enter
01-17 01:17:34.456  4623 30651 D HwCommBoosterManager: pluginId: 2
01-17 01:17:34.457  4623  4894 D HwCommBoosterManager: handleBoosterMessageSendModuleDataToPlugin enter
01-17 01:17:34.657  4623  6727 I Booster_Qoe: Ada,index:8,NisPsSlow:0,NProba:334,rsrp(rssi):-73,rsrq(noise):-87,rtt(chload):54,BFH(uldelay):0,BFC(rtt):0 Real:0,0,0,0,0
01-17 01:17:34.657  4623  6727 I Booster_Qoe: Ada,index:2,NisPsSlow:0,NProba:334,rsrp(rssi):-73,rsrq(noise):-87,rtt(chload):54,BFH(uldelay):0,BFC(rtt):0 Real:0,0,0,0,0
01-17 01:17:34.659  4623  4894 E Booster_BroadcastProxy: [isDebugModemEnabled]get package info fail.
01-17 01:17:34.661  1881  4136 I WiFi_PRO_WifiProStateMachine: APP_SERVICE_QOE_NOTIFY Qoe info 10276,4,0,334,1,2,4,0,334,117000,195000,10,10,0,0,0,0 CID 2 mMasterWifiRssi -73 mMasterCardAmbr 1073000 mSlaveCardAmbr 1048576
01-17 01:17:34.662  1881  4136 V HwWifiServiceFactory: get AllImpl object = com.android.server.wifi.HwWifiServiceFactoryImpl@cec4eea
01-17 01:17:34.662  1881  4136 I HwWifiProServiceProxy: ctrlHwWifiNetwork pkgName: WIFIPRO_SERVICE interfaceId: 9
01-17 01:17:34.663  1881  4136 I WiFi_PRO_WifiProStateMachine: isWifi2WifiProcess = false, mIsNeedIgnoreQoeUpdate = false, mIsAppInBlacklist = false, mIsAppInBlacklistFullScreen = false, mIsWiFiNoInternet false, screen on = true, full screen = false, isLandscapeMode = false, mNotifyWifiLinkPoorReason = -1
01-17 01:17:34.663  1881  4136 I WiFi_PRO_WifiProStateMachine: mChannelQoeBadCnt = 0, mAppQoeBadCnt = 0, mNetworkSlowReason = 0, mNetworkSlowChannelBadCnt = 0
01-17 01:17:34.663  1881  4136 V HwWifiServiceFactory: get AllImpl object = com.android.server.wifi.HwWifiServiceFactoryImpl@cec4eea
01-17 01:17:34.663  1881  4136 I WiFi_PRO_WifiProStateMachine: Wifi Signal Bad
01-17 01:17:34.663  1881  4136 I WiFi_PRO_WifiProStateMachine: getQoeBadReason, economic user app qoe bad 9 time, not handle
01-17 01:17:34.682  4687  9701 I LooperFactory: releaseLooper:MBcDeliver, other:[]
01-17 01:17:34.687  1881  2219 I HwAmbientLuxFilterAlgo: SceneBufferAmbientLux input error,end=30,start=-141,bufferSize=59
01-17 01:17:34.695 31214 31228 I bms_behavior: runState = 1, cvStatus = 1 
01-17 01:17:34.698 31214 31228 E bms_file: file /sys/class/hw_power/charger/direct_charge_turbo/turbo_charge_status is invalid
01-17 01:17:34.699 31214 31228 E bms_file: file /sys/class/hw_power/charger/direct_charger_sc4/direct_charge_succ is invalid
01-17 01:17:34.718 31214 31228 E bms_file: file /sys/class/hw_power/charger/direct_charger_sc4/direct_charge_succ is invalid
01-17 01:17:34.724 31214 31228 E bms_file: file /sys/class/hw_power/bat_heating/heat_up is invalid
01-17 01:17:34.728 31214 31228 E bms_file: file /sys/class/hw_power/charger/direct_charger_sc4/direct_charge_succ is invalid
01-17 01:17:34.741 31214 31228 E bms_file: file /sys/class/hw_power/charger/direct_charger_sc4/direct_charge_succ is invalid
01-17 01:17:34.741  1881 13974 I HwConnectivityServiceEx: set 10029, metered: false, value: false
01-17 01:17:34.742 31214 31228 E bms_file: file /sys/class/hw_power/charger/direct_charger_sc4/direct_charge_succ is invalid
01-17 01:17:34.742 31214 31228 I bms_behavior: monitor interval count 493, name: Battery
01-17 01:17:34.749  1881 13974 V HwWifiServiceFactory: get AllImpl object = com.android.server.wifi.HwWifiServiceFactoryImpl@cec4eea
01-17 01:17:34.750  1881 13974 D WifiEnhanceManagerUtil: call reportChrEnhanceEvent
01-17 01:17:34.750  1881 13974 I HwWifiChrEnhanceService: reportChrEnhanceEvent 909001021
01-17 01:17:34.750  1881 13974 I HwWifiScanChr: updateChrCount, appName:com.huawei.appmarket, key:serviceLimit
01-17 01:17:34.751  1881 13974 V HwWifiServiceFactory: get AllImpl object = com.android.server.wifi.HwWifiServiceFactoryImpl@cec4eea
01-17 01:17:34.896  1881 13974 V HwWifiServiceFactory: get AllImpl object = com.android.server.wifi.HwWifiServiceFactoryImpl@cec4eea
01-17 01:17:34.896  1881 13974 D WifiEnhanceManagerUtil: call reportChrEnhanceEvent
01-17 01:17:34.897  1881 13974 I HwWifiChrEnhanceService: reportChrEnhanceEvent 909001021
01-17 01:17:34.897  1881 13974 I HwWifiScanChr: updateChrCount, appName:com.huawei.appmarket, key:serviceLimit
01-17 01:17:34.898  1881 13974 V HwWifiServiceFactory: get AllImpl object = com.android.server.wifi.HwWifiServiceFactoryImpl@cec4eea
01-17 01:17:34.905  1881 13974 V HwWifiServiceFactory: get AllImpl object = com.android.server.wifi.HwWifiServiceFactoryImpl@cec4eea
01-17 01:17:34.905  1881 13974 D WifiEnhanceManagerUtil: call reportChrEnhanceEvent
01-17 01:17:34.906  1881 13974 I HwWifiChrEnhanceService: reportChrEnhanceEvent 909001021
01-17 01:17:34.906  1881 13974 I HwWifiScanChr: updateChrCount, appName:com.huawei.appmarket, key:serviceLimit
01-17 01:17:34.907  1881 13974 V HwWifiServiceFactory: get AllImpl object = com.android.server.wifi.HwWifiServiceFactoryImpl@cec4eea
01-17 01:17:34.912  1881 13974 V HwWifiServiceFactory: get AllImpl object = com.android.server.wifi.HwWifiServiceFactoryImpl@cec4eea
01-17 01:17:34.913  1881 13974 D WifiEnhanceManagerUtil: call reportChrEnhanceEvent
01-17 01:17:34.913  1881 13974 I HwWifiChrEnhanceService: reportChrEnhanceEvent 909001021
01-17 01:17:34.913  1881 13974 I HwWifiScanChr: updateChrCount, appName:com.huawei.appmarket, key:serviceLimit
01-17 01:17:34.914  1881 13974 V HwWifiServiceFactory: get AllImpl object = com.android.server.wifi.HwWifiServiceFactoryImpl@cec4eea
01-17 01:17:34.919  1881 13974 V HwWifiServiceFactory: get AllImpl object = com.android.server.wifi.HwWifiServiceFactoryImpl@cec4eea
01-17 01:17:34.919  1881 13974 D WifiEnhanceManagerUtil: call reportChrEnhanceEvent
01-17 01:17:34.919  1881 13974 I HwWifiChrEnhanceService: reportChrEnhanceEvent 909001021
01-17 01:17:34.919  1881 13974 I HwWifiScanChr: updateChrCount, appName:com.huawei.appmarket, key:serviceLimit
01-17 01:17:34.920  1881 13974 V HwWifiServiceFactory: get AllImpl object = com.android.server.wifi.HwWifiServiceFactoryImpl@cec4eea
01-17 01:17:35.038  1881  2219 I HwAmbientLuxFilterAlgo: SceneBufferAmbientLux input error,end=30,start=-141,bufferSize=59
01-17 01:17:35.197  4565  5327 I ash_dd  : com.huawei.hiai not ctrl when screen on, delay to D!
01-17 01:17:35.388  1881  2219 I HwAmbientLuxFilterAlgo: SceneBufferAmbientLux input error,end=30,start=-141,bufferSize=59
01-17 01:17:35.430  4779  5178 W DistributedDB: [ae69b772af5d71e, 75bc09, 0] [SqlSinResSet][MoveTo] Empty ResultSet.
01-17 01:17:35.458  4623 30651 D HwCommBoosterService: reportBoosterPara enter
01-17 01:17:35.458  4623 30651 D HwCommBoosterManager: reportBoosterPara enter
01-17 01:17:35.458  4623 30651 D HwCommBoosterManager: pluginId: 2
01-17 01:17:35.458  4623  4894 D HwCommBoosterManager: handleBoosterMessageSendModuleDataToPlugin enter
01-17 01:17:35.674  4623  6727 I Booster_Qoe: Ada,index:8,NisPsSlow:0,NProba:334,rsrp(rssi):-73,rsrq(noise):-87,rtt(chload):54,BFH(uldelay):0,BFC(rtt):0 Real:0,0,0,0,0
01-17 01:17:35.675  4623  6727 I Booster_Qoe: Ada,index:2,NisPsSlow:0,NProba:334,rsrp(rssi):-73,rsrq(noise):-87,rtt(chload):54,BFH(uldelay):0,BFC(rtt):0 Real:0,0,0,0,0
01-17 01:17:35.681  4623  4894 E Booster_BroadcastProxy: [isDebugModemEnabled]get package info fail.
01-17 01:17:35.683  1881  4136 I WiFi_PRO_WifiProStateMachine: APP_SERVICE_QOE_NOTIFY Qoe info 10276,4,0,334,1,2,4,0,334,117000,195000,10,10,0,0,0,0 CID 2 mMasterWifiRssi -73 mMasterCardAmbr 1073000 mSlaveCardAmbr 1048576
01-17 01:17:35.683  1881  4136 V HwWifiServiceFactory: get AllImpl object = com.android.server.wifi.HwWifiServiceFactoryImpl@cec4eea
01-17 01:17:35.684  1881  4136 I HwWifiProServiceProxy: ctrlHwWifiNetwork pkgName: WIFIPRO_SERVICE interfaceId: 9
01-17 01:17:35.684  1881  4136 I WiFi_PRO_WifiProStateMachine: isWifi2WifiProcess = false, mIsNeedIgnoreQoeUpdate = false, mIsAppInBlacklist = false, mIsAppInBlacklistFullScreen = false, mIsWiFiNoInternet false, screen on = true, full screen = false, isLandscapeMode = false, mNotifyWifiLinkPoorReason = -1
01-17 01:17:35.684  1881  4136 I WiFi_PRO_WifiProStateMachine: mChannelQoeBadCnt = 0, mAppQoeBadCnt = 0, mNetworkSlowReason = 0, mNetworkSlowChannelBadCnt = 0
01-17 01:17:35.684  1881  4136 V HwWifiServiceFactory: get AllImpl object = com.android.server.wifi.HwWifiServiceFactoryImpl@cec4eea
01-17 01:17:35.685  1881  4136 I WiFi_PRO_WifiProStateMachine: Wifi Signal Bad
01-17 01:17:35.685  1881  4136 I WiFi_PRO_WifiProStateMachine: getQoeBadReason, economic user app qoe bad 9 time, not handle
01-17 01:17:35.737  1881  2219 I HwAmbientLuxFilterAlgo: SceneBufferAmbientLux input error,end=30,start=-141,bufferSize=59
01-17 01:17:35.912 31209 31209 E bms_property: get property vendor.soc_ctrl_mmi_stop fail
01-17 01:17:35.912 31209 31209 E bms_property: get property vendor.soc_ctrl_cust fail
01-17 01:17:35.912 31209 31209 E bms_property: get property vendor.soc_ctrl_demo fail
01-17 01:17:36.035  4623  4894 I OllieMsgCenter: publishEvt=2135097353
01-17 01:17:36.088  1881  2219 I HwAmbientLuxFilterAlgo: SceneBufferAmbientLux input error,end=30,start=-141,bufferSize=59
01-17 01:17:36.113  1881  4052 I TrafficMonitor: update:rxPkts:0,txPkts:0,rxBytes:0,txBytes:0
01-17 01:17:36.114  1881  4052 I TrafficMonitor: gettimer:interval=2000
01-17 01:17:36.376 23699 23792 D bt_btm  : btm_ble_process_ext_adv_pkt: HwBtmBleProcessAdv 5d:54:**:**:**:c8
01-17 01:17:36.376 23699 23792 D bt_btm  : btm_identity_addr_to_random_pseudo
01-17 01:17:36.376 23699 23792 D bt_btm  : btm_ble_process_adv_addr: bda=5d:54:**:**:**:c8
01-17 01:17:36.376 23699 23792 D bt_btm  : btm_ble_resolve_random_addr
