--------- beginning of system
01-17 01:12:57.762  4623 25264 D HwCommBoosterManager: reportBoosterPara enter
01-17 01:12:57.762  4623 25264 D HwCommBoosterManager: pluginId: 2
01-17 01:12:57.762  4623  4894 D HwCommBoosterManager: handleBoosterMessageSendModuleDataToPlugin enter
01-17 01:12:58.023  1881  4358 E DiscreteRegistry: Deleting file 1768496403544tl
01-17 01:12:58.023  1881  4358 E DiscreteRegistry: Deleting file 1768496413646tl
01-17 01:12:58.024  1881  4358 E DiscreteRegistry: Deleting file 1768496786172tl
01-17 01:12:58.178  4623  4894 E Booster_BroadcastProxy: [isDebugModemEnabled]get package info fail.
01-17 01:12:58.764  4623 25264 D HwCommBoosterService: reportBoosterPara enter
01-17 01:12:58.765  4623 25264 D HwCommBoosterManager: reportBoosterPara enter
01-17 01:12:58.765  4623 25264 D HwCommBoosterManager: pluginId: 2
01-17 01:12:58.765  4623  4894 D HwCommBoosterManager: handleBoosterMessageSendModuleDataToPlugin enter
01-17 01:12:59.196  4623  4894 E Booster_BroadcastProxy: [isDebugModemEnabled]get package info fail.
01-17 01:12:59.768  4623  4664 D HwCommBoosterService: reportBoosterPara enter
01-17 01:12:59.768  4623  4664 D HwCommBoosterManager: reportBoosterPara enter
01-17 01:12:59.768  4623  4664 D HwCommBoosterManager: pluginId: 2
01-17 01:12:59.769  4623  4894 D HwCommBoosterManager: handleBoosterMessageSendModuleDataToPlugin enter
01-17 01:13:00.001  1881  2382 I AlarmManager: set(listener: 93ff3ff) : type=3 triggerAtTime=82943069 win=0 tElapsed=82943069 maxElapsed=82943069 interval=0 flags=0x9 at=+60000ms uid=1000 count=45 callingClass=com.android.server.alarm.AlarmManagerService$AlarmThread.run:4857 
01-17 01:13:00.226  4623  4894 E Booster_BroadcastProxy: [isDebugModemEnabled]get package info fail.
01-17 01:13:00.769  4623  4664 D HwCommBoosterService: reportBoosterPara enter
01-17 01:13:00.769  4623  4664 D HwCommBoosterManager: reportBoosterPara enter
01-17 01:13:00.769  4623  4664 D HwCommBoosterManager: pluginId: 2
01-17 01:13:00.770  4623  4894 D HwCommBoosterManager: handleBoosterMessageSendModuleDataToPlugin enter
01-17 01:13:01.240  4623  4894 E Booster_BroadcastProxy: [isDebugModemEnabled]get package info fail.
01-17 01:13:01.772  4623  4664 D HwCommBoosterService: reportBoosterPara enter
01-17 01:13:01.772  4623  4664 D HwCommBoosterManager: reportBoosterPara enter
01-17 01:13:01.772  4623  4664 D HwCommBoosterManager: pluginId: 2
01-17 01:13:01.772  4623  4894 D HwCommBoosterManager: handleBoosterMessageSendModuleDataToPlugin enter
01-17 01:13:01.929  1881  2401 I BatteryService: Processing new values: info={.chargerAcOnline = false, .chargerUsbOnline = true, .chargerWirelessOnline = false, .maxChargingCurrent = 2000000, .maxChargingVoltage = 4645000, .batteryStatus = CHARGING, .batteryHealth = GOOD, .batteryPresent = true, .batteryLevel = 67, .batteryVoltage = 4170, .batteryTemperature = 310, .batteryCurrent = 1010, .batteryCycleCount = 8, .batteryFullCharge = 3627, .batteryChargeCounter = 697000, .batteryTechnology = Li-poly}, mBatteryLevelCritical=false, mPlugType=2, batteryStatus=2
01-17 01:13:01.930  1881  2401 E BatteryService: no autopoweroff in settings
01-17 01:13:02.275  4623  4894 E Booster_BroadcastProxy: [isDebugModemEnabled]get package info fail.
01-17 01:13:02.774  4623  4664 D HwCommBoosterService: reportBoosterPara enter
01-17 01:13:02.774  4623  4664 D HwCommBoosterManager: reportBoosterPara enter
01-17 01:13:02.774  4623  4664 D HwCommBoosterManager: pluginId: 2
01-17 01:13:02.774  4623  4894 D HwCommBoosterManager: handleBoosterMessageSendModuleDataToPlugin enter
01-17 01:13:03.289  4623  4894 E Booster_BroadcastProxy: [isDebugModemEnabled]get package info fail.
01-17 01:13:03.776  4623  4664 D HwCommBoosterService: reportBoosterPara enter
01-17 01:13:03.776  4623  4664 D HwCommBoosterManager: reportBoosterPara enter
01-17 01:13:03.776  4623  4664 D HwCommBoosterManager: pluginId: 2
01-17 01:13:03.777  4623  4894 D HwCommBoosterManager: handleBoosterMessageSendModuleDataToPlugin enter
01-17 01:13:04.323  4623  4894 E Booster_BroadcastProxy: [isDebugModemEnabled]get package info fail.
01-17 01:13:04.779  4623  4664 D HwCommBoosterService: reportBoosterPara enter
01-17 01:13:04.779  4623  4664 D HwCommBoosterManager: reportBoosterPara enter
01-17 01:13:04.779  4623  4664 D HwCommBoosterManager: pluginId: 2
01-17 01:13:04.780  4623  4894 D HwCommBoosterManager: handleBoosterMessageSendModuleDataToPlugin enter
01-17 01:13:05.339  4623  4894 E Booster_BroadcastProxy: [isDebugModemEnabled]get package info fail.
01-17 01:13:05.782  4623  4664 D HwCommBoosterService: reportBoosterPara enter
01-17 01:13:05.782  4623  4664 D HwCommBoosterManager: reportBoosterPara enter
01-17 01:13:05.782  4623  4664 D HwCommBoosterManager: pluginId: 2
01-17 01:13:05.782  4623  4894 D HwCommBoosterManager: handleBoosterMessageSendModuleDataToPlugin enter
01-17 01:13:06.367  4623  4894 E Booster_BroadcastProxy: [isDebugModemEnabled]get package info fail.
01-17 01:13:06.785  4623  4664 D HwCommBoosterService: reportBoosterPara enter
01-17 01:13:06.785  4623  4664 D HwCommBoosterManager: reportBoosterPara enter
01-17 01:13:06.785  4623  4664 D HwCommBoosterManager: pluginId: 2
01-17 01:13:06.786  4623  4894 D HwCommBoosterManager: handleBoosterMessageSendModuleDataToPlugin enter
01-17 01:13:07.385  4623  4894 E Booster_BroadcastProxy: [isDebugModemEnabled]get package info fail.
01-17 01:13:07.637  1881  2219 I HwAmbientLuxFilterAlgo: SceneBufferAmbientLux input error,end=30,start=-1,bufferSize=59
01-17 01:13:07.788  4623  4664 D HwCommBoosterService: reportBoosterPara enter
01-17 01:13:07.788  4623  4664 D HwCommBoosterManager: reportBoosterPara enter
01-17 01:13:07.788  4623  4664 D HwCommBoosterManager: pluginId: 2
01-17 01:13:07.788  4623  4894 D HwCommBoosterManager: handleBoosterMessageSendModuleDataToPlugin enter
01-17 01:13:07.989  1881  2219 I HwAmbientLuxFilterAlgo: SceneBufferAmbientLux input error,end=30,start=-2,bufferSize=59
01-17 01:13:08.338  1881  2219 I HwAmbientLuxFilterAlgo: SceneBufferAmbientLux input error,end=30,start=-3,bufferSize=59
01-17 01:13:08.418  4623  4894 E Booster_BroadcastProxy: [isDebugModemEnabled]get package info fail.
01-17 01:13:08.688  1881  2219 I HwAmbientLuxFilterAlgo: SceneBufferAmbientLux input error,end=30,start=-4,bufferSize=59
01-17 01:13:08.791  4623  4664 D HwCommBoosterService: reportBoosterPara enter
01-17 01:13:08.791  4623  4664 D HwCommBoosterManager: reportBoosterPara enter
01-17 01:13:08.791  4623  4664 D HwCommBoosterManager: pluginId: 2
01-17 01:13:08.792  4623  4894 D HwCommBoosterManager: handleBoosterMessageSendModuleDataToPlugin enter
01-17 01:13:09.038  1881  2219 I HwAmbientLuxFilterAlgo: SceneBufferAmbientLux input error,end=30,start=-5,bufferSize=59
01-17 01:13:09.388  1881  2219 I HwAmbientLuxFilterAlgo: SceneBufferAmbientLux input error,end=30,start=-6,bufferSize=59
01-17 01:13:09.433  4623  4894 E Booster_BroadcastProxy: [isDebugModemEnabled]get package info fail.
01-17 01:13:09.738  1881  2219 I HwAmbientLuxFilterAlgo: SceneBufferAmbientLux input error,end=30,start=-7,bufferSize=59
01-17 01:13:09.794  4623  4664 D HwCommBoosterService: reportBoosterPara enter
01-17 01:13:09.794  4623  4664 D HwCommBoosterManager: reportBoosterPara enter
01-17 01:13:09.794  4623  4664 D HwCommBoosterManager: pluginId: 2
01-17 01:13:09.794  4623  4894 D HwCommBoosterManager: handleBoosterMessageSendModuleDataToPlugin enter
01-17 01:13:10.088  1881  2219 I HwAmbientLuxFilterAlgo: SceneBufferAmbientLux input error,end=30,start=-8,bufferSize=59
01-17 01:13:10.437  1881  2219 I HwAmbientLuxFilterAlgo: SceneBufferAmbientLux input error,end=30,start=-9,bufferSize=59
01-17 01:13:10.467  4623  4894 E Booster_BroadcastProxy: [isDebugModemEnabled]get package info fail.
01-17 01:13:10.789  1881  2219 I HwAmbientLuxFilterAlgo: SceneBufferAmbientLux input error,end=30,start=-10,bufferSize=59
01-17 01:13:10.796  4623  4664 D HwCommBoosterService: reportBoosterPara enter
01-17 01:13:10.796  4623  4664 D HwCommBoosterManager: reportBoosterPara enter
01-17 01:13:10.796  4623  4664 D HwCommBoosterManager: pluginId: 2
01-17 01:13:10.797  4623  4894 D HwCommBoosterManager: handleBoosterMessageSendModuleDataToPlugin enter
01-17 01:13:11.138  1881  2219 I HwAmbientLuxFilterAlgo: SceneBufferAmbientLux input error,end=30,start=-11,bufferSize=59
01-17 01:13:11.480  4623  4894 E Booster_BroadcastProxy: [isDebugModemEnabled]get package info fail.
01-17 01:13:11.487  1881  2219 I HwAmbientLuxFilterAlgo: SceneBufferAmbientLux input error,end=30,start=-12,bufferSize=59
01-17 01:13:11.798  4623  4664 D HwCommBoosterService: reportBoosterPara enter
01-17 01:13:11.798  4623  4664 D HwCommBoosterManager: reportBoosterPara enter
01-17 01:13:11.798  4623  4664 D HwCommBoosterManager: pluginId: 2
01-17 01:13:11.799  4623  4894 D HwCommBoosterManager: handleBoosterMessageSendModuleDataToPlugin enter
01-17 01:13:11.838  1881  2219 I HwAmbientLuxFilterAlgo: SceneBufferAmbientLux input error,end=30,start=-13,bufferSize=59
01-17 01:13:12.188  1881  2219 I HwAmbientLuxFilterAlgo: SceneBufferAmbientLux input error,end=30,start=-14,bufferSize=59
01-17 01:13:12.232  1881 11596 I UsageStatsService: User[0] Results: 1
01-17 01:13:12.516  4623  4894 E Booster_BroadcastProxy: [isDebugModemEnabled]get package info fail.
01-17 01:13:12.538  1881  2219 I HwAmbientLuxFilterAlgo: SceneBufferAmbientLux input error,end=30,start=-15,bufferSize=59
01-17 01:13:12.801  4623  4664 D HwCommBoosterService: reportBoosterPara enter
01-17 01:13:12.801  4623  4664 D HwCommBoosterManager: reportBoosterPara enter
01-17 01:13:12.801  4623  4664 D HwCommBoosterManager: pluginId: 2
01-17 01:13:12.802  4623  4894 D HwCommBoosterManager: handleBoosterMessageSendModuleDataToPlugin enter
01-17 01:13:12.887  1881  2219 I HwAmbientLuxFilterAlgo: SceneBufferAmbientLux input error,end=30,start=-16,bufferSize=59
01-17 01:13:13.238  1881  2219 I HwAmbientLuxFilterAlgo: SceneBufferAmbientLux input error,end=30,start=-17,bufferSize=59
01-17 01:13:13.533  4623  4894 E Booster_BroadcastProxy: [isDebugModemEnabled]get package info fail.
01-17 01:13:13.589  1881  2219 I HwAmbientLuxFilterAlgo: SceneBufferAmbientLux input error,end=30,start=-18,bufferSize=59
01-17 01:13:13.724  1881 23015 I PowerManagerService: setPowerHidlValue scene: batt_status, value: 0
01-17 01:13:13.729  1881 23015 I PowerManagerService: setPowerHidlValue ret: 1
01-17 01:13:13.735  1881 23015 I PowerManagerService: getPowerHidlValue scene: vbat
01-17 01:13:13.740  1881 23015 I PowerManagerService: nativeRtGetPowerHidlValue: 4182684
01-17 01:13:13.743  1881 23015 I PowerManagerService: getPowerHidlValue scene: charger_type
01-17 01:13:13.747  1881 23015 I PowerManagerService: nativeRtGetPowerHidlValue: 9
01-17 01:13:13.750  1881 23015 I PowerManagerService: getPowerHidlValue scene: vbat
01-17 01:13:13.754  1881 23015 I PowerManagerService: nativeRtGetPowerHidlValue: 4182684
01-17 01:13:13.803  4623  4664 D HwCommBoosterService: reportBoosterPara enter
01-17 01:13:13.803  4623  4664 D HwCommBoosterManager: reportBoosterPara enter
01-17 01:13:13.803  4623  4664 D HwCommBoosterManager: pluginId: 2
01-17 01:13:13.804  4623  4894 D HwCommBoosterManager: handleBoosterMessageSendModuleDataToPlugin enter
01-17 01:13:13.939  1881  2219 I HwAmbientLuxFilterAlgo: SceneBufferAmbientLux input error,end=30,start=-19,bufferSize=59
01-17 01:13:14.289  1881  2219 I HwAmbientLuxFilterAlgo: SceneBufferAmbientLux input error,end=30,start=-20,bufferSize=59
01-17 01:13:14.562  4623  4894 E Booster_BroadcastProxy: [isDebugModemEnabled]get package info fail.
01-17 01:13:14.637  1881  2219 I HwAmbientLuxFilterAlgo: SceneBufferAmbientLux input error,end=30,start=-21,bufferSize=59
01-17 01:13:14.805  4623 25264 D HwCommBoosterService: reportBoosterPara enter
01-17 01:13:14.805  4623 25264 D HwCommBoosterManager: reportBoosterPara enter
01-17 01:13:14.805  4623 25264 D HwCommBoosterManager: pluginId: 2
01-17 01:13:14.806  4623  4894 D HwCommBoosterManager: handleBoosterMessageSendModuleDataToPlugin enter
01-17 01:13:14.989  1881  2219 I HwAmbientLuxFilterAlgo: SceneBufferAmbientLux input error,end=30,start=-22,bufferSize=59
01-17 01:13:15.337  1881  2219 I HwAmbientLuxFilterAlgo: SceneBufferAmbientLux input error,end=30,start=-23,bufferSize=59
01-17 01:13:15.577  4623  4894 E Booster_BroadcastProxy: [isDebugModemEnabled]get package info fail.
01-17 01:13:15.687  1881  2219 I HwAmbientLuxFilterAlgo: SceneBufferAmbientLux input error,end=30,start=-24,bufferSize=59
01-17 01:13:15.808  4623 25264 D HwCommBoosterService: reportBoosterPara enter
01-17 01:13:15.808  4623 25264 D HwCommBoosterManager: reportBoosterPara enter
01-17 01:13:15.808  4623 25264 D HwCommBoosterManager: pluginId: 2
01-17 01:13:15.808  4623  4894 D HwCommBoosterManager: handleBoosterMessageSendModuleDataToPlugin enter
01-17 01:13:16.038  1881  2219 I HwAmbientLuxFilterAlgo: SceneBufferAmbientLux input error,end=30,start=-25,bufferSize=59
01-17 01:13:16.388  1881  2219 I HwAmbientLuxFilterAlgo: SceneBufferAmbientLux input error,end=30,start=-26,bufferSize=59
01-17 01:13:16.611  4623  4894 E Booster_BroadcastProxy: [isDebugModemEnabled]get package info fail.
01-17 01:13:16.737  1881  2219 I HwAmbientLuxFilterAlgo: SceneBufferAmbientLux input error,end=30,start=-27,bufferSize=59
01-17 01:13:16.810  4623 25264 D HwCommBoosterService: reportBoosterPara enter
01-17 01:13:16.810  4623 25264 D HwCommBoosterManager: reportBoosterPara enter
01-17 01:13:16.810  4623 25264 D HwCommBoosterManager: pluginId: 2
01-17 01:13:16.810  4623  4894 D HwCommBoosterManager: handleBoosterMessageSendModuleDataToPlugin enter
01-17 01:13:17.088  1881  2219 I HwAmbientLuxFilterAlgo: SceneBufferAmbientLux input error,end=30,start=-28,bufferSize=59
01-17 01:13:17.437  1881  2219 I HwAmbientLuxFilterAlgo: SceneBufferAmbientLux input error,end=30,start=-29,bufferSize=59
01-17 01:13:17.629  4623  4894 E Booster_BroadcastProxy: [isDebugModemEnabled]get package info fail.
01-17 01:13:17.788  1881  2219 I HwAmbientLuxFilterAlgo: SceneBufferAmbientLux input error,end=30,start=-30,bufferSize=59
01-17 01:13:17.812  4623 25264 D HwCommBoosterService: reportBoosterPara enter
01-17 01:13:17.812  4623 25264 D HwCommBoosterManager: reportBoosterPara enter
01-17 01:13:17.812  4623 25264 D HwCommBoosterManager: pluginId: 2
01-17 01:13:17.812  4623  4894 D HwCommBoosterManager: handleBoosterMessageSendModuleDataToPlugin enter
01-17 01:13:18.138  1881  2219 I HwAmbientLuxFilterAlgo: SceneBufferAmbientLux input error,end=30,start=-31,bufferSize=59
01-17 01:13:18.487  1881  2219 I HwAmbientLuxFilterAlgo: SceneBufferAmbientLux input error,end=30,start=-32,bufferSize=59
01-17 01:13:18.659  4623  4894 E Booster_BroadcastProxy: [isDebugModemEnabled]get package info fail.
01-17 01:13:18.815  4623 25264 D HwCommBoosterService: reportBoosterPara enter
01-17 01:13:18.815  4623 25264 D HwCommBoosterManager: reportBoosterPara enter
01-17 01:13:18.815  4623 25264 D HwCommBoosterManager: pluginId: 2
01-17 01:13:18.815  4623  4894 D HwCommBoosterManager: handleBoosterMessageSendModuleDataToPlugin enter
01-17 01:13:18.838  1881  2219 I HwAmbientLuxFilterAlgo: SceneBufferAmbientLux input error,end=30,start=-33,bufferSize=59
01-17 01:13:19.188  1881  2219 I HwAmbientLuxFilterAlgo: SceneBufferAmbientLux input error,end=30,start=-34,bufferSize=59
01-17 01:13:19.539  1881  2219 I HwAmbientLuxFilterAlgo: SceneBufferAmbientLux input error,end=30,start=-35,bufferSize=59
01-17 01:13:19.677  4623  4894 E Booster_BroadcastProxy: [isDebugModemEnabled]get package info fail.
01-17 01:13:19.817  4623 25264 D HwCommBoosterService: reportBoosterPara enter
01-17 01:13:19.817  4623 25264 D HwCommBoosterManager: reportBoosterPara enter
01-17 01:13:19.818  4623 25264 D HwCommBoosterManager: pluginId: 2
01-17 01:13:19.818  4623  4894 D HwCommBoosterManager: handleBoosterMessageSendModuleDataToPlugin enter
01-17 01:13:19.888  1881  2219 I HwAmbientLuxFilterAlgo: SceneBufferAmbientLux input error,end=30,start=-36,bufferSize=59
01-17 01:13:20.238  1881  2219 I HwAmbientLuxFilterAlgo: SceneBufferAmbientLux input error,end=30,start=-37,bufferSize=59
01-17 01:13:20.587  1881  2219 I HwAmbientLuxFilterAlgo: SceneBufferAmbientLux input error,end=30,start=-38,bufferSize=59
01-17 01:13:20.710  4623  4894 E Booster_BroadcastProxy: [isDebugModemEnabled]get package info fail.
01-17 01:13:20.820  4623 25264 D HwCommBoosterService: reportBoosterPara enter
01-17 01:13:20.820  4623 25264 D HwCommBoosterManager: reportBoosterPara enter
01-17 01:13:20.820  4623 25264 D HwCommBoosterManager: pluginId: 2
01-17 01:13:20.820  4623  4894 D HwCommBoosterManager: handleBoosterMessageSendModuleDataToPlugin enter
01-17 01:13:20.938  1881  2219 I HwAmbientLuxFilterAlgo: SceneBufferAmbientLux input error,end=30,start=-39,bufferSize=59
01-17 01:13:21.288  1881  2219 I HwAmbientLuxFilterAlgo: SceneBufferAmbientLux input error,end=30,start=-40,bufferSize=59
01-17 01:13:21.638  1881  2219 I HwAmbientLuxFilterAlgo: SceneBufferAmbientLux input error,end=30,start=-41,bufferSize=59
01-17 01:13:21.724  4623  4894 E Booster_BroadcastProxy: [isDebugModemEnabled]get package info fail.
01-17 01:13:21.822  4623 25264 D HwCommBoosterService: reportBoosterPara enter
01-17 01:13:21.822  4623 25264 D HwCommBoosterManager: reportBoosterPara enter
01-17 01:13:21.822  4623 25264 D HwCommBoosterManager: pluginId: 2
01-17 01:13:21.822  4623  4894 D HwCommBoosterManager: handleBoosterMessageSendModuleDataToPlugin enter
01-17 01:13:21.987  1881  2219 I HwAmbientLuxFilterAlgo: SceneBufferAmbientLux input error,end=30,start=-42,bufferSize=59
01-17 01:13:22.339  1881  2219 I HwAmbientLuxFilterAlgo: SceneBufferAmbientLux input error,end=30,start=-43,bufferSize=59
01-17 01:13:22.688  1881  2219 I HwAmbientLuxFilterAlgo: SceneBufferAmbientLux input error,end=30,start=-44,bufferSize=59
01-17 01:13:22.755  4623  4894 E Booster_BroadcastProxy: [isDebugModemEnabled]get package info fail.
01-17 01:13:22.824  4623 25264 D HwCommBoosterService: reportBoosterPara enter
01-17 01:13:22.824  4623 25264 D HwCommBoosterManager: reportBoosterPara enter
01-17 01:13:22.824  4623 25264 D HwCommBoosterManager: pluginId: 2
01-17 01:13:22.825  4623  4894 D HwCommBoosterManager: handleBoosterMessageSendModuleDataToPlugin enter
01-17 01:13:23.038  1881  2219 I HwAmbientLuxFilterAlgo: SceneBufferAmbientLux input error,end=30,start=-45,bufferSize=59
01-17 01:13:23.388  1881  2219 I HwAmbientLuxFilterAlgo: SceneBufferAmbientLux input error,end=30,start=-46,bufferSize=59
01-17 01:13:23.737  1881  2219 I HwAmbientLuxFilterAlgo: SceneBufferAmbientLux input error,end=30,start=-47,bufferSize=59
01-17 01:13:23.769  4623  4894 E Booster_BroadcastProxy: [isDebugModemEnabled]get package info fail.
01-17 01:13:23.827  4623  4664 D HwCommBoosterService: reportBoosterPara enter
01-17 01:13:23.827  4623  4664 D HwCommBoosterManager: reportBoosterPara enter
01-17 01:13:23.827  4623  4664 D HwCommBoosterManager: pluginId: 2
01-17 01:13:23.827  4623  4894 D HwCommBoosterManager: handleBoosterMessageSendModuleDataToPlugin enter
01-17 01:13:23.961  4623  5220 E PolicyManager: setControlMode file not exists
01-17 01:13:23.963  4623  5220 E PolicyManager: setControlMode file not exists
01-17 01:13:23.965  4623  5220 E PolicyManager: setControlMode file not exists
01-17 01:13:23.967  4623  5220 E PolicyManager: setControlMode file not exists
01-17 01:13:23.968  4623  5220 E PolicyManager: setControlMode file not exists
01-17 01:13:23.970  4623  5220 E PolicyManager: setControlMode file not exists
01-17 01:13:23.972  4623  5220 E PolicyManager: setControlMode file not exists
01-17 01:13:23.974  4623  5220 E PolicyManager: setControlMode file not exists
01-17 01:13:23.975  4623  5220 E PolicyManager: setControlMode file not exists
01-17 01:13:23.977  4623  5220 E PolicyManager: setControlMode file not exists
01-17 01:13:23.979  4623  5220 E PolicyManager: setControlMode file not exists
01-17 01:13:23.980  4623  5220 E PolicyManager: setControlMode file not exists
01-17 01:13:23.982  4623  5220 E PolicyManager: setControlMode file not exists
01-17 01:13:23.983  4623  5220 E PolicyManager: setControlMode file not exists
01-17 01:13:23.984  4623  5220 E PolicyManager: setControlMode file not exists
01-17 01:13:23.986  4623  5220 E PolicyManager: setControlMode file not exists
01-17 01:13:23.987  4623  5220 E PolicyManager: setControlMode file not exists
01-17 01:13:23.989  4623  5220 E PolicyManager: setControlMode file not exists
01-17 01:13:23.991  4623  5220 E PolicyManager: setControlMode file not exists
01-17 01:13:23.992  4623  5220 E PolicyManager: setControlMode file not exists
01-17 01:13:23.994  4623  5220 E PolicyManager: setControlMode file not exists
01-17 01:13:24.089  1881  2219 I HwAmbientLuxFilterAlgo: SceneBufferAmbientLux input error,end=30,start=-48,bufferSize=59
01-17 01:13:24.439  1881  2219 I HwAmbientLuxFilterAlgo: SceneBufferAmbientLux input error,end=30,start=-49,bufferSize=59
01-17 01:13:24.787  1881  2219 I HwAmbientLuxFilterAlgo: SceneBufferAmbientLux input error,end=30,start=-50,bufferSize=59
01-17 01:13:24.802  4623  4894 E Booster_BroadcastProxy: [isDebugModemEnabled]get package info fail.
01-17 01:13:24.829  4623  4664 D HwCommBoosterService: reportBoosterPara enter
01-17 01:13:24.829  4623  4664 D HwCommBoosterManager: reportBoosterPara enter
01-17 01:13:24.829  4623  4664 D HwCommBoosterManager: pluginId: 2
01-17 01:13:24.830  4623  4894 D HwCommBoosterManager: handleBoosterMessageSendModuleDataToPlugin enter
01-17 01:13:25.138  1881  2219 I HwAmbientLuxFilterAlgo: SceneBufferAmbientLux input error,end=30,start=-51,bufferSize=59
01-17 01:13:25.488  1881  2219 I HwAmbientLuxFilterAlgo: SceneBufferAmbientLux input error,end=30,start=-52,bufferSize=59
01-17 01:13:25.822  4623  4894 E Booster_BroadcastProxy: [isDebugModemEnabled]get package info fail.
01-17 01:13:25.831  4623  4664 D HwCommBoosterService: reportBoosterPara enter
01-17 01:13:25.831  4623  4664 D HwCommBoosterManager: reportBoosterPara enter
01-17 01:13:25.831  4623  4664 D HwCommBoosterManager: pluginId: 2
01-17 01:13:25.832  4623  4894 D HwCommBoosterManager: handleBoosterMessageSendModuleDataToPlugin enter
01-17 01:13:25.838  1881  2219 I HwAmbientLuxFilterAlgo: SceneBufferAmbientLux input error,end=30,start=-53,bufferSize=59
01-17 01:13:26.084  1881  2360 I HwBatteryService: power_ui state= 1 mQuickChargeStatus=1
01-17 01:13:26.084  1881  2360 I HwBatteryService: handleWirelessTxStatus
01-17 01:13:26.084  1881  2360 I HwBatteryService: switch not open, return, mWirelessTxFlag : 0
01-17 01:13:26.084  1881  2360 W HwBatteryService: need return. Invalid value: 0
01-17 01:13:26.084  1881  2360 D HwBatteryService: setHwChargeTimeRemaining, time = -1 String time: 0
01-17 01:13:26.085  1881  2360 I HwBatteryService: IS_WATCH : false
01-17 01:13:26.125  1881  2401 I BatteryService: Processing new values: info={.chargerAcOnline = false, .chargerUsbOnline = true, .chargerWirelessOnline = false, .maxChargingCurrent = 2000000, .maxChargingVoltage = 4636000, .batteryStatus = CHARGING, .batteryHealth = GOOD, .batteryPresent = true, .batteryLevel = 67, .batteryVoltage = 4185, .batteryTemperature = 310, .batteryCurrent = 1152, .batteryCycleCount = 8, .batteryFullCharge = 3627, .batteryChargeCounter = 704000, .batteryTechnology = Li-poly}, mBatteryLevelCritical=false, mPlugType=2, batteryStatus=2
01-17 01:13:26.125  1881  2401 E BatteryService: no autopoweroff in settings
01-17 01:13:26.188  1881  2219 I HwAmbientLuxFilterAlgo: SceneBufferAmbientLux input error,end=30,start=-54,bufferSize=59
01-17 01:13:26.538  1881  2219 I HwAmbientLuxFilterAlgo: SceneBufferAmbientLux input error,end=30,start=-55,bufferSize=59
01-17 01:13:26.834  4623  4664 D HwCommBoosterService: reportBoosterPara enter
01-17 01:13:26.834  4623  4664 D HwCommBoosterManager: reportBoosterPara enter
01-17 01:13:26.834  4623  4664 D HwCommBoosterManager: pluginId: 2
01-17 01:13:26.834  4623  4894 D HwCommBoosterManager: handleBoosterMessageSendModuleDataToPlugin enter
01-17 01:13:26.851  4623  4894 E Booster_BroadcastProxy: [isDebugModemEnabled]get package info fail.
01-17 01:13:26.888  1881  2219 I HwAmbientLuxFilterAlgo: SceneBufferAmbientLux input error,end=30,start=-56,bufferSize=59
01-17 01:13:27.035  1881  2360 I HwBatteryService: power_ui state= 1 mQuickChargeStatus=1
01-17 01:13:27.035  1881  2360 I HwBatteryService: handleWirelessTxStatus
01-17 01:13:27.035  1881  2360 I HwBatteryService: switch not open, return, mWirelessTxFlag : 0
01-17 01:13:27.035  1881  2360 W HwBatteryService: need return. Invalid value: 0
01-17 01:13:27.035  1881  2360 D HwBatteryService: setHwChargeTimeRemaining, time = -1 String time: 0
01-17 01:13:27.036  1881  2360 I HwBatteryService: IS_WATCH : false
01-17 01:13:27.112  1881  2401 I BatteryService: update battery new values: chargerAcOnline=false, chargerUsbOnline=true, chargerWirelessOnline=false, batteryStatus=2, batteryHealth=2, batteryPresent=true, batteryLevel=68, batteryTechnology=Li-poly, batteryVoltage=4184, batteryTemperature=310,isUpdatesStopped=false
01-17 01:13:27.112  1881  2401 I BatteryService: Processing new values: info={.chargerAcOnline = false, .chargerUsbOnline = true, .chargerWirelessOnline = false, .maxChargingCurrent = 2000000, .maxChargingVoltage = 4624000, .batteryStatus = CHARGING, .batteryHealth = GOOD, .batteryPresent = true, .batteryLevel = 68, .batteryVoltage = 4184, .batteryTemperature = 310, .batteryCurrent = 1146, .batteryCycleCount = 8, .batteryFullCharge = 3627, .batteryChargeCounter = 705000, .batteryTechnology = Li-poly}, mBatteryLevelCritical=false, mPlugType=2, batteryStatus=2
01-17 01:13:27.113  1881  2401 E BatteryService: no autopoweroff in settings
01-17 01:13:27.133  1881 17120 D HwGameAssistantController: isGameForeground? false
01-17 01:13:27.138  1881  2074 I PowerManagerService: getPowerHidlValue scene: charger_type
01-17 01:13:27.143  1881  1881 D DefProcServicePropDataManager: batter info change, level:68, status:2, plugIn:2
01-17 01:13:27.144  1881  1881 W CameraService_proxy: mEventsMonitorListner is null
01-17 01:13:27.144  1881  2074 I PowerManagerService: nativeRtGetPowerHidlValue: 9
01-17 01:13:27.145  1881  1881 I UiModeManager: updateConfigurationLocked: mDockState=0; mCarMode=false; mNightMode=1; uiMode=17; config.uiMode=17
01-17 01:13:27.152  1881  1881 I JobScheduler: queuing all ready jobs for execution size:0,time:1768583607147
01-17 01:13:27.155  1881  1881 I ActivityManager: startProcess: name=com.huawei.hwid.container1 app=null knownToBeDead=true thread=null pid=-1 preloadStatus=-1
01-17 01:13:27.157  1881  1881 I ActivityManager: com.huawei.hwid is exempt from freezer
01-17 01:13:27.157  1881  1881 D CompatibilityChangeReporter: Compat change id reported: 135634846; UID 10066; state: DISABLED
01-17 01:13:27.158  1881  1881 D CompatibilityChangeReporter: Compat change id reported: 177438394; UID 10066; state: DISABLED
01-17 01:13:27.158  1881  1881 D CompatibilityChangeReporter: Compat change id reported: 135772972; UID 10066; state: DISABLED
01-17 01:13:27.158  1881  1881 D CompatibilityChangeReporter: Compat change id reported: 135754954; UID 10066; state: ENABLED
01-17 01:13:27.158  1881  1881 I ActivityManager: Posting procStart msg for 0:com.huawei.hwid.container1/u0a66
01-17 01:13:27.159  1881  2206 I ActivityManager: startProcess: asking zygote to start proc ProcessRecord{9794e32 0:com.huawei.hwid.container1/u0a66}
01-17 01:13:27.159  1881  1881 I ActivityManager: power push bindservice callingPkg:android, pkg:com.huawei.hwid, callerApp pid:1881, pid:0
01-17 01:13:27.159  1881  2206 D CompatibilityChangeReporter: Compat change id reported: 143937733; UID 10066; state: ENABLED
01-17 01:13:27.159  1881  2206 W ActivityManager: Unknown package:com.google.android.gms
01-17 01:13:27.159  1881  2206 W ActivityManager: Unknown package:com.huawei.hwid.tv
01-17 01:13:27.159  1881  2206 W ActivityManager: Unknown package:com.huawei.hms
01-17 01:13:27.181  1881  2206 I ActivityManager: Start proc 9083:com.huawei.hwid.container1/u0a66 for service {com.huawei.hwid/com.huawei.hms.runtimekit.stub.HMSKitC1NEStubJobService6}
01-17 01:13:27.197  9083  9083 I AndroidRuntime: RuntimeInit: Starting application from zygote
01-17 01:13:27.197  9083  9083 D AndroidRuntime: Entered RuntimeInit!
01-17 01:13:27.201  9083  9083 I AndroidRuntime: MethodAndArgsCaller run()
01-17 01:13:27.207  9083  9083 D ActivityThread: Attach thread to application
01-17 01:13:27.218  9083  9099 I ActivityThread: Init compatible state: false
01-17 01:13:27.222  9083  9083 I LoadedApk: createSharedLibrariesLoaders::sharedLibraries is [SharedLibraryInfo{name:hccm, type:builtin, version:-1}, SharedLibraryInfo{name:org.apache.http.legacy, type:builtin, version:-1}]
01-17 01:13:27.222  9083  9083 I LoadedApk: createSharedLibrariesLoaders::sharedLibraries is null
01-17 01:13:27.226  9083  9083 I LoadedApk: createSharedLibrariesLoaders::sharedLibraries is null
01-17 01:13:27.237  1881  2219 I HwAmbientLuxFilterAlgo: SceneBufferAmbientLux input error,end=30,start=-57,bufferSize=59
01-17 01:13:27.334  9083  9108 I PackageParsing: com.huawei.hms.commonkit, target sdk: 31
01-17 01:13:27.338  9083  9108 I PackageImpl: toAppInfoWithoutStateWithoutFlags storageUuid is null for com.huawei.hms.commonkit
01-17 01:13:27.338  9083  9108 I PackageParsing: com.huawei.hms.commonkit: compat added android.permission.POST_NOTIFICATIONS
01-17 01:13:27.340  1881  2074 I ContentProviderHelper: publishContentProviders app: ProcessRecord{9794e32 9083:com.huawei.hwid.container1/u0a66}, providers.size: 3
01-17 01:13:27.345  9083  9083 I ActivityThread: finishPreloaded preloadStatus 0
01-17 01:13:27.347  1881  2074 I HwActivityManagerServiceEx: provider is prevented for not-prevent
01-17 01:13:27.349  1881  2074 I ContentProviderHelper: Successfully start provider ContentProviderRecord{8778c23 u0 com.huawei.hwid/com.huawei.hms.fwkit.provider.HMSFrameworkProvider} launchingApp=null caller pid= 9083
01-17 01:13:27.350  1881  2203 D ActivityManager: setPrivilegeType serviceRecord: ServiceRecord{ba7292c u0 com.huawei.hwid/com.huawei.hms.runtimekit.stub.HMSKitC1NEStubJobService6}, interfaceDescriptor: android.app.job.IJobService, shouldSetPrivType: false
01-17 01:13:27.386  1881 23015 I HwActivityManagerServiceEx: provider is prevented for not-prevent
01-17 01:13:27.389  1881 23015 I ContentProviderHelper: Successfully start provider ContentProviderRecord{fb178aa u0 com.huawei.hwid/com.huawei.hms.commonkit.config.CommonKitProvider} launchingApp=null caller pid= 9083
01-17 01:13:27.432  9083  9112 I PackageParsing: com.huawei.hms.commonkit, target sdk: 31
01-17 01:13:27.436  9083  9112 I PackageImpl: toAppInfoWithoutStateWithoutFlags storageUuid is null for com.huawei.hms.commonkit
01-17 01:13:27.437  9083  9112 I PackageParsing: com.huawei.hms.commonkit: compat added android.permission.POST_NOTIFICATIONS
01-17 01:13:27.539  1881  2074 I HwActivityManagerServiceEx: provider is prevented for not-prevent
01-17 01:13:27.539  1881  2074 I ContentProviderHelper: Successfully start provider ContentProviderRecord{2a0fd10 u0 com.android.providers.settings/.hwext.HwSettingsProvider} launchingApp=null caller pid= 9083
01-17 01:13:27.556  1881  2074 I HwActivityManagerServiceEx: provider is prevented for not-prevent
01-17 01:13:27.557  1881  2074 I ContentProviderHelper: Successfully start provider ContentProviderRecord{2a0fd10 u0 com.android.providers.settings/.hwext.HwSettingsProvider} launchingApp=null caller pid= 9083
01-17 01:13:27.586  1881  2219 I HwAmbientLuxFilterAlgo: SceneBufferAmbientLux input error,end=30,start=-58,bufferSize=59
01-17 01:13:27.603  1881  2074 I HwActivityManagerServiceEx: provider is prevented for not-prevent
01-17 01:13:27.605  1881  2074 I ContentProviderHelper: Successfully start provider ContentProviderRecord{f64df6a u0 com.huawei.hwid/com.huawei.hms.fwkit.kams.provideragent.StubContentProvider} launchingApp=null caller pid= 9083
01-17 01:13:27.607  1881  2074 I HwActivityManagerServiceEx: provider is prevented for not-prevent
01-17 01:13:27.609  1881  2074 I ContentProviderHelper: Successfully start provider ContentProviderRecord{52969bc u0 com.huawei.hwid/com.huawei.hms.runtimekit.kitcontainerservice.KitProcessAgent3Provider} launchingApp=ProcessRecord{ab9f1af 16574:com.huawei.hwid.container3/u0a66} caller pid= 20358
01-17 01:13:27.620  1881 17120 I HwActivityManagerServiceEx: provider is prevented for not-prevent
01-17 01:13:27.622  1881 17120 I ContentProviderHelper: Successfully start provider ContentProviderRecord{f64df6a u0 com.huawei.hwid/com.huawei.hms.fwkit.kams.provideragent.StubContentProvider} launchingApp=null caller pid= 16574
01-17 01:13:27.714  1881 17120 I HwActivityManagerServiceEx: provider is prevented for not-prevent
01-17 01:13:27.715  1881 17120 I ContentProviderHelper: Successfully start provider ContentProviderRecord{bd5b819 u0 com.huawei.hwid/com.huawei.hms.runtimekit.kitcontainerservice.KitProcessAgent1Provider} launchingApp=null caller pid= 20358
01-17 01:13:27.716  1881  2185 I AlarmManager: set(listener: 2062fd) : type=3 triggerAtTime=83570785 win=495000 tElapsed=83570785 maxElapsed=84065785 interval=0 flags=0x8 at=+660000ms uid=1000 count=45 callingClass=com.android.server.utils.quota.QuotaTracker.lambda$scheduleAlarm$0$QuotaTracker:319 
01-17 01:13:27.718  1881 17120 I AlarmManager: set(listener: b1510e3) : type=3 triggerAtTime=83303704 win=294689 tElapsed=83303704 maxElapsed=83598393 interval=0 flags=0x0 at=+392919ms uid=1000 count=46 callingClass=com.android.server.job.controllers.TimeController.updateAlarmWithListenerLocked:543 
01-17 01:13:27.718  1881 17120 I AlarmManager: remove Alarm{46d30de type 3 origWhen 82808865 whenElapsed 82808865 listener b1510e3 android android procName system} according to listener: b1510e3 by reason: 6
01-17 01:13:27.719  1881 17120 I JobScheduler.Time: realNextDelayExpiredElapsedMillis: 83303704 mNextDelayExpiredElapsedMillis:83303704
01-17 01:13:27.719  1881 17120 I AlarmManager: set(listener: e4ab3aa) : type=2 triggerAtTime=83108865 win=148557 tElapsed=83108865 maxElapsed=83257422 interval=0 flags=0x0 at=+198077ms uid=1000 count=46 callingClass=com.android.server.job.controllers.TimeController.updateAlarmWithListenerLocked:543 
01-17 01:13:27.720  1881 17120 I AlarmManager: remove Alarm{115a2bf type 2 origWhen 82820630 whenElapsed 82820630 listener e4ab3aa android android procName system} according to listener: e4ab3aa by reason: 6
01-17 01:13:27.721  1881 17120 I JobScheduler.Time: realNextJobExpiredElapsedMillis: 83108865mNextJobExpiredElapsedMillis83108865
01-17 01:13:27.730  1881  1881 I JobScheduler: Maybe queuing ready jobs size:6,time:1768583607726
01-17 01:13:27.736  1881  1881 I ActivityManager: power push bindservice callingPkg:android, pkg:com.huawei.hwid, callerApp pid:1881, pid:9083
01-17 01:13:27.746  1881  1881 I ActivityManager: power push bindservice callingPkg:android, pkg:com.huawei.hwid, callerApp pid:1881, pid:9083
01-17 01:13:27.749  1881  1881 I ActivityManager: power push bindservice callingPkg:android, pkg:com.huawei.hwid, callerApp pid:1881, pid:16574
01-17 01:13:27.751  1881  1881 I ActivityManager: power push bindservice callingPkg:android, pkg:com.huawei.hwid, callerApp pid:1881, pid:20358
01-17 01:13:27.752  1881  1881 W ActivityManager: Service starting has been prevented by iaware or trustsbase sInfo ServiceInfo{7c2b9af com.tencent.mobileqq.msf.service.MSFAliveJobService}
01-17 01:13:27.753  1881  2213 E BatteryStatsImpl: Unable to find object for com.tencent.mobileqq/.msf.service.MSFAliveJobService in uid 10152 mapsize=0 activeoverflow=null curoverflow=null
01-17 01:13:27.753  1881  2203 D ActivityManager: setPrivilegeType serviceRecord: ServiceRecord{e358d8e u0 com.huawei.hwid/com.huawei.hms.runtimekit.stub.HMSKitCoreNEStubJobService12}, interfaceDescriptor: android.app.job.IJobService, shouldSetPrivType: false
01-17 01:13:27.754  1881  2205 I HwDFRServicesFactory: getZrHungServicesFactory
01-17 01:13:27.754  1881  2205 I ZrHungServicesFactoryImpl: getZRHungService
01-17 01:13:27.756  1881  2203 D ActivityManager: setPrivilegeType serviceRecord: ServiceRecord{514b18d u0 com.huawei.hwid/com.huawei.hms.runtimekit.stub.HMSKitC3NEStubJobService3}, interfaceDescriptor: android.app.job.IJobService, shouldSetPrivType: false
01-17 01:13:27.759  1881  2205 I DropBoxManagerService: add tag=system_server_wtf isTagEnabled=true flags=0x2
01-17 01:13:27.761  1881  1881 W ActivityManager: Unbind failed: could not find connection for android.app.LoadedApk$ServiceDispatcher$InnerConnection@4bd36f9
01-17 01:13:27.762  1881  1881 W ActivityManager: Service starting has been prevented by iaware or trustsbase sInfo ServiceInfo{d1149b5 com.tencent.mobileqq.msf.service.MSFAliveJobService}
01-17 01:13:27.762  1881  1881 W ActivityManager: Unbind failed: could not find connection for android.app.LoadedApk$ServiceDispatcher$InnerConnection@bcfb84a
01-17 01:13:27.762  1881  1881 E JobScheduler.Concurrency: Running job didn't have an active PackageStats object
01-17 01:13:27.762  1881  2213 E BatteryStatsImpl: Unable to find object for com.tencent.mobileqq/.msf.service.MSFAliveJobService in uid 10152 mapsize=0 activeoverflow=null curoverflow=null
01-17 01:13:27.762  1881  2205 I ActivityManager: before write dropbox time 1768583607758 eventType is wtf dataFile is false
01-17 01:13:27.763  1881  1881 W ActivityManager: Service starting has been prevented by iaware or trustsbase sInfo ServiceInfo{859cc31 com.tencent.mobileqq.msf.service.MSFAliveJobService}
01-17 01:13:27.763  1881  2205 I HwDFRServicesFactory: getZrHungServicesFactory
01-17 01:13:27.763  1881  1881 W ActivityManager: Unbind failed: could not find connection for android.app.LoadedApk$ServiceDispatcher$InnerConnection@9590f16
01-17 01:13:27.763  1881  2205 I ZrHungServicesFactoryImpl: getZRHungService
01-17 01:13:27.763  1881  1881 E JobScheduler.Concurrency: Running job didn't have an active PackageStats object
01-17 01:13:27.764  1881  2213 E BatteryStatsImpl: Unable to find object for com.tencent.mobileqq/.msf.service.MSFAliveJobService in uid 10152 mapsize=0 activeoverflow=null curoverflow=null
01-17 01:13:27.764  1881  1881 W ActivityManager: Service starting has been prevented by iaware or trustsbase sInfo ServiceInfo{24f06a2 com.tencent.mobileqq.msf.service.MSFAliveJobService}
01-17 01:13:27.764  1881  1881 W ActivityManager: Unbind failed: could not find connection for android.app.LoadedApk$ServiceDispatcher$InnerConnection@6c742f0
01-17 01:13:27.764  1881  1881 E JobScheduler.Concurrency: Running job didn't have an active PackageStats object
01-17 01:13:27.764  1881  2213 E BatteryStatsImpl: Unable to find object for com.tencent.mobileqq/.msf.service.MSFAliveJobService in uid 10152 mapsize=0 activeoverflow=null curoverflow=null
01-17 01:13:27.765  1881  1881 W ActivityManager: Service starting has been prevented by iaware or trustsbase sInfo ServiceInfo{5759e1c com.tencent.mobileqq.msf.service.MSFAliveJobService}
01-17 01:13:27.765  1881  1881 W ActivityManager: Unbind failed: could not find connection for android.app.LoadedApk$ServiceDispatcher$InnerConnection@7eec7fa
01-17 01:13:27.765  1881  1881 E JobScheduler.Concurrency: # running jobs for 8 went negative.
01-17 01:13:27.765  1881  1881 E JobScheduler.Concurrency: Running job didn't have an active PackageStats object
01-17 01:13:27.765  1881  2213 E BatteryStatsImpl: Unable to find object for com.tencent.mobileqq/.msf.service.MSFAliveJobService in uid 10152 mapsize=0 activeoverflow=null curoverflow=null
01-17 01:13:27.765  1881  1881 E JobScheduler.Concurrency: Error executing JobStatus{d214cb4 #u0a152/1 com.tencent.mobileqq/.msf.service.MSFAliveJobService u=0 s=10152 TIME=-53s355ms:+14m6s645ms PERIODIC PERSISTED READY}
01-17 01:13:27.765  1881  1881 E JobScheduler.Concurrency: Error executing JobStatus{d214cb4 #u0a152/1 com.tencent.mobileqq/.msf.service.MSFAliveJobService u=0 s=10152 TIME=-53s355ms:+14m6s645ms PERIODIC PERSISTED READY}
01-17 01:13:27.765  1881  1881 E JobScheduler.Concurrency: Error executing JobStatus{d214cb4 #u0a152/1 com.tencent.mobileqq/.msf.service.MSFAliveJobService u=0 s=10152 TIME=-53s355ms:+14m6s645ms PERIODIC PERSISTED READY}
01-17 01:13:27.765  1881  1881 E JobScheduler.Concurrency: Error executing JobStatus{d214cb4 #u0a152/1 com.tencent.mobileqq/.msf.service.MSFAliveJobService u=0 s=10152 TIME=-53s355ms:+14m6s645ms PERIODIC PERSISTED READY}
01-17 01:13:27.765  1881  1881 E JobScheduler.Concurrency: Error executing JobStatus{d214cb4 #u0a152/1 com.tencent.mobileqq/.msf.service.MSFAliveJobService u=0 s=10152 TIME=-53s355ms:+14m6s645ms PERIODIC PERSISTED READY}
01-17 01:13:27.766  1881  1881 I ActivityManager: startProcess: name=com.huawei.android.ds app=null knownToBeDead=true thread=null pid=-1 preloadStatus=-1
01-17 01:13:27.766  1881  1881 I ActivityManager: com.huawei.hidisk is exempt from freezer
01-17 01:13:27.766  1881  1881 D CompatibilityChangeReporter: Compat change id reported: 135634846; UID 5513; state: DISABLED
01-17 01:13:27.766  1881  1881 D CompatibilityChangeReporter: Compat change id reported: 177438394; UID 5513; state: DISABLED
01-17 01:13:27.766  1881  1881 D CompatibilityChangeReporter: Compat change id reported: 135772972; UID 5513; state: DISABLED
01-17 01:13:27.766  1881  1881 D CompatibilityChangeReporter: Compat change id reported: 135754954; UID 5513; state: ENABLED
01-17 01:13:27.766  1881  1881 I ActivityManager: Posting procStart msg for 0:com.huawei.android.ds/5513
01-17 01:13:27.766  1881  1881 I ActivityManager: power push bindservice callingPkg:android, pkg:com.huawei.hidisk, callerApp pid:1881, pid:0
01-17 01:13:27.767  1881  2206 I ActivityManager: startProcess: asking zygote to start proc ProcessRecord{4567b23 0:com.huawei.android.ds/5513}
01-17 01:13:27.767  1881  2206 W ActivityManager: Unknown package:com.google.android.gms
01-17 01:13:27.767  1881  2206 W ActivityManager: Unknown package:com.huawei.hwid.tv
01-17 01:13:27.767  1881  2206 W ActivityManager: Unknown package:com.huawei.hms
01-17 01:13:27.767  1881  2205 I DropBoxManagerService: add tag=system_server_wtf isTagEnabled=true flags=0x2
01-17 01:13:27.770  1881  1881 I JobScheduler: Maybe queuing ready jobs size:0,time:1768583607769
01-17 01:13:27.772  1881  2205 I ActivityManager: before write dropbox time 1768583607767 eventType is wtf dataFile is false
01-17 01:13:27.773  1881  2205 I HwDFRServicesFactory: getZrHungServicesFactory
01-17 01:13:27.773  1881  2205 I ZrHungServicesFactoryImpl: getZRHungService
01-17 01:13:27.777  1881  2205 I DropBoxManagerService: add tag=system_server_wtf isTagEnabled=true flags=0x2
01-17 01:13:27.780  1881  2205 I ActivityManager: before write dropbox time 1768583607777 eventType is wtf dataFile is false
01-17 01:13:27.781  1881  2203 D ActivityManager: setPrivilegeType serviceRecord: ServiceRecord{70babdb u0 com.huawei.hwid/com.huawei.hms.runtimekit.stub.HMSKitC1NEStubJobService1}, interfaceDescriptor: android.app.job.IJobService, shouldSetPrivType: false
01-17 01:13:27.783  1881  2074 D ActivityManager: FG service done, package=com.huawei.hwid, pid=9083
01-17 01:13:27.786  1881  2206 I ActivityManager: Start proc 9176:com.huawei.android.ds/5513 for service {com.huawei.hidisk/com.huawei.android.hicloud.cloudbackup.jobscheduler.CloudBackupJobService}
01-17 01:13:27.787  1881  2203 D ActivityManager: setPrivilegeType serviceRecord: ServiceRecord{e687db6 u0 com.huawei.hwid/com.huawei.hms.runtimekit.stub.HMSKitC1NEStubJobService8}, interfaceDescriptor: android.app.job.IJobService, shouldSetPrivType: false
01-17 01:13:27.788  1881  2074 V ActivityManager: Bringing down ServiceRecord{e358d8e u0 com.huawei.hwid/com.huawei.hms.runtimekit.stub.HMSKitCoreNEStubJobService12} android.content.Intent$FilterComparison@89ec8a13
01-17 01:13:27.788  1881  2074 V ActivityManager: java.lang.RuntimeException
01-17 01:13:27.788  1881  2074 V ActivityManager: 	at com.android.server.am.ActiveServices.bringDownServiceLocked(ActiveServices.java:4740)
01-17 01:13:27.788  1881  2074 V ActivityManager: 	at com.android.server.am.ActiveServices.bringDownServiceIfNeededLocked(ActiveServices.java:4625)
01-17 01:13:27.788  1881  2074 V ActivityManager: 	at com.android.server.am.ActiveServices.removeConnectionLocked(ActiveServices.java:5019)
01-17 01:13:27.788  1881  2074 V ActivityManager: 	at com.android.server.am.ActiveServices.unbindServiceLocked(ActiveServices.java:3384)
01-17 01:13:27.788  1881  2074 V ActivityManager: 	at com.android.server.am.ActivityManagerService.unbindService(ActivityManagerService.java:13768)
01-17 01:13:27.788  1881  2074 V ActivityManager: 	at android.app.ContextImpl.unbindService(ContextImpl.java:2168)
01-17 01:13:27.788  1881  2074 V ActivityManager: 	at com.android.server.job.JobServiceContext.closeAndCleanupJobLocked(JobServiceContext.java:1091)
01-17 01:13:27.788  1881  2074 V ActivityManager: 	at com.android.server.job.JobServiceContext.handleFinishedLocked(JobServiceContext.java:878)
01-17 01:13:27.788  1881  2074 V ActivityManager: 	at com.android.server.job.JobServiceContext.doCallbackLocked(JobServiceContext.java:752)
01-17 01:13:27.788  1881  2074 V ActivityManager: 	at com.android.server.job.JobServiceContext.doJobFinished(JobServiceContext.java:495)
01-17 01:13:27.788  1881  2074 V ActivityManager: 	at com.android.server.job.JobServiceContext$JobCallback.jobFinished(JobServiceContext.java:209)
01-17 01:13:27.788  1881  2074 V ActivityManager: 	at android.app.job.IJobCallback$Stub.onTransact(IJobCallback.java:201)
01-17 01:13:27.788  1881  2074 V ActivityManager: 	at android.os.Binder.execTransactInternal(Binder.java:1197)
01-17 01:13:27.788  1881  2074 V ActivityManager: 	at android.os.Binder.execTransact(Binder.java:1156)
01-17 01:13:27.788  1881  2205 I HwDFRServicesFactory: getZrHungServicesFactory
01-17 01:13:27.789  1881  2205 I ZrHungServicesFactoryImpl: getZRHungService
01-17 01:13:27.791  1881  2074 I AlarmManager: set(listener: e4ab3aa) : type=2 triggerAtTime=84657479 win=1309964 tElapsed=84657479 maxElapsed=85967443 interval=0 flags=0x0 at=+1746619ms uid=1000 count=46 callingClass=com.android.server.job.controllers.TimeController.updateAlarmWithListenerLocked:543 
01-17 01:13:27.792  1881  2074 I AlarmManager: remove Alarm{39bbf0a type 2 origWhen 83108865 whenElapsed 83108865 listener e4ab3aa android android procName system} according to listener: e4ab3aa by reason: 6
01-17 01:13:27.792  1881  2205 I DropBoxManagerService: add tag=system_server_wtf isTagEnabled=true flags=0x2
01-17 01:13:27.792  1881  2074 I JobScheduler.Time: realNextJobExpiredElapsedMillis: 84657479mNextJobExpiredElapsedMillis84657479
01-17 01:13:27.797  1881  2205 I ActivityManager: before write dropbox time 1768583607792 eventType is wtf dataFile is false
01-17 01:13:27.798  1881  2205 I HwDFRServicesFactory: getZrHungServicesFactory
01-17 01:13:27.798  1881  2205 I ZrHungServicesFactoryImpl: getZRHungService
01-17 01:13:27.800  1881  2205 I DropBoxManagerService: add tag=system_server_wtf isTagEnabled=true flags=0x2
01-17 01:13:27.802  9176  9176 I AndroidRuntime: RuntimeInit: Starting application from zygote
01-17 01:13:27.802  9176  9176 D AndroidRuntime: Entered RuntimeInit!
01-17 01:13:27.802  1881  2205 I ActivityManager: before write dropbox time 1768583607800 eventType is wtf dataFile is false
01-17 01:13:27.806  9176  9176 I AndroidRuntime: MethodAndArgsCaller run()
01-17 01:13:27.810  9176  9176 D ActivityThread: Attach thread to application
01-17 01:13:27.817  1881 23015 V ActivityManager: Bringing down ServiceRecord{70babdb u0 com.huawei.hwid/com.huawei.hms.runtimekit.stub.HMSKitC1NEStubJobService1} android.content.Intent$FilterComparison@e0ebb398
01-17 01:13:27.817  1881 23015 V ActivityManager: java.lang.RuntimeException
01-17 01:13:27.817  1881 23015 V ActivityManager: 	at com.android.server.am.ActiveServices.bringDownServiceLocked(ActiveServices.java:4740)
01-17 01:13:27.817  1881 23015 V ActivityManager: 	at com.android.server.am.ActiveServices.bringDownServiceIfNeededLocked(ActiveServices.java:4625)
01-17 01:13:27.817  1881 23015 V ActivityManager: 	at com.android.server.am.ActiveServices.removeConnectionLocked(ActiveServices.java:5019)
01-17 01:13:27.817  1881 23015 V ActivityManager: 	at com.android.server.am.ActiveServices.unbindServiceLocked(ActiveServices.java:3384)
01-17 01:13:27.817  1881 23015 V ActivityManager: 	at com.android.server.am.ActivityManagerService.unbindService(ActivityManagerService.java:13768)
01-17 01:13:27.817  1881 23015 V ActivityManager: 	at android.app.ContextImpl.unbindService(ContextImpl.java:2168)
01-17 01:13:27.817  1881 23015 V ActivityManager: 	at com.android.server.job.JobServiceContext.closeAndCleanupJobLocked(JobServiceContext.java:1091)
01-17 01:13:27.817  1881 23015 V ActivityManager: 	at com.android.server.job.JobServiceContext.handleFinishedLocked(JobServiceContext.java:878)
01-17 01:13:27.817  1881 23015 V ActivityManager: 	at com.android.server.job.JobServiceContext.doCallbackLocked(JobServiceContext.java:752)
01-17 01:13:27.817  1881 23015 V ActivityManager: 	at com.android.server.job.JobServiceContext.doCallback(JobServiceContext.java:728)
01-17 01:13:27.817  1881 23015 V ActivityManager: 	at com.android.server.job.JobServiceContext.doAcknowledgeStopMessage(JobServiceContext.java:503)
01-17 01:13:27.817  1881 23015 V ActivityManager: 	at com.android.server.job.JobServiceContext$JobCallback.acknowledgeStopMessage(JobServiceContext.java:194)
01-17 01:13:27.817  1881 23015 V ActivityManager: 	at android.app.job.IJobCallback$Stub.onTransact(IJobCallback.java:162)
01-17 01:13:27.817  1881 23015 V ActivityManager: 	at android.os.Binder.execTransactInternal(Binder.java:1192)
01-17 01:13:27.817  1881 23015 V ActivityManager: 	at android.os.Binder.execTransact(Binder.java:1156)
